INFO main com.framework.config.PropertiesRepository - Loading property file : testdata.properties
INFO main com.framework.config.PropertiesRepository - Loading property file : global.properties
INFO main com.framework.config.PropertiesRepository - Loading property file : log4j.properties
INFO main com.framework.config.PropertiesRepository - Loading property file : log4j-h.properties
INFO main com.framework.handlers.WindowHandler - Switching to window : Search ~ Salesforce - Unlimited Edition
INFO main com.framework.handlers.WindowHandler - Switching to main window
ERROR main com.framework.handlers.ElementHandler - Unable to get the text from element: Proxy element for: DefaultElementLocator 'By.xpath: //div[@id='Contact_body']/table/tbody/tr[2]/th/a'
 no such element: Unable to locate element: {"method":"xpath","selector":"//div[@id='Contact_body']/table/tbody/tr[2]/th/a"}
  (Session info: chrome=74.0.3729.169)
  (Driver info: chromedriver=72.0.3626.69 (3c16f8a135abc0d4da2dff33804db79b849a7c38),platform=Windows NT 10.0.15063 x86_64) (WARNING: The server did not provide any stacktrace information)
Command duration or timeout: 0 milliseconds
For documentation on this error, please visit: https://www.seleniumhq.org/exceptions/no_such_element.html
Build info: version: '3.141.59', revision: 'e82be7d358', time: '2018-11-14T08:17:03'
System info: host: 'TP3VDIW10DEV205', ip: '10.25.6.248', os.name: 'Windows 10', os.arch: 'amd64', os.version: '10.0', java.version: '1.8.0_201'
Driver info: org.openqa.selenium.chrome.ChromeDriver
Capabilities {acceptInsecureCerts: false, acceptSslCerts: false, applicationCacheEnabled: false, browserConnectionEnabled: false, browserName: chrome, chrome: {chromedriverVersion: 72.0.3626.69 (3c16f8a135abc..., userDataDir: C:\Users\UX014784\AppData\L...}, cssSelectorsEnabled: true, databaseEnabled: false, goog:chromeOptions: {debuggerAddress: localhost:57214}, handlesAlerts: true, hasTouchScreen: false, javascriptEnabled: true, locationContextEnabled: true, mobileEmulationEnabled: false, nativeEvents: true, networkConnectionEnabled: false, pageLoadStrategy: normal, platform: XP, platformName: XP, proxy: Proxy(), rotatable: false, setWindowRect: true, takesHeapSnapshot: true, takesScreenshot: true, timeouts: {implicit: 0, pageLoad: 300000, script: 30000}, unexpectedAlertBehaviour: ignore, unhandledPromptBehavior: ignore, version: 74.0.3729.169, webStorageEnabled: true}
Session ID: 2df85981cc8e2a6467998cd27264ef01
*** Element info: {Using=xpath, value=//div[@id='Contact_body']/table/tbody/tr[2]/th/a}
INFO main com.framework.config.PropertiesRepository - List of files to load : global-override.properties,testdata.properties
INFO main com.framework.config.PropertiesRepository - Loading property file : global-override.properties
INFO main com.framework.config.PropertiesRepository - Loading property file : testdata.properties
INFO main com.framework.config.PropertiesRepository - Loading property file : global.properties
INFO main com.framework.config.PropertiesRepository - Loading property file : log4j.properties
INFO main com.framework.config.PropertiesRepository - Loading property file : log4j-h.properties
INFO main com.framework.config.PropertiesRepository - List of files to load : global-override.properties,testdata.properties
INFO main com.framework.config.PropertiesRepository - Loading property file : global-override.properties
INFO main com.framework.config.PropertiesRepository - Loading property file : testdata.properties
INFO main com.framework.config.PropertiesRepository - Loading property file : global.properties
INFO main com.framework.config.PropertiesRepository - Loading property file : log4j.properties
INFO main com.framework.config.PropertiesRepository - Loading property file : log4j-h.properties
INFO main com.framework.config.PropertiesRepository - List of files to load : global-override.properties,testdata.properties
INFO main com.framework.config.PropertiesRepository - Loading property file : global-override.properties
INFO main com.framework.config.PropertiesRepository - Loading property file : testdata.properties
INFO main com.framework.config.PropertiesRepository - Loading property file : global.properties
INFO main com.framework.config.PropertiesRepository - Loading property file : log4j.properties
INFO main com.framework.config.PropertiesRepository - Loading property file : log4j-h.properties
INFO main com.framework.config.PropertiesRepository - List of files to load : global-override.properties,testdata.properties
INFO main com.framework.config.PropertiesRepository - Loading property file : global-override.properties
INFO main com.framework.config.PropertiesRepository - Loading property file : testdata.properties
INFO main com.framework.config.PropertiesRepository - Loading property file : global.properties
INFO main com.framework.config.PropertiesRepository - Loading property file : log4j.properties
INFO main com.framework.config.PropertiesRepository - Loading property file : log4j-h.properties
INFO main com.framework.config.PropertiesRepository - List of files to load : global-override.properties,testdata.properties
INFO main com.framework.config.PropertiesRepository - Loading property file : global-override.properties
INFO main com.framework.config.PropertiesRepository - Loading property file : testdata.properties
INFO main com.framework.config.PropertiesRepository - Loading property file : global.properties
INFO main com.framework.config.PropertiesRepository - Loading property file : log4j.properties
INFO main com.framework.config.PropertiesRepository - Loading property file : log4j-h.properties
ERROR main com.framework.handlers.ElementHandler - Unable to click on the element: Proxy element for: DefaultElementLocator 'By.xpath: //a[@title='Accounts Tab']'
 Expected condition failed: waiting for element to be clickable: Proxy element for: DefaultElementLocator 'By.xpath: //a[@title='Accounts Tab']' (tried for 15 second(s) with 500 milliseconds interval)
ERROR main com.framework.handlers.ElementHandler - Unable to click on the element: [[ChromeDriver: chrome on XP (bc467d660943daaf28c8121c30e44631)] -> xpath: //a[@title='Opportunities Tab']]
 Expected condition failed: waiting for element to be clickable: [[ChromeDriver: chrome on XP (bc467d660943daaf28c8121c30e44631)] -> xpath: //a[@title='Opportunities Tab']] (tried for 15 second(s) with 500 milliseconds interval)
INFO main com.framework.config.PropertiesRepository - List of files to load : global-override.properties,testdata.properties
INFO main com.framework.config.PropertiesRepository - Loading property file : global-override.properties
INFO main com.framework.config.PropertiesRepository - Loading property file : testdata.properties
INFO main com.framework.config.PropertiesRepository - Loading property file : global.properties
INFO main com.framework.config.PropertiesRepository - Loading property file : log4j.properties
INFO main com.framework.config.PropertiesRepository - Loading property file : log4j-h.properties
ERROR main com.framework.handlers.ElementHandler - Element Proxy element for: DefaultElementLocator 'By.xpath: //div[@id='Account_body']//table//tbody//tr[2]//th//a' is not visible 
 Expected condition failed: waiting for visibility of Proxy element for: DefaultElementLocator 'By.xpath: //div[@id='Account_body']//table//tbody//tr[2]//th//a' (tried for 15 second(s) with 500 milliseconds interval)
INFO main com.framework.config.PropertiesRepository - List of files to load : global-override.properties,testdata.properties
INFO main com.framework.config.PropertiesRepository - Loading property file : global-override.properties
INFO main com.framework.config.PropertiesRepository - Loading property file : testdata.properties
INFO main com.framework.config.PropertiesRepository - Loading property file : global.properties
INFO main com.framework.config.PropertiesRepository - Loading property file : log4j.properties
INFO main com.framework.config.PropertiesRepository - Loading property file : log4j-h.properties
INFO main com.framework.config.PropertiesRepository - List of files to load : global-override.properties,testdata.properties
INFO main com.framework.config.PropertiesRepository - Loading property file : global-override.properties
INFO main com.framework.config.PropertiesRepository - Loading property file : testdata.properties
INFO main com.framework.config.PropertiesRepository - Loading property file : global.properties
INFO main com.framework.config.PropertiesRepository - Loading property file : log4j.properties
INFO main com.framework.config.PropertiesRepository - Loading property file : log4j-h.properties
ERROR main com.framework.handlers.ElementHandler - Unable to click on the element: [[ChromeDriver: chrome on XP (b7131af82d0b5c6b47bd1c0c88273592)] -> xpath: //span[@class='listTitle'][contains(text(),'Products (Standard Price Book)')]]
 Expected condition failed: waiting for element to be clickable: [[ChromeDriver: chrome on XP (b7131af82d0b5c6b47bd1c0c88273592)] -> xpath: //span[@class='listTitle'][contains(text(),'Products (Standard Price Book)')]] (tried for 15 second(s) with 500 milliseconds interval)
INFO main com.framework.config.PropertiesRepository - List of files to load : global-override.properties,testdata.properties
INFO main com.framework.config.PropertiesRepository - Loading property file : global-override.properties
INFO main com.framework.config.PropertiesRepository - Loading property file : testdata.properties
INFO main com.framework.config.PropertiesRepository - Loading property file : global.properties
INFO main com.framework.config.PropertiesRepository - Loading property file : log4j.properties
INFO main com.framework.config.PropertiesRepository - Loading property file : log4j-h.properties
INFO main com.framework.config.PropertiesRepository - List of files to load : global-override.properties,testdata.properties
INFO main com.framework.config.PropertiesRepository - Loading property file : global-override.properties
INFO main com.framework.config.PropertiesRepository - Loading property file : testdata.properties
INFO main com.framework.config.PropertiesRepository - Loading property file : global.properties
INFO main com.framework.config.PropertiesRepository - Loading property file : log4j.properties
INFO main com.framework.config.PropertiesRepository - Loading property file : log4j-h.properties
INFO main com.framework.config.PropertiesRepository - List of files to load : global-override.properties,testdata.properties
INFO main com.framework.config.PropertiesRepository - Loading property file : global-override.properties
INFO main com.framework.config.PropertiesRepository - Loading property file : testdata.properties
INFO main com.framework.config.PropertiesRepository - Loading property file : global.properties
INFO main com.framework.config.PropertiesRepository - Loading property file : log4j.properties
INFO main com.framework.config.PropertiesRepository - Loading property file : log4j-h.properties
INFO main com.framework.config.PropertiesRepository - List of files to load : global-override.properties,testdata.properties
INFO main com.framework.config.PropertiesRepository - Loading property file : global-override.properties
INFO main com.framework.config.PropertiesRepository - Loading property file : testdata.properties
INFO main com.framework.config.PropertiesRepository - Loading property file : global.properties
INFO main com.framework.config.PropertiesRepository - Loading property file : log4j.properties
INFO main com.framework.config.PropertiesRepository - Loading property file : log4j-h.properties
ERROR main com.framework.handlers.ElementHandler - Element Proxy element for: DefaultElementLocator 'By.xpath: //div[@id='Opportunity_body']//table//tbody//tr[2]//th//a' is not visible 
 Expected condition failed: waiting for visibility of Proxy element for: DefaultElementLocator 'By.xpath: //div[@id='Opportunity_body']//table//tbody//tr[2]//th//a' (tried for 15 second(s) with 500 milliseconds interval)
INFO main com.framework.config.PropertiesRepository - List of files to load : global-override.properties,testdata.properties
INFO main com.framework.config.PropertiesRepository - Loading property file : global-override.properties
INFO main com.framework.config.PropertiesRepository - Loading property file : testdata.properties
INFO main com.framework.config.PropertiesRepository - Loading property file : global.properties
INFO main com.framework.config.PropertiesRepository - Loading property file : log4j.properties
INFO main com.framework.config.PropertiesRepository - Loading property file : log4j-h.properties
INFO main com.framework.handlers.WindowHandler - Switching to window : Search ~ Salesforce - Unlimited Edition
INFO main com.framework.handlers.WindowHandler - Switching to main window
INFO main com.framework.config.PropertiesRepository - List of files to load : global-override.properties,testdata.properties
INFO main com.framework.config.PropertiesRepository - Loading property file : global-override.properties
INFO main com.framework.config.PropertiesRepository - Loading property file : testdata.properties
INFO main com.framework.config.PropertiesRepository - Loading property file : global.properties
INFO main com.framework.config.PropertiesRepository - Loading property file : log4j.properties
INFO main com.framework.config.PropertiesRepository - Loading property file : log4j-h.properties
ERROR main com.framework.handlers.ElementHandler - Unable to click on the element: [[ChromeDriver: chrome on XP (5085d0e8cee07514970ecdf936349bb2)] -> xpath: //span[contains(@class,'listTitle')][contains(text(),'Contact Roles')]]
 unknown error: Element <span class="listTitle">...</span> is not clickable at point (541, 251). Other element would receive the click: <td class="labelCol">...</td>
  (Session info: chrome=75.0.3770.100)
  (Driver info: chromedriver=72.0.3626.69 (3c16f8a135abc0d4da2dff33804db79b849a7c38),platform=Windows NT 10.0.15063 x86_64) (WARNING: The server did not provide any stacktrace information)
Command duration or timeout: 0 milliseconds
Build info: version: '3.141.59', revision: 'e82be7d358', time: '2018-11-14T08:17:03'
System info: host: 'TP3VDIW10DEV205', ip: '10.25.6.248', os.name: 'Windows 10', os.arch: 'amd64', os.version: '10.0', java.version: '1.8.0_201'
Driver info: org.openqa.selenium.chrome.ChromeDriver
Capabilities {acceptInsecureCerts: false, acceptSslCerts: false, applicationCacheEnabled: false, browserConnectionEnabled: false, browserName: chrome, chrome: {chromedriverVersion: 72.0.3626.69 (3c16f8a135abc..., userDataDir: C:\Users\UX014784\AppData\L...}, cssSelectorsEnabled: true, databaseEnabled: false, goog:chromeOptions: {debuggerAddress: localhost:52601}, handlesAlerts: true, hasTouchScreen: false, javascriptEnabled: true, locationContextEnabled: true, mobileEmulationEnabled: false, nativeEvents: true, networkConnectionEnabled: false, pageLoadStrategy: normal, platform: XP, platformName: XP, proxy: Proxy(), rotatable: false, setWindowRect: true, takesHeapSnapshot: true, takesScreenshot: true, timeouts: {implicit: 0, pageLoad: 300000, script: 30000}, unexpectedAlertBehaviour: ignore, unhandledPromptBehavior: ignore, version: 75.0.3770.100, webStorageEnabled: true}
Session ID: 5085d0e8cee07514970ecdf936349bb2
INFO main com.framework.config.PropertiesRepository - List of files to load : global-override.properties,testdata.properties
INFO main com.framework.config.PropertiesRepository - Loading property file : global-override.properties
INFO main com.framework.config.PropertiesRepository - Loading property file : testdata.properties
INFO main com.framework.config.PropertiesRepository - Loading property file : global.properties
INFO main com.framework.config.PropertiesRepository - Loading property file : log4j.properties
INFO main com.framework.config.PropertiesRepository - Loading property file : log4j-h.properties
INFO main com.framework.config.PropertiesRepository - List of files to load : global-override.properties,testdata.properties
INFO main com.framework.config.PropertiesRepository - Loading property file : global-override.properties
INFO main com.framework.config.PropertiesRepository - Loading property file : testdata.properties
INFO main com.framework.config.PropertiesRepository - Loading property file : global.properties
INFO main com.framework.config.PropertiesRepository - Loading property file : log4j.properties
INFO main com.framework.config.PropertiesRepository - Loading property file : log4j-h.properties
INFO main com.framework.config.PropertiesRepository - List of files to load : global-override.properties,testdata.properties
INFO main com.framework.config.PropertiesRepository - Loading property file : global-override.properties
INFO main com.framework.config.PropertiesRepository - Loading property file : testdata.properties
INFO main com.framework.config.PropertiesRepository - Loading property file : global.properties
INFO main com.framework.config.PropertiesRepository - Loading property file : log4j.properties
INFO main com.framework.config.PropertiesRepository - Loading property file : log4j-h.properties
INFO main com.framework.config.PropertiesRepository - List of files to load : global-override.properties,testdata.properties
INFO main com.framework.config.PropertiesRepository - Loading property file : global-override.properties
INFO main com.framework.config.PropertiesRepository - Loading property file : testdata.properties
INFO main com.framework.config.PropertiesRepository - Loading property file : global.properties
INFO main com.framework.config.PropertiesRepository - Loading property file : log4j.properties
INFO main com.framework.config.PropertiesRepository - Loading property file : log4j-h.properties
INFO main com.framework.config.PropertiesRepository - List of files to load : global-override.properties,testdata.properties
INFO main com.framework.config.PropertiesRepository - Loading property file : global-override.properties
INFO main com.framework.config.PropertiesRepository - Loading property file : testdata.properties
INFO main com.framework.config.PropertiesRepository - Loading property file : global.properties
INFO main com.framework.config.PropertiesRepository - Loading property file : log4j.properties
INFO main com.framework.config.PropertiesRepository - Loading property file : log4j-h.properties
INFO main com.framework.config.PropertiesRepository - List of files to load : global-override.properties,testdata.properties
INFO main com.framework.config.PropertiesRepository - Loading property file : global-override.properties
INFO main com.framework.config.PropertiesRepository - Loading property file : testdata.properties
INFO main com.framework.config.PropertiesRepository - Loading property file : global.properties
INFO main com.framework.config.PropertiesRepository - Loading property file : log4j.properties
INFO main com.framework.config.PropertiesRepository - Loading property file : log4j-h.properties
INFO main com.framework.handlers.PopUpHandler - Switching to alert
ERROR main com.framework.handlers.ElementHandler - Element [[ChromeDriver: chrome on XP (d860fea9eb6e254cb35bb8530b139271)] -> xpath: //a[@title='Home Tab - Selected']] is not visible 
 Expected condition failed: waiting for visibility of [[ChromeDriver: chrome on XP (d860fea9eb6e254cb35bb8530b139271)] -> xpath: //a[@title='Home Tab - Selected']] (tried for 15 second(s) with 500 milliseconds interval)
INFO main com.framework.handlers.PopUpHandler - Switching to alert
INFO main com.framework.handlers.PopUpHandler - Switching to alert
INFO main com.framework.handlers.PopUpHandler - Switching to alert
INFO main com.framework.handlers.PopUpHandler - Switching to alert
ERROR main com.framework.handlers.ElementHandler - Element Proxy element for: DefaultElementLocator 'By.xpath: //a[@title='Home Tab - Selected']' is not visible 
 Expected condition failed: waiting for visibility of Proxy element for: DefaultElementLocator 'By.xpath: //a[@title='Home Tab - Selected']' (tried for 15 second(s) with 500 milliseconds interval)
ERROR main com.framework.handlers.ElementHandler - Element Proxy element for: DefaultElementLocator 'By.xpath: //a[@title='Home Tab - Selected']' is not visible 
 Expected condition failed: waiting for visibility of Proxy element for: DefaultElementLocator 'By.xpath: //a[@title='Home Tab - Selected']' (tried for 15 second(s) with 500 milliseconds interval)
ERROR main com.framework.handlers.ElementHandler - Element [[ChromeDriver: chrome on XP (9907d0d05b27c37ae46aeb5b00bb2051)] -> xpath: //a[@title='Home Tab - Selected']] is not visible 
 Expected condition failed: waiting for visibility of [[ChromeDriver: chrome on XP (9907d0d05b27c37ae46aeb5b00bb2051)] -> xpath: //a[@title='Home Tab - Selected']] (tried for 15 second(s) with 500 milliseconds interval)
ERROR main com.framework.asserts.AssertionHandler - False returned
java.lang.AssertionError: expected [true] but found [false]
	at org.testng.Assert.fail(Assert.java:93)
	at org.testng.Assert.failNotEquals(Assert.java:512)
	at org.testng.Assert.assertTrue(Assert.java:41)
	at org.testng.Assert.assertTrue(Assert.java:51)
	at com.framework.asserts.AssertionHandler.verifyTrue(AssertionHandler.java:48)
	at com.sc.pages.ReportsPage.validateGSASaleReportable(ReportsPage.java:82)
	at com.sc.stepdefination.ReportsStepDefination.validateGSASaleReportable(ReportsStepDefination.java:58)
	at sun.reflect.NativeMethodAccessorImpl.invoke0(Native Method)
	at sun.reflect.NativeMethodAccessorImpl.invoke(NativeMethodAccessorImpl.java:62)
	at sun.reflect.DelegatingMethodAccessorImpl.invoke(DelegatingMethodAccessorImpl.java:43)
	at java.lang.reflect.Method.invoke(Method.java:498)
	at cucumber.runtime.Utils$1.call(Utils.java:40)
	at cucumber.runtime.Timeout.timeout(Timeout.java:16)
	at cucumber.runtime.Utils.invoke(Utils.java:34)
	at cucumber.runtime.java.JavaStepDefinition.execute(JavaStepDefinition.java:38)
	at cucumber.runtime.StepDefinitionMatch.runStep(StepDefinitionMatch.java:37)
	at cucumber.runtime.Runtime.runStep(Runtime.java:300)
	at cucumber.runtime.model.StepContainer.runStep(StepContainer.java:44)
	at cucumber.runtime.model.StepContainer.runSteps(StepContainer.java:39)
	at cucumber.runtime.model.CucumberScenario.run(CucumberScenario.java:44)
	at cucumber.runtime.model.CucumberFeature.run(CucumberFeature.java:165)
	at cucumber.runtime.Runtime.run(Runtime.java:122)
	at com.framework.cucumber.helper.TestNGRunnerHelper.runTestNG(TestNGRunnerHelper.java:49)
	at com.sc.testrunner.TestNGTestRunner.runFeatures(TestNGTestRunner.java:43)
	at sun.reflect.NativeMethodAccessorImpl.invoke0(Native Method)
	at sun.reflect.NativeMethodAccessorImpl.invoke(NativeMethodAccessorImpl.java:62)
	at sun.reflect.DelegatingMethodAccessorImpl.invoke(DelegatingMethodAccessorImpl.java:43)
	at java.lang.reflect.Method.invoke(Method.java:498)
	at org.testng.internal.MethodInvocationHelper.invokeMethod(MethodInvocationHelper.java:108)
	at org.testng.internal.Invoker.invokeMethod(Invoker.java:661)
	at org.testng.internal.Invoker.invokeTestMethod(Invoker.java:869)
	at org.testng.internal.Invoker.invokeTestMethods(Invoker.java:1193)
	at org.testng.internal.TestMethodWorker.invokeTestMethods(TestMethodWorker.java:126)
	at org.testng.internal.TestMethodWorker.run(TestMethodWorker.java:109)
	at org.testng.TestRunner.privateRun(TestRunner.java:744)
	at org.testng.TestRunner.run(TestRunner.java:602)
	at org.testng.SuiteRunner.runTest(SuiteRunner.java:380)
	at org.testng.SuiteRunner.runSequentially(SuiteRunner.java:375)
	at org.testng.SuiteRunner.privateRun(SuiteRunner.java:340)
	at org.testng.SuiteRunner.run(SuiteRunner.java:289)
	at org.testng.SuiteRunnerWorker.runSuite(SuiteRunnerWorker.java:52)
	at org.testng.SuiteRunnerWorker.run(SuiteRunnerWorker.java:86)
	at org.testng.TestNG.runSuitesSequentially(TestNG.java:1301)
	at org.testng.TestNG.runSuitesLocally(TestNG.java:1226)
	at org.testng.TestNG.runSuites(TestNG.java:1144)
	at org.testng.TestNG.run(TestNG.java:1115)
	at org.testng.remote.AbstractRemoteTestNG.run(AbstractRemoteTestNG.java:115)
	at org.testng.remote.RemoteTestNG.initAndRun(RemoteTestNG.java:251)
	at org.testng.remote.RemoteTestNG.main(RemoteTestNG.java:77)
ERROR main com.framework.asserts.AssertionHandler - False returned
java.lang.AssertionError: expected [true] but found [false]
	at org.testng.Assert.fail(Assert.java:93)
	at org.testng.Assert.failNotEquals(Assert.java:512)
	at org.testng.Assert.assertTrue(Assert.java:41)
	at org.testng.Assert.assertTrue(Assert.java:51)
	at com.framework.asserts.AssertionHandler.verifyTrue(AssertionHandler.java:48)
	at com.sc.pages.ReportsPage.validateGSASaleReportable(ReportsPage.java:82)
	at com.sc.stepdefination.ReportsStepDefination.validateGSASaleReportable(ReportsStepDefination.java:58)
	at sun.reflect.NativeMethodAccessorImpl.invoke0(Native Method)
	at sun.reflect.NativeMethodAccessorImpl.invoke(NativeMethodAccessorImpl.java:62)
	at sun.reflect.DelegatingMethodAccessorImpl.invoke(DelegatingMethodAccessorImpl.java:43)
	at java.lang.reflect.Method.invoke(Method.java:498)
	at cucumber.runtime.Utils$1.call(Utils.java:40)
	at cucumber.runtime.Timeout.timeout(Timeout.java:16)
	at cucumber.runtime.Utils.invoke(Utils.java:34)
	at cucumber.runtime.java.JavaStepDefinition.execute(JavaStepDefinition.java:38)
	at cucumber.runtime.StepDefinitionMatch.runStep(StepDefinitionMatch.java:37)
	at cucumber.runtime.Runtime.runStep(Runtime.java:300)
	at cucumber.runtime.model.StepContainer.runStep(StepContainer.java:44)
	at cucumber.runtime.model.StepContainer.runSteps(StepContainer.java:39)
	at cucumber.runtime.model.CucumberScenario.run(CucumberScenario.java:44)
	at cucumber.runtime.model.CucumberFeature.run(CucumberFeature.java:165)
	at cucumber.runtime.Runtime.run(Runtime.java:122)
	at com.framework.cucumber.helper.TestNGRunnerHelper.runTestNG(TestNGRunnerHelper.java:49)
	at com.sc.testrunner.TestNGTestRunner.runFeatures(TestNGTestRunner.java:43)
	at sun.reflect.NativeMethodAccessorImpl.invoke0(Native Method)
	at sun.reflect.NativeMethodAccessorImpl.invoke(NativeMethodAccessorImpl.java:62)
	at sun.reflect.DelegatingMethodAccessorImpl.invoke(DelegatingMethodAccessorImpl.java:43)
	at java.lang.reflect.Method.invoke(Method.java:498)
	at org.testng.internal.MethodInvocationHelper.invokeMethod(MethodInvocationHelper.java:108)
	at org.testng.internal.Invoker.invokeMethod(Invoker.java:661)
	at org.testng.internal.Invoker.invokeTestMethod(Invoker.java:869)
	at org.testng.internal.Invoker.invokeTestMethods(Invoker.java:1193)
	at org.testng.internal.TestMethodWorker.invokeTestMethods(TestMethodWorker.java:126)
	at org.testng.internal.TestMethodWorker.run(TestMethodWorker.java:109)
	at org.testng.TestRunner.privateRun(TestRunner.java:744)
	at org.testng.TestRunner.run(TestRunner.java:602)
	at org.testng.SuiteRunner.runTest(SuiteRunner.java:380)
	at org.testng.SuiteRunner.runSequentially(SuiteRunner.java:375)
	at org.testng.SuiteRunner.privateRun(SuiteRunner.java:340)
	at org.testng.SuiteRunner.run(SuiteRunner.java:289)
	at org.testng.SuiteRunnerWorker.runSuite(SuiteRunnerWorker.java:52)
	at org.testng.SuiteRunnerWorker.run(SuiteRunnerWorker.java:86)
	at org.testng.TestNG.runSuitesSequentially(TestNG.java:1301)
	at org.testng.TestNG.runSuitesLocally(TestNG.java:1226)
	at org.testng.TestNG.runSuites(TestNG.java:1144)
	at org.testng.TestNG.run(TestNG.java:1115)
	at org.testng.remote.AbstractRemoteTestNG.run(AbstractRemoteTestNG.java:115)
	at org.testng.remote.RemoteTestNG.initAndRun(RemoteTestNG.java:251)
	at org.testng.remote.RemoteTestNG.main(RemoteTestNG.java:77)
ERROR main com.framework.handlers.ElementHandler - Element Proxy element for: DefaultElementLocator 'By.xpath: //div[@id='Account_body']//table//tbody//tr[2]//th//a' is not visible 
 Expected condition failed: waiting for visibility of Proxy element for: DefaultElementLocator 'By.xpath: //div[@id='Account_body']//table//tbody//tr[2]//th//a' (tried for 15 second(s) with 500 milliseconds interval)
ERROR main com.framework.handlers.ElementHandler - Unable to select value from the dropdown:[[ChromeDriver: chrome on XP (ec85db8da050328bf4c9eac9ea3cfae5)] -> xpath: //td[text()='Organisation Type']//..//select]
 element not interactable: Element is not currently visible and may not be manipulated
  (Session info: chrome=75.0.3770.100)
  (Driver info: chromedriver=72.0.3626.69 (3c16f8a135abc0d4da2dff33804db79b849a7c38),platform=Windows NT 10.0.15063 x86_64) (WARNING: The server did not provide any stacktrace information)
Command duration or timeout: 0 milliseconds
Build info: version: '3.141.59', revision: 'e82be7d358', time: '2018-11-14T08:17:03'
System info: host: 'TP3VDIW10DEV205', ip: '10.25.6.248', os.name: 'Windows 10', os.arch: 'amd64', os.version: '10.0', java.version: '1.8.0_201'
Driver info: org.openqa.selenium.chrome.ChromeDriver
Capabilities {acceptInsecureCerts: false, acceptSslCerts: false, applicationCacheEnabled: false, browserConnectionEnabled: false, browserName: chrome, chrome: {chromedriverVersion: 72.0.3626.69 (3c16f8a135abc..., userDataDir: C:\Users\UX014784\AppData\L...}, cssSelectorsEnabled: true, databaseEnabled: false, goog:chromeOptions: {debuggerAddress: localhost:53156}, handlesAlerts: true, hasTouchScreen: false, javascriptEnabled: true, locationContextEnabled: true, mobileEmulationEnabled: false, nativeEvents: true, networkConnectionEnabled: false, pageLoadStrategy: normal, platform: XP, platformName: XP, proxy: Proxy(), rotatable: false, setWindowRect: true, takesHeapSnapshot: true, takesScreenshot: true, timeouts: {implicit: 0, pageLoad: 300000, script: 30000}, unexpectedAlertBehaviour: ignore, unhandledPromptBehavior: ignore, version: 75.0.3770.100, webStorageEnabled: true}
Session ID: ec85db8da050328bf4c9eac9ea3cfae5
ERROR main com.framework.handlers.ElementHandler - Unable to click on the element: Proxy element for: DefaultElementLocator 'By.xpath: //a[text()='Edit']'
 Expected condition failed: waiting for element to be clickable: Proxy element for: DefaultElementLocator 'By.xpath: //a[text()='Edit']' (tried for 15 second(s) with 500 milliseconds interval)
ERROR main com.framework.handlers.ElementHandler - Unable to click on the element: Proxy element for: DefaultElementLocator 'By.xpath: //a[text()='Edit']'
 Expected condition failed: waiting for element to be clickable: Proxy element for: DefaultElementLocator 'By.xpath: //a[text()='Edit']' (tried for 15 second(s) with 500 milliseconds interval)
INFO main com.framework.handlers.PopUpHandler - Switching to alert
ERROR main com.framework.handlers.ElementHandler - Unable to click on the element: Proxy element for: DefaultElementLocator 'By.xpath: //a[text()='Edit']'
 Expected condition failed: waiting for element to be clickable: Proxy element for: DefaultElementLocator 'By.xpath: //a[text()='Edit']' (tried for 15 second(s) with 500 milliseconds interval)
INFO main com.framework.handlers.PopUpHandler - Switching to alert
INFO main com.framework.handlers.PopUpHandler - Switching to alert
INFO main com.framework.handlers.PopUpHandler - Switching to alert
INFO main com.framework.handlers.PopUpHandler - Switching to alert
INFO main com.framework.config.PropertiesRepository - List of files to load : global-override.properties,testdata.properties
INFO main com.framework.config.PropertiesRepository - Loading property file : global-override.properties
INFO main com.framework.config.PropertiesRepository - Loading property file : testdata.properties
INFO main com.framework.config.PropertiesRepository - Loading property file : global.properties
INFO main com.framework.config.PropertiesRepository - Loading property file : log4j.properties
INFO main com.framework.config.PropertiesRepository - Loading property file : log4j-h.properties
ERROR main com.framework.handlers.ElementHandler - Unable to click on the element: Proxy element for: DefaultElementLocator 'By.xpath: //a[@title='Accounts Tab']'
 Expected condition failed: waiting for element to be clickable: Proxy element for: DefaultElementLocator 'By.xpath: //a[@title='Accounts Tab']' (tried for 15 second(s) with 500 milliseconds interval)
ERROR main com.framework.asserts.AssertionHandler - Value mismatch
java.lang.AssertionError: expected [Awaiting Approval] but found [Rejected]
	at org.testng.Assert.fail(Assert.java:93)
	at org.testng.Assert.failNotEquals(Assert.java:512)
	at org.testng.Assert.assertEqualsImpl(Assert.java:134)
	at org.testng.Assert.assertEquals(Assert.java:115)
	at org.testng.Assert.assertEquals(Assert.java:178)
	at com.framework.asserts.AssertionHandler.verifyEquals(AssertionHandler.java:12)
	at com.sc.pages.QuotePage.submitQuoteForApproval(QuotePage.java:61)
	at com.sc.stepdefination.QuotePageStepDefination.submitQuoteForApproval(QuotePageStepDefination.java:68)
	at sun.reflect.NativeMethodAccessorImpl.invoke0(Native Method)
	at sun.reflect.NativeMethodAccessorImpl.invoke(NativeMethodAccessorImpl.java:62)
	at sun.reflect.DelegatingMethodAccessorImpl.invoke(DelegatingMethodAccessorImpl.java:43)
	at java.lang.reflect.Method.invoke(Method.java:498)
	at cucumber.runtime.Utils$1.call(Utils.java:40)
	at cucumber.runtime.Timeout.timeout(Timeout.java:16)
	at cucumber.runtime.Utils.invoke(Utils.java:34)
	at cucumber.runtime.java.JavaStepDefinition.execute(JavaStepDefinition.java:38)
	at cucumber.runtime.StepDefinitionMatch.runStep(StepDefinitionMatch.java:37)
	at cucumber.runtime.Runtime.runStep(Runtime.java:300)
	at cucumber.runtime.model.StepContainer.runStep(StepContainer.java:44)
	at cucumber.runtime.model.StepContainer.runSteps(StepContainer.java:39)
	at cucumber.runtime.model.CucumberScenario.run(CucumberScenario.java:44)
	at cucumber.runtime.model.CucumberFeature.run(CucumberFeature.java:165)
	at cucumber.runtime.Runtime.run(Runtime.java:122)
	at com.framework.cucumber.helper.TestNGRunnerHelper.runTestNG(TestNGRunnerHelper.java:49)
	at com.sc.testrunner.TestNGTestRunner.runFeatures(TestNGTestRunner.java:43)
	at sun.reflect.NativeMethodAccessorImpl.invoke0(Native Method)
	at sun.reflect.NativeMethodAccessorImpl.invoke(NativeMethodAccessorImpl.java:62)
	at sun.reflect.DelegatingMethodAccessorImpl.invoke(DelegatingMethodAccessorImpl.java:43)
	at java.lang.reflect.Method.invoke(Method.java:498)
	at org.testng.internal.MethodInvocationHelper.invokeMethod(MethodInvocationHelper.java:108)
	at org.testng.internal.Invoker.invokeMethod(Invoker.java:661)
	at org.testng.internal.Invoker.invokeTestMethod(Invoker.java:869)
	at org.testng.internal.Invoker.invokeTestMethods(Invoker.java:1193)
	at org.testng.internal.TestMethodWorker.invokeTestMethods(TestMethodWorker.java:126)
	at org.testng.internal.TestMethodWorker.run(TestMethodWorker.java:109)
	at org.testng.TestRunner.privateRun(TestRunner.java:744)
	at org.testng.TestRunner.run(TestRunner.java:602)
	at org.testng.SuiteRunner.runTest(SuiteRunner.java:380)
	at org.testng.SuiteRunner.runSequentially(SuiteRunner.java:375)
	at org.testng.SuiteRunner.privateRun(SuiteRunner.java:340)
	at org.testng.SuiteRunner.run(SuiteRunner.java:289)
	at org.testng.SuiteRunnerWorker.runSuite(SuiteRunnerWorker.java:52)
	at org.testng.SuiteRunnerWorker.run(SuiteRunnerWorker.java:86)
	at org.testng.TestNG.runSuitesSequentially(TestNG.java:1301)
	at org.testng.TestNG.runSuitesLocally(TestNG.java:1226)
	at org.testng.TestNG.runSuites(TestNG.java:1144)
	at org.testng.TestNG.run(TestNG.java:1115)
	at org.testng.remote.AbstractRemoteTestNG.run(AbstractRemoteTestNG.java:115)
	at org.testng.remote.RemoteTestNG.initAndRun(RemoteTestNG.java:251)
	at org.testng.remote.RemoteTestNG.main(RemoteTestNG.java:77)
ERROR main com.framework.handlers.ElementHandler - Unable to click on the element: Proxy element for: DefaultElementLocator 'By.xpath: //a[text()='Edit']'
 Expected condition failed: waiting for element to be clickable: Proxy element for: DefaultElementLocator 'By.xpath: //a[text()='Edit']' (tried for 15 second(s) with 500 milliseconds interval)
INFO main com.framework.handlers.PopUpHandler - Switching to alert
INFO main com.framework.handlers.PopUpHandler - Switching to alert
ERROR main com.framework.handlers.ElementHandler - Unable to click on the element: [[ChromeDriver: chrome on XP (64e5e2cd64ded65579936fb11ffe73cf)] -> xpath: //td[@id='topButtonRow']//input[2]]
 unknown error: Element <input value="Start Sync" class="btn btnIcon syncStart" name="syncquote" title="Start Sync" type="button" onclick="var syncOverlay = QuoteSyncOverlay.syncOverlay;
syncOverlay.setButtons('<input value=\&quot; Sync \&quot;  class=\&quot;btn\&quot; name=\&quot;sync\&quot; onclick=\&quot;QuoteSyncOverlay.getOverlay (\'syncQuoteOverlay\').doSync(\'0\');\&quot; title=\&quot;Sync\&quot; type=\&quot;button\&quot; /><input value=\&quot;Cancel\&quot;  class=\&quot;btn\&quot; name=\&quot;cancel\&quot; onclick=\&quot;QuoteSyncOverlay.getOverlay(\'syncQuoteOverlay\').close();\&quot; title=\&quot;Cancel\&quot; type=\&quot;button\&quot; />');
syncOverlay.setContents('<div class=\&quot;overlayMessageDiv\&quot; id=\&quot;syncQuoteOverlay_innerContentDiv\&quot;><h1>Initial Sync</h1>&amp;nbsp;<img src=\&quot;/img/icon/quotes24.png\&quot; alt=\&quot;\&quot; width=\&quot;24\&quot; height=\&quot;24\&quot; align=\&quot;absmiddle\&quot; title=\&quot;\&quot; />&amp;nbsp;<img src=\&quot;/img/sales/quotes/sync_overlay_arrow.png\&quot; alt=\&quot;\&quot; align=\&quot;absmiddle\&quot; title=\&quot;\&quot; />&amp;nbsp;<img src=\&quot;/img/icon/opportunities24.png\&quot; alt=\&quot;\&quot; width=\&quot;24\&quot; height=\&quot;24\&quot; align=\&quot;absmiddle\&quot; title=\&quot;\&quot; /><br/><p>Quote Line Items will replace opportunity products.</p><p>After initial sync, all future updates to quote line items and opportunity products will automatically sync both ways.</p></div>');
syncOverlay.display();
"> is not clickable at point (686, 525). Other element would receive the click: <div class="overlayBackground" style="width: 1434px; height: 4147px; display: block;"></div>
  (Session info: chrome=75.0.3770.100)
  (Driver info: chromedriver=72.0.3626.69 (3c16f8a135abc0d4da2dff33804db79b849a7c38),platform=Windows NT 10.0.15063 x86_64) (WARNING: The server did not provide any stacktrace information)
Command duration or timeout: 0 milliseconds
Build info: version: '3.141.59', revision: 'e82be7d358', time: '2018-11-14T08:17:03'
System info: host: 'TP3VDIW10DEV205', ip: '10.25.6.248', os.name: 'Windows 10', os.arch: 'amd64', os.version: '10.0', java.version: '1.8.0_201'
Driver info: org.openqa.selenium.chrome.ChromeDriver
Capabilities {acceptInsecureCerts: false, acceptSslCerts: false, applicationCacheEnabled: false, browserConnectionEnabled: false, browserName: chrome, chrome: {chromedriverVersion: 72.0.3626.69 (3c16f8a135abc..., userDataDir: C:\Users\UX014784\AppData\L...}, cssSelectorsEnabled: true, databaseEnabled: false, goog:chromeOptions: {debuggerAddress: localhost:51430}, handlesAlerts: true, hasTouchScreen: false, javascriptEnabled: true, locationContextEnabled: true, mobileEmulationEnabled: false, nativeEvents: true, networkConnectionEnabled: false, pageLoadStrategy: normal, platform: XP, platformName: XP, proxy: Proxy(), rotatable: false, setWindowRect: true, takesHeapSnapshot: true, takesScreenshot: true, timeouts: {implicit: 0, pageLoad: 300000, script: 30000}, unexpectedAlertBehaviour: ignore, unhandledPromptBehavior: ignore, version: 75.0.3770.100, webStorageEnabled: true}
Session ID: 64e5e2cd64ded65579936fb11ffe73cf
INFO main com.framework.config.PropertiesRepository - List of files to load : global-override.properties,testdata.properties
INFO main com.framework.config.PropertiesRepository - Loading property file : global-override.properties
INFO main com.framework.config.PropertiesRepository - Loading property file : testdata.properties
INFO main com.framework.config.PropertiesRepository - Loading property file : global.properties
INFO main com.framework.config.PropertiesRepository - Loading property file : log4j.properties
INFO main com.framework.config.PropertiesRepository - Loading property file : log4j-h.properties
ERROR main com.framework.asserts.AssertionHandler - Value mismatch
java.lang.AssertionError: expected [Awaiting Approval] but found [Rejected]
	at org.testng.Assert.fail(Assert.java:93)
	at org.testng.Assert.failNotEquals(Assert.java:512)
	at org.testng.Assert.assertEqualsImpl(Assert.java:134)
	at org.testng.Assert.assertEquals(Assert.java:115)
	at org.testng.Assert.assertEquals(Assert.java:178)
	at com.framework.asserts.AssertionHandler.verifyEquals(AssertionHandler.java:12)
	at com.sc.pages.QuotePage.submitQuoteForApproval(QuotePage.java:61)
	at com.sc.stepdefination.QuotePageStepDefination.submitQuoteForApproval(QuotePageStepDefination.java:68)
	at sun.reflect.NativeMethodAccessorImpl.invoke0(Native Method)
	at sun.reflect.NativeMethodAccessorImpl.invoke(NativeMethodAccessorImpl.java:62)
	at sun.reflect.DelegatingMethodAccessorImpl.invoke(DelegatingMethodAccessorImpl.java:43)
	at java.lang.reflect.Method.invoke(Method.java:498)
	at cucumber.runtime.Utils$1.call(Utils.java:40)
	at cucumber.runtime.Timeout.timeout(Timeout.java:16)
	at cucumber.runtime.Utils.invoke(Utils.java:34)
	at cucumber.runtime.java.JavaStepDefinition.execute(JavaStepDefinition.java:38)
	at cucumber.runtime.StepDefinitionMatch.runStep(StepDefinitionMatch.java:37)
	at cucumber.runtime.Runtime.runStep(Runtime.java:300)
	at cucumber.runtime.model.StepContainer.runStep(StepContainer.java:44)
	at cucumber.runtime.model.StepContainer.runSteps(StepContainer.java:39)
	at cucumber.runtime.model.CucumberScenario.run(CucumberScenario.java:44)
	at cucumber.runtime.model.CucumberFeature.run(CucumberFeature.java:165)
	at cucumber.runtime.Runtime.run(Runtime.java:122)
	at com.framework.cucumber.helper.TestNGRunnerHelper.runTestNG(TestNGRunnerHelper.java:49)
	at com.sc.testrunner.TestNGTestRunner.runFeatures(TestNGTestRunner.java:43)
	at sun.reflect.NativeMethodAccessorImpl.invoke0(Native Method)
	at sun.reflect.NativeMethodAccessorImpl.invoke(NativeMethodAccessorImpl.java:62)
	at sun.reflect.DelegatingMethodAccessorImpl.invoke(DelegatingMethodAccessorImpl.java:43)
	at java.lang.reflect.Method.invoke(Method.java:498)
	at org.testng.internal.MethodInvocationHelper.invokeMethod(MethodInvocationHelper.java:108)
	at org.testng.internal.Invoker.invokeMethod(Invoker.java:661)
	at org.testng.internal.Invoker.invokeTestMethod(Invoker.java:869)
	at org.testng.internal.Invoker.invokeTestMethods(Invoker.java:1193)
	at org.testng.internal.TestMethodWorker.invokeTestMethods(TestMethodWorker.java:126)
	at org.testng.internal.TestMethodWorker.run(TestMethodWorker.java:109)
	at org.testng.TestRunner.privateRun(TestRunner.java:744)
	at org.testng.TestRunner.run(TestRunner.java:602)
	at org.testng.SuiteRunner.runTest(SuiteRunner.java:380)
	at org.testng.SuiteRunner.runSequentially(SuiteRunner.java:375)
	at org.testng.SuiteRunner.privateRun(SuiteRunner.java:340)
	at org.testng.SuiteRunner.run(SuiteRunner.java:289)
	at org.testng.SuiteRunnerWorker.runSuite(SuiteRunnerWorker.java:52)
	at org.testng.SuiteRunnerWorker.run(SuiteRunnerWorker.java:86)
	at org.testng.TestNG.runSuitesSequentially(TestNG.java:1301)
	at org.testng.TestNG.runSuitesLocally(TestNG.java:1226)
	at org.testng.TestNG.runSuites(TestNG.java:1144)
	at org.testng.TestNG.run(TestNG.java:1115)
	at org.testng.remote.AbstractRemoteTestNG.run(AbstractRemoteTestNG.java:115)
	at org.testng.remote.RemoteTestNG.initAndRun(RemoteTestNG.java:251)
	at org.testng.remote.RemoteTestNG.main(RemoteTestNG.java:77)
INFO main com.framework.config.PropertiesRepository - List of files to load : global-override.properties,testdata.properties
INFO main com.framework.config.PropertiesRepository - Loading property file : global-override.properties
INFO main com.framework.config.PropertiesRepository - Loading property file : testdata.properties
INFO main com.framework.config.PropertiesRepository - Loading property file : global.properties
INFO main com.framework.config.PropertiesRepository - Loading property file : log4j.properties
INFO main com.framework.config.PropertiesRepository - Loading property file : log4j-h.properties
INFO main com.framework.config.PropertiesRepository - List of files to load : global-override.properties,testdata.properties
INFO main com.framework.config.PropertiesRepository - Loading property file : global-override.properties
INFO main com.framework.config.PropertiesRepository - Loading property file : testdata.properties
INFO main com.framework.config.PropertiesRepository - Loading property file : global.properties
INFO main com.framework.config.PropertiesRepository - Loading property file : log4j.properties
INFO main com.framework.config.PropertiesRepository - Loading property file : log4j-h.properties
INFO main com.framework.config.PropertiesRepository - List of files to load : global-override.properties,testdata.properties
INFO main com.framework.config.PropertiesRepository - Loading property file : global-override.properties
INFO main com.framework.config.PropertiesRepository - Loading property file : testdata.properties
INFO main com.framework.config.PropertiesRepository - Loading property file : global.properties
INFO main com.framework.config.PropertiesRepository - Loading property file : log4j.properties
INFO main com.framework.config.PropertiesRepository - Loading property file : log4j-h.properties
INFO main com.framework.config.PropertiesRepository - List of files to load : global-override.properties,testdata.properties
INFO main com.framework.config.PropertiesRepository - Loading property file : global-override.properties
INFO main com.framework.config.PropertiesRepository - Loading property file : testdata.properties
INFO main com.framework.config.PropertiesRepository - Loading property file : global.properties
INFO main com.framework.config.PropertiesRepository - Loading property file : log4j.properties
INFO main com.framework.config.PropertiesRepository - Loading property file : log4j-h.properties
INFO main com.framework.config.PropertiesRepository - List of files to load : global-override.properties,testdata.properties
INFO main com.framework.config.PropertiesRepository - Loading property file : global-override.properties
INFO main com.framework.config.PropertiesRepository - Loading property file : testdata.properties
INFO main com.framework.config.PropertiesRepository - Loading property file : global.properties
INFO main com.framework.config.PropertiesRepository - Loading property file : log4j.properties
INFO main com.framework.config.PropertiesRepository - Loading property file : log4j-h.properties
INFO main com.framework.handlers.WindowHandler - Switching to window : Search ~ Salesforce - Unlimited Edition
INFO main com.framework.handlers.WindowHandler - Switching to main window
INFO main com.framework.handlers.WindowHandler - Switching to window : Contact Roles for Opty_Try_15554 ~ Salesforce - Unlimited Edition
INFO main com.framework.config.PropertiesRepository - List of files to load : global-override.properties,testdata.properties
INFO main com.framework.config.PropertiesRepository - Loading property file : global-override.properties
INFO main com.framework.config.PropertiesRepository - Loading property file : testdata.properties
INFO main com.framework.config.PropertiesRepository - Loading property file : global.properties
INFO main com.framework.config.PropertiesRepository - Loading property file : log4j.properties
INFO main com.framework.config.PropertiesRepository - Loading property file : log4j-h.properties
INFO main com.framework.handlers.WindowHandler - Switching to window : Search ~ Salesforce - Unlimited Edition
INFO main com.framework.handlers.WindowHandler - Switching to main window
INFO main com.framework.handlers.WindowHandler - Switching to window : Contact Roles for Opty_Try_83139 ~ Salesforce - Unlimited Edition
INFO main com.framework.config.PropertiesRepository - List of files to load : global-override.properties,testdata.properties
INFO main com.framework.config.PropertiesRepository - Loading property file : global-override.properties
INFO main com.framework.config.PropertiesRepository - Loading property file : testdata.properties
INFO main com.framework.config.PropertiesRepository - Loading property file : global.properties
INFO main com.framework.config.PropertiesRepository - Loading property file : log4j.properties
INFO main com.framework.config.PropertiesRepository - Loading property file : log4j-h.properties
ERROR main com.framework.asserts.AssertionHandler - Value mismatch
java.lang.AssertionError: Unable to add primary contact Role expected [sandeep ha] but found [Sandeep ha]
	at org.testng.Assert.fail(Assert.java:93)
	at org.testng.Assert.failNotEquals(Assert.java:512)
	at org.testng.Assert.assertEqualsImpl(Assert.java:134)
	at org.testng.Assert.assertEquals(Assert.java:115)
	at com.framework.asserts.AssertionHandler.verifyEquals(AssertionHandler.java:21)
	at com.sc.pages.OpportunitiesPage.addPrimaryContact(OpportunitiesPage.java:276)
	at com.sc.stepdefination.OpportunitiesStepDefination.iWillAddPrimarycontactinContactRoles(OpportunitiesStepDefination.java:120)
	at sun.reflect.NativeMethodAccessorImpl.invoke0(Native Method)
	at sun.reflect.NativeMethodAccessorImpl.invoke(NativeMethodAccessorImpl.java:62)
	at sun.reflect.DelegatingMethodAccessorImpl.invoke(DelegatingMethodAccessorImpl.java:43)
	at java.lang.reflect.Method.invoke(Method.java:498)
	at cucumber.runtime.Utils$1.call(Utils.java:40)
	at cucumber.runtime.Timeout.timeout(Timeout.java:16)
	at cucumber.runtime.Utils.invoke(Utils.java:34)
	at cucumber.runtime.java.JavaStepDefinition.execute(JavaStepDefinition.java:38)
	at cucumber.runtime.StepDefinitionMatch.runStep(StepDefinitionMatch.java:37)
	at cucumber.runtime.Runtime.runStep(Runtime.java:300)
	at cucumber.runtime.model.StepContainer.runStep(StepContainer.java:44)
	at cucumber.runtime.model.StepContainer.runSteps(StepContainer.java:39)
	at cucumber.runtime.model.CucumberScenario.run(CucumberScenario.java:44)
	at cucumber.runtime.model.CucumberFeature.run(CucumberFeature.java:165)
	at cucumber.runtime.Runtime.run(Runtime.java:122)
	at com.framework.cucumber.helper.TestNGRunnerHelper.runTestNG(TestNGRunnerHelper.java:49)
	at com.sc.testrunner.TestNGTestRunner.runFeatures(TestNGTestRunner.java:43)
	at sun.reflect.NativeMethodAccessorImpl.invoke0(Native Method)
	at sun.reflect.NativeMethodAccessorImpl.invoke(NativeMethodAccessorImpl.java:62)
	at sun.reflect.DelegatingMethodAccessorImpl.invoke(DelegatingMethodAccessorImpl.java:43)
	at java.lang.reflect.Method.invoke(Method.java:498)
	at org.testng.internal.MethodInvocationHelper.invokeMethod(MethodInvocationHelper.java:108)
	at org.testng.internal.Invoker.invokeMethod(Invoker.java:661)
	at org.testng.internal.Invoker.invokeTestMethod(Invoker.java:869)
	at org.testng.internal.Invoker.invokeTestMethods(Invoker.java:1193)
	at org.testng.internal.TestMethodWorker.invokeTestMethods(TestMethodWorker.java:126)
	at org.testng.internal.TestMethodWorker.run(TestMethodWorker.java:109)
	at org.testng.TestRunner.privateRun(TestRunner.java:744)
	at org.testng.TestRunner.run(TestRunner.java:602)
	at org.testng.SuiteRunner.runTest(SuiteRunner.java:380)
	at org.testng.SuiteRunner.runSequentially(SuiteRunner.java:375)
	at org.testng.SuiteRunner.privateRun(SuiteRunner.java:340)
	at org.testng.SuiteRunner.run(SuiteRunner.java:289)
	at org.testng.SuiteRunnerWorker.runSuite(SuiteRunnerWorker.java:52)
	at org.testng.SuiteRunnerWorker.run(SuiteRunnerWorker.java:86)
	at org.testng.TestNG.runSuitesSequentially(TestNG.java:1301)
	at org.testng.TestNG.runSuitesLocally(TestNG.java:1226)
	at org.testng.TestNG.runSuites(TestNG.java:1144)
	at org.testng.TestNG.run(TestNG.java:1115)
	at org.testng.remote.AbstractRemoteTestNG.run(AbstractRemoteTestNG.java:115)
	at org.testng.remote.RemoteTestNG.initAndRun(RemoteTestNG.java:251)
	at org.testng.remote.RemoteTestNG.main(RemoteTestNG.java:77)
INFO main com.framework.config.PropertiesRepository - List of files to load : global-override.properties,testdata.properties
INFO main com.framework.config.PropertiesRepository - Loading property file : global-override.properties
INFO main com.framework.config.PropertiesRepository - Loading property file : testdata.properties
INFO main com.framework.config.PropertiesRepository - Loading property file : global.properties
INFO main com.framework.config.PropertiesRepository - Loading property file : log4j.properties
INFO main com.framework.config.PropertiesRepository - Loading property file : log4j-h.properties
INFO main com.framework.config.PropertiesRepository - List of files to load : global-override.properties,testdata.properties
INFO main com.framework.config.PropertiesRepository - Loading property file : global-override.properties
INFO main com.framework.config.PropertiesRepository - Loading property file : testdata.properties
INFO main com.framework.config.PropertiesRepository - Loading property file : global.properties
INFO main com.framework.config.PropertiesRepository - Loading property file : log4j.properties
INFO main com.framework.config.PropertiesRepository - Loading property file : log4j-h.properties
INFO main com.framework.config.PropertiesRepository - List of files to load : global-override.properties,testdata.properties
INFO main com.framework.config.PropertiesRepository - Loading property file : global-override.properties
INFO main com.framework.config.PropertiesRepository - Loading property file : testdata.properties
INFO main com.framework.config.PropertiesRepository - Loading property file : global.properties
INFO main com.framework.config.PropertiesRepository - Loading property file : log4j.properties
INFO main com.framework.config.PropertiesRepository - Loading property file : log4j-h.properties
INFO main com.framework.config.PropertiesRepository - List of files to load : global-override.properties,testdata.properties
INFO main com.framework.config.PropertiesRepository - Loading property file : global-override.properties
INFO main com.framework.config.PropertiesRepository - Loading property file : testdata.properties
INFO main com.framework.config.PropertiesRepository - Loading property file : global.properties
INFO main com.framework.config.PropertiesRepository - Loading property file : log4j.properties
INFO main com.framework.config.PropertiesRepository - Loading property file : log4j-h.properties
INFO main com.framework.config.PropertiesRepository - List of files to load : global-override.properties,testdata.properties
INFO main com.framework.config.PropertiesRepository - Loading property file : global-override.properties
INFO main com.framework.config.PropertiesRepository - Loading property file : testdata.properties
INFO main com.framework.config.PropertiesRepository - Loading property file : global.properties
INFO main com.framework.config.PropertiesRepository - Loading property file : log4j.properties
INFO main com.framework.config.PropertiesRepository - Loading property file : log4j-h.properties
INFO main com.framework.config.PropertiesRepository - List of files to load : global-override.properties,testdata.properties
INFO main com.framework.config.PropertiesRepository - Loading property file : global-override.properties
INFO main com.framework.config.PropertiesRepository - Loading property file : testdata.properties
INFO main com.framework.config.PropertiesRepository - Loading property file : global.properties
INFO main com.framework.config.PropertiesRepository - Loading property file : log4j.properties
INFO main com.framework.config.PropertiesRepository - Loading property file : log4j-h.properties
INFO main com.framework.config.PropertiesRepository - List of files to load : global-override.properties,testdata.properties
INFO main com.framework.config.PropertiesRepository - Loading property file : global-override.properties
INFO main com.framework.config.PropertiesRepository - Loading property file : testdata.properties
INFO main com.framework.config.PropertiesRepository - Loading property file : global.properties
INFO main com.framework.config.PropertiesRepository - Loading property file : log4j.properties
INFO main com.framework.config.PropertiesRepository - Loading property file : log4j-h.properties
INFO main com.framework.config.PropertiesRepository - List of files to load : global-override.properties,testdata.properties
INFO main com.framework.config.PropertiesRepository - Loading property file : global-override.properties
INFO main com.framework.config.PropertiesRepository - Loading property file : testdata.properties
INFO main com.framework.config.PropertiesRepository - Loading property file : global.properties
INFO main com.framework.config.PropertiesRepository - Loading property file : log4j.properties
INFO main com.framework.config.PropertiesRepository - Loading property file : log4j-h.properties
INFO main com.framework.config.PropertiesRepository - List of files to load : global-override.properties,testdata.properties
INFO main com.framework.config.PropertiesRepository - Loading property file : global-override.properties
INFO main com.framework.config.PropertiesRepository - Loading property file : testdata.properties
INFO main com.framework.config.PropertiesRepository - Loading property file : global.properties
INFO main com.framework.config.PropertiesRepository - Loading property file : log4j.properties
INFO main com.framework.config.PropertiesRepository - Loading property file : log4j-h.properties
INFO main com.framework.config.PropertiesRepository - List of files to load : global-override.properties,testdata.properties
INFO main com.framework.config.PropertiesRepository - Loading property file : global-override.properties
INFO main com.framework.config.PropertiesRepository - Loading property file : testdata.properties
INFO main com.framework.config.PropertiesRepository - Loading property file : global.properties
INFO main com.framework.config.PropertiesRepository - Loading property file : log4j.properties
INFO main com.framework.config.PropertiesRepository - Loading property file : log4j-h.properties
INFO main com.framework.config.PropertiesRepository - List of files to load : global-override.properties,testdata.properties
INFO main com.framework.config.PropertiesRepository - Loading property file : global-override.properties
INFO main com.framework.config.PropertiesRepository - Loading property file : testdata.properties
INFO main com.framework.config.PropertiesRepository - Loading property file : global.properties
INFO main com.framework.config.PropertiesRepository - Loading property file : log4j.properties
INFO main com.framework.config.PropertiesRepository - Loading property file : log4j-h.properties
INFO main com.framework.config.PropertiesRepository - List of files to load : global-override.properties,testdata.properties
INFO main com.framework.config.PropertiesRepository - Loading property file : global-override.properties
INFO main com.framework.config.PropertiesRepository - Loading property file : testdata.properties
INFO main com.framework.config.PropertiesRepository - Loading property file : global.properties
INFO main com.framework.config.PropertiesRepository - Loading property file : log4j.properties
INFO main com.framework.config.PropertiesRepository - Loading property file : log4j-h.properties
INFO main com.framework.config.PropertiesRepository - List of files to load : global-override.properties,testdata.properties
INFO main com.framework.config.PropertiesRepository - Loading property file : global-override.properties
INFO main com.framework.config.PropertiesRepository - Loading property file : testdata.properties
INFO main com.framework.config.PropertiesRepository - Loading property file : global.properties
INFO main com.framework.config.PropertiesRepository - Loading property file : log4j.properties
INFO main com.framework.config.PropertiesRepository - Loading property file : log4j-h.properties
INFO main com.framework.config.PropertiesRepository - List of files to load : global-override.properties,testdata.properties
INFO main com.framework.config.PropertiesRepository - Loading property file : global-override.properties
INFO main com.framework.config.PropertiesRepository - Loading property file : testdata.properties
INFO main com.framework.config.PropertiesRepository - Loading property file : global.properties
INFO main com.framework.config.PropertiesRepository - Loading property file : log4j.properties
INFO main com.framework.config.PropertiesRepository - Loading property file : log4j-h.properties
INFO main com.framework.config.PropertiesRepository - List of files to load : global-override.properties,testdata.properties
INFO main com.framework.config.PropertiesRepository - Loading property file : global-override.properties
INFO main com.framework.config.PropertiesRepository - Loading property file : testdata.properties
INFO main com.framework.config.PropertiesRepository - Loading property file : global.properties
INFO main com.framework.config.PropertiesRepository - Loading property file : log4j.properties
INFO main com.framework.config.PropertiesRepository - Loading property file : log4j-h.properties
INFO main com.framework.config.PropertiesRepository - List of files to load : global-override.properties,testdata.properties
INFO main com.framework.config.PropertiesRepository - Loading property file : global-override.properties
INFO main com.framework.config.PropertiesRepository - Loading property file : testdata.properties
INFO main com.framework.config.PropertiesRepository - Loading property file : global.properties
INFO main com.framework.config.PropertiesRepository - Loading property file : log4j.properties
INFO main com.framework.config.PropertiesRepository - Loading property file : log4j-h.properties
INFO main com.framework.config.PropertiesRepository - List of files to load : global-override.properties,testdata.properties
INFO main com.framework.config.PropertiesRepository - Loading property file : global-override.properties
INFO main com.framework.config.PropertiesRepository - Loading property file : testdata.properties
INFO main com.framework.config.PropertiesRepository - Loading property file : global.properties
INFO main com.framework.config.PropertiesRepository - Loading property file : log4j.properties
INFO main com.framework.config.PropertiesRepository - Loading property file : log4j-h.properties
INFO main com.framework.config.PropertiesRepository - List of files to load : global-override.properties,testdata.properties
INFO main com.framework.config.PropertiesRepository - Loading property file : global-override.properties
INFO main com.framework.config.PropertiesRepository - Loading property file : testdata.properties
INFO main com.framework.config.PropertiesRepository - Loading property file : global.properties
INFO main com.framework.config.PropertiesRepository - Loading property file : log4j.properties
INFO main com.framework.config.PropertiesRepository - Loading property file : log4j-h.properties
INFO main com.framework.config.PropertiesRepository - List of files to load : global-override.properties,testdata.properties
INFO main com.framework.config.PropertiesRepository - Loading property file : global-override.properties
INFO main com.framework.config.PropertiesRepository - Loading property file : testdata.properties
INFO main com.framework.config.PropertiesRepository - Loading property file : global.properties
INFO main com.framework.config.PropertiesRepository - Loading property file : log4j.properties
INFO main com.framework.config.PropertiesRepository - Loading property file : log4j-h.properties
INFO main com.framework.config.PropertiesRepository - List of files to load : global-override.properties,testdata.properties
INFO main com.framework.config.PropertiesRepository - Loading property file : global-override.properties
INFO main com.framework.config.PropertiesRepository - Loading property file : testdata.properties
INFO main com.framework.config.PropertiesRepository - Loading property file : global.properties
INFO main com.framework.config.PropertiesRepository - Loading property file : log4j.properties
INFO main com.framework.config.PropertiesRepository - Loading property file : log4j-h.properties
INFO main com.framework.config.PropertiesRepository - List of files to load : global-override.properties,testdata.properties
INFO main com.framework.config.PropertiesRepository - Loading property file : global-override.properties
INFO main com.framework.config.PropertiesRepository - Loading property file : testdata.properties
INFO main com.framework.config.PropertiesRepository - Loading property file : global.properties
INFO main com.framework.config.PropertiesRepository - Loading property file : log4j.properties
INFO main com.framework.config.PropertiesRepository - Loading property file : log4j-h.properties
ERROR main com.framework.handlers.ElementHandler - Unable to click on the element: [[ChromeDriver: chrome on XP (52c4baefd322f8d117e5c31f64722fe5)] -> id: userNav-arrow]
 unknown error: Element <div class="userNav-buttonArrow mbrButtonArrow" id="userNav-arrow"></div> is not clickable at point (1019, 45). Other element would receive the click: <div class="overlayBackground" style="width: 1366px; height: 4611px; display: block;"></div>
  (Session info: chrome=75.0.3770.100)
  (Driver info: chromedriver=72.0.3626.69 (3c16f8a135abc0d4da2dff33804db79b849a7c38),platform=Windows NT 10.0.15063 x86_64) (WARNING: The server did not provide any stacktrace information)
Command duration or timeout: 0 milliseconds
Build info: version: '3.141.59', revision: 'e82be7d358', time: '2018-11-14T08:17:03'
System info: host: 'TP3VDIW10DEV205', ip: '10.25.6.248', os.name: 'Windows 10', os.arch: 'amd64', os.version: '10.0', java.version: '1.8.0_201'
Driver info: org.openqa.selenium.chrome.ChromeDriver
Capabilities {acceptInsecureCerts: false, acceptSslCerts: false, applicationCacheEnabled: false, browserConnectionEnabled: false, browserName: chrome, chrome: {chromedriverVersion: 72.0.3626.69 (3c16f8a135abc..., userDataDir: C:\Users\UX014784\AppData\L...}, cssSelectorsEnabled: true, databaseEnabled: false, goog:chromeOptions: {debuggerAddress: localhost:50015}, handlesAlerts: true, hasTouchScreen: false, javascriptEnabled: true, locationContextEnabled: true, mobileEmulationEnabled: false, nativeEvents: true, networkConnectionEnabled: false, pageLoadStrategy: normal, platform: XP, platformName: XP, proxy: Proxy(), rotatable: false, setWindowRect: true, takesHeapSnapshot: true, takesScreenshot: true, timeouts: {implicit: 0, pageLoad: 300000, script: 30000}, unexpectedAlertBehaviour: ignore, unhandledPromptBehavior: ignore, version: 75.0.3770.100, webStorageEnabled: true}
Session ID: 52c4baefd322f8d117e5c31f64722fe5
INFO main com.framework.config.PropertiesRepository - List of files to load : global-override.properties,testdata.properties
INFO main com.framework.config.PropertiesRepository - Loading property file : global-override.properties
INFO main com.framework.config.PropertiesRepository - Loading property file : testdata.properties
INFO main com.framework.config.PropertiesRepository - Loading property file : global.properties
INFO main com.framework.config.PropertiesRepository - Loading property file : log4j.properties
INFO main com.framework.config.PropertiesRepository - Loading property file : log4j-h.properties
INFO main com.framework.config.PropertiesRepository - List of files to load : global-override.properties,testdata.properties
INFO main com.framework.config.PropertiesRepository - Loading property file : global-override.properties
INFO main com.framework.config.PropertiesRepository - Loading property file : testdata.properties
INFO main com.framework.config.PropertiesRepository - Loading property file : global.properties
INFO main com.framework.config.PropertiesRepository - Loading property file : log4j.properties
INFO main com.framework.config.PropertiesRepository - Loading property file : log4j-h.properties
INFO main com.framework.config.PropertiesRepository - List of files to load : global-override.properties,testdata.properties
INFO main com.framework.config.PropertiesRepository - Loading property file : global-override.properties
INFO main com.framework.config.PropertiesRepository - Loading property file : testdata.properties
INFO main com.framework.config.PropertiesRepository - Loading property file : global.properties
INFO main com.framework.config.PropertiesRepository - Loading property file : log4j.properties
INFO main com.framework.config.PropertiesRepository - Loading property file : log4j-h.properties
INFO main com.framework.config.PropertiesRepository - List of files to load : global-override.properties,testdata.properties
INFO main com.framework.config.PropertiesRepository - Loading property file : global-override.properties
INFO main com.framework.config.PropertiesRepository - Loading property file : testdata.properties
INFO main com.framework.config.PropertiesRepository - Loading property file : global.properties
INFO main com.framework.config.PropertiesRepository - Loading property file : log4j.properties
INFO main com.framework.config.PropertiesRepository - Loading property file : log4j-h.properties
ERROR main com.framework.handlers.ElementHandler - Element : [[ChromeDriver: chrome on XP (c8270c2c80ba8f02c3fdc13f5e4bbf0f)] -> xpath: //span[text()='Customer Admin Activities']] is staled.
 Unable to click on it.
stale element reference: element is not attached to the page document
  (Session info: chrome=75.0.3770.100)
  (Driver info: chromedriver=72.0.3626.69 (3c16f8a135abc0d4da2dff33804db79b849a7c38),platform=Windows NT 10.0.15063 x86_64) (WARNING: The server did not provide any stacktrace information)
Command duration or timeout: 0 milliseconds
For documentation on this error, please visit: https://www.seleniumhq.org/exceptions/stale_element_reference.html
Build info: version: '3.141.59', revision: 'e82be7d358', time: '2018-11-14T08:17:03'
System info: host: 'TP3VDIW10DEV205', ip: '10.25.6.248', os.name: 'Windows 10', os.arch: 'amd64', os.version: '10.0', java.version: '1.8.0_201'
Driver info: org.openqa.selenium.chrome.ChromeDriver
Capabilities {acceptInsecureCerts: false, acceptSslCerts: false, applicationCacheEnabled: false, browserConnectionEnabled: false, browserName: chrome, chrome: {chromedriverVersion: 72.0.3626.69 (3c16f8a135abc..., userDataDir: C:\Users\UX014784\AppData\L...}, cssSelectorsEnabled: true, databaseEnabled: false, goog:chromeOptions: {debuggerAddress: localhost:54321}, handlesAlerts: true, hasTouchScreen: false, javascriptEnabled: true, locationContextEnabled: true, mobileEmulationEnabled: false, nativeEvents: true, networkConnectionEnabled: false, pageLoadStrategy: normal, platform: XP, platformName: XP, proxy: Proxy(), rotatable: false, setWindowRect: true, takesHeapSnapshot: true, takesScreenshot: true, timeouts: {implicit: 0, pageLoad: 300000, script: 30000}, unexpectedAlertBehaviour: ignore, unhandledPromptBehavior: ignore, version: 75.0.3770.100, webStorageEnabled: true}
Session ID: c8270c2c80ba8f02c3fdc13f5e4bbf0f
INFO main com.framework.config.PropertiesRepository - List of files to load : global-override.properties,testdata.properties
INFO main com.framework.config.PropertiesRepository - Loading property file : global-override.properties
INFO main com.framework.config.PropertiesRepository - Loading property file : testdata.properties
INFO main com.framework.config.PropertiesRepository - Loading property file : global.properties
INFO main com.framework.config.PropertiesRepository - Loading property file : log4j.properties
INFO main com.framework.config.PropertiesRepository - Loading property file : log4j-h.properties
INFO main com.framework.config.PropertiesRepository - List of files to load : global-override.properties,testdata.properties
INFO main com.framework.config.PropertiesRepository - Loading property file : global-override.properties
INFO main com.framework.config.PropertiesRepository - Loading property file : testdata.properties
INFO main com.framework.config.PropertiesRepository - Loading property file : global.properties
INFO main com.framework.config.PropertiesRepository - Loading property file : log4j.properties
INFO main com.framework.config.PropertiesRepository - Loading property file : log4j-h.properties
INFO main com.framework.config.PropertiesRepository - List of files to load : global-override.properties,testdata.properties
INFO main com.framework.config.PropertiesRepository - Loading property file : global-override.properties
INFO main com.framework.config.PropertiesRepository - Loading property file : testdata.properties
INFO main com.framework.config.PropertiesRepository - Loading property file : global.properties
INFO main com.framework.config.PropertiesRepository - Loading property file : log4j.properties
INFO main com.framework.config.PropertiesRepository - Loading property file : log4j-h.properties
ERROR main com.framework.handlers.ElementHandler - Unable to enter text on the element: Proxy element for: DefaultElementLocator 'By.id: phSearchInput'
 no such element: Unable to locate element: {"method":"id","selector":"phSearchInput"}
  (Session info: chrome=75.0.3770.100)
  (Driver info: chromedriver=72.0.3626.69 (3c16f8a135abc0d4da2dff33804db79b849a7c38),platform=Windows NT 10.0.15063 x86_64) (WARNING: The server did not provide any stacktrace information)
Command duration or timeout: 0 milliseconds
For documentation on this error, please visit: https://www.seleniumhq.org/exceptions/no_such_element.html
Build info: version: '3.141.59', revision: 'e82be7d358', time: '2018-11-14T08:17:03'
System info: host: 'TP3VDIW10DEV205', ip: '10.25.6.248', os.name: 'Windows 10', os.arch: 'amd64', os.version: '10.0', java.version: '1.8.0_201'
Driver info: org.openqa.selenium.chrome.ChromeDriver
Capabilities {acceptInsecureCerts: false, acceptSslCerts: false, applicationCacheEnabled: false, browserConnectionEnabled: false, browserName: chrome, chrome: {chromedriverVersion: 72.0.3626.69 (3c16f8a135abc..., userDataDir: C:\Users\UX014784\AppData\L...}, cssSelectorsEnabled: true, databaseEnabled: false, goog:chromeOptions: {debuggerAddress: localhost:55105}, handlesAlerts: true, hasTouchScreen: false, javascriptEnabled: true, locationContextEnabled: true, mobileEmulationEnabled: false, nativeEvents: true, networkConnectionEnabled: false, pageLoadStrategy: normal, platform: XP, platformName: XP, proxy: Proxy(), rotatable: false, setWindowRect: true, takesHeapSnapshot: true, takesScreenshot: true, timeouts: {implicit: 0, pageLoad: 300000, script: 30000}, unexpectedAlertBehaviour: ignore, unhandledPromptBehavior: ignore, version: 75.0.3770.100, webStorageEnabled: true}
Session ID: 216f0632c57eb079c8db95335009adae
*** Element info: {Using=id, value=phSearchInput}
INFO main com.framework.config.PropertiesRepository - List of files to load : global-override.properties,testdata.properties
INFO main com.framework.config.PropertiesRepository - Loading property file : global-override.properties
INFO main com.framework.config.PropertiesRepository - Loading property file : testdata.properties
INFO main com.framework.config.PropertiesRepository - Loading property file : global.properties
INFO main com.framework.config.PropertiesRepository - Loading property file : log4j.properties
INFO main com.framework.config.PropertiesRepository - Loading property file : log4j-h.properties
INFO main com.framework.config.PropertiesRepository - List of files to load : global-override.properties,testdata.properties
INFO main com.framework.config.PropertiesRepository - Loading property file : global-override.properties
INFO main com.framework.config.PropertiesRepository - Loading property file : testdata.properties
INFO main com.framework.config.PropertiesRepository - Loading property file : global.properties
INFO main com.framework.config.PropertiesRepository - Loading property file : log4j.properties
INFO main com.framework.config.PropertiesRepository - Loading property file : log4j-h.properties
ERROR main com.framework.handlers.ElementHandler - Unable to click on the element: [[ChromeDriver: chrome on XP (3405322f86559291d7e7eaf3244e1d2d)] -> id: userNav-arrow]
 unknown error: Element <div class="userNav-buttonArrow mbrButtonArrow" id="userNav-arrow"></div> is not clickable at point (1019, 45). Other element would receive the click: <div class="overlayBackground" style="width: 1366px; height: 4685px; display: block;"></div>
  (Session info: chrome=75.0.3770.100)
  (Driver info: chromedriver=72.0.3626.69 (3c16f8a135abc0d4da2dff33804db79b849a7c38),platform=Windows NT 10.0.15063 x86_64) (WARNING: The server did not provide any stacktrace information)
Command duration or timeout: 0 milliseconds
Build info: version: '3.141.59', revision: 'e82be7d358', time: '2018-11-14T08:17:03'
System info: host: 'TP3VDIW10DEV205', ip: '10.25.6.248', os.name: 'Windows 10', os.arch: 'amd64', os.version: '10.0', java.version: '1.8.0_201'
Driver info: org.openqa.selenium.chrome.ChromeDriver
Capabilities {acceptInsecureCerts: false, acceptSslCerts: false, applicationCacheEnabled: false, browserConnectionEnabled: false, browserName: chrome, chrome: {chromedriverVersion: 72.0.3626.69 (3c16f8a135abc..., userDataDir: C:\Users\UX014784\AppData\L...}, cssSelectorsEnabled: true, databaseEnabled: false, goog:chromeOptions: {debuggerAddress: localhost:64141}, handlesAlerts: true, hasTouchScreen: false, javascriptEnabled: true, locationContextEnabled: true, mobileEmulationEnabled: false, nativeEvents: true, networkConnectionEnabled: false, pageLoadStrategy: normal, platform: XP, platformName: XP, proxy: Proxy(), rotatable: false, setWindowRect: true, takesHeapSnapshot: true, takesScreenshot: true, timeouts: {implicit: 0, pageLoad: 300000, script: 30000}, unexpectedAlertBehaviour: ignore, unhandledPromptBehavior: ignore, version: 75.0.3770.100, webStorageEnabled: true}
Session ID: 3405322f86559291d7e7eaf3244e1d2d
INFO main com.framework.config.PropertiesRepository - List of files to load : global-override.properties,testdata.properties
INFO main com.framework.config.PropertiesRepository - Loading property file : global-override.properties
INFO main com.framework.config.PropertiesRepository - Loading property file : testdata.properties
INFO main com.framework.config.PropertiesRepository - Loading property file : global.properties
INFO main com.framework.config.PropertiesRepository - Loading property file : log4j.properties
INFO main com.framework.config.PropertiesRepository - Loading property file : log4j-h.properties
INFO main com.framework.config.PropertiesRepository - List of files to load : global-override.properties,testdata.properties
INFO main com.framework.config.PropertiesRepository - Loading property file : global-override.properties
INFO main com.framework.config.PropertiesRepository - Loading property file : testdata.properties
INFO main com.framework.config.PropertiesRepository - Loading property file : global.properties
INFO main com.framework.config.PropertiesRepository - Loading property file : log4j.properties
INFO main com.framework.config.PropertiesRepository - Loading property file : log4j-h.properties
ERROR main com.framework.handlers.ElementHandler - Unable to click on the element: Proxy element for: DefaultElementLocator 'By.xpath: //tr[@class='headerRow']//parent::tbody//a'
 Expected condition failed: waiting for element to be clickable: Proxy element for: DefaultElementLocator 'By.xpath: //tr[@class='headerRow']//parent::tbody//a' (tried for 15 second(s) with 500 milliseconds interval)
INFO main com.framework.config.PropertiesRepository - List of files to load : global-override.properties,testdata.properties
INFO main com.framework.config.PropertiesRepository - Loading property file : global-override.properties
INFO main com.framework.config.PropertiesRepository - Loading property file : testdata.properties
INFO main com.framework.config.PropertiesRepository - Loading property file : global.properties
INFO main com.framework.config.PropertiesRepository - Loading property file : log4j.properties
INFO main com.framework.config.PropertiesRepository - Loading property file : log4j-h.properties
ERROR main com.framework.handlers.ElementHandler - Unable to click on the element: [[ChromeDriver: chrome on XP (9744ce675a06ec0195834fefe8098b57)] -> xpath: //td[@id='topButtonRow']//input[@title='Submit For Approval']]
 unknown error: Element <input value="Submit For Approval" class="btn" name="grc_submit_for_approval" title="Submit For Approval" type="button" onclick="if (window.invokeOnClickJS_00b40000000qHX6) window.invokeOnClickJS_00b40000000qHX6(this); else if (parent.window.invokeOnClickJS_00b40000000qHX6) parent.window.invokeOnClickJS_00b40000000qHX6(this); return false"> is not clickable at point (919, 285). Other element would receive the click: <iframe frameborder="0" id="RLPanelFrame" name="RLPanelFrame" src="/emptyHtmlDoc.html" title="Hidden Frame - Ignore" style="height: 177px;"></iframe>
  (Session info: chrome=75.0.3770.100)
  (Driver info: chromedriver=72.0.3626.69 (3c16f8a135abc0d4da2dff33804db79b849a7c38),platform=Windows NT 10.0.15063 x86_64) (WARNING: The server did not provide any stacktrace information)
Command duration or timeout: 0 milliseconds
Build info: version: '3.141.59', revision: 'e82be7d358', time: '2018-11-14T08:17:03'
System info: host: 'TP3VDIW10DEV205', ip: '10.25.6.248', os.name: 'Windows 10', os.arch: 'amd64', os.version: '10.0', java.version: '1.8.0_201'
Driver info: org.openqa.selenium.chrome.ChromeDriver
Capabilities {acceptInsecureCerts: false, acceptSslCerts: false, applicationCacheEnabled: false, browserConnectionEnabled: false, browserName: chrome, chrome: {chromedriverVersion: 72.0.3626.69 (3c16f8a135abc..., userDataDir: C:\Users\UX014784\AppData\L...}, cssSelectorsEnabled: true, databaseEnabled: false, goog:chromeOptions: {debuggerAddress: localhost:65217}, handlesAlerts: true, hasTouchScreen: false, javascriptEnabled: true, locationContextEnabled: true, mobileEmulationEnabled: false, nativeEvents: true, networkConnectionEnabled: false, pageLoadStrategy: normal, platform: XP, platformName: XP, proxy: Proxy(), rotatable: false, setWindowRect: true, takesHeapSnapshot: true, takesScreenshot: true, timeouts: {implicit: 0, pageLoad: 300000, script: 30000}, unexpectedAlertBehaviour: ignore, unhandledPromptBehavior: ignore, version: 75.0.3770.100, webStorageEnabled: true}
Session ID: 9744ce675a06ec0195834fefe8098b57
INFO main com.framework.config.PropertiesRepository - List of files to load : global-override.properties,testdata.properties
INFO main com.framework.config.PropertiesRepository - Loading property file : global-override.properties
INFO main com.framework.config.PropertiesRepository - Loading property file : testdata.properties
INFO main com.framework.config.PropertiesRepository - Loading property file : global.properties
INFO main com.framework.config.PropertiesRepository - Loading property file : log4j.properties
INFO main com.framework.config.PropertiesRepository - Loading property file : log4j-h.properties
INFO main com.framework.config.PropertiesRepository - List of files to load : global-override.properties,testdata.properties
INFO main com.framework.config.PropertiesRepository - Loading property file : global-override.properties
INFO main com.framework.config.PropertiesRepository - Loading property file : testdata.properties
INFO main com.framework.config.PropertiesRepository - Loading property file : global.properties
INFO main com.framework.config.PropertiesRepository - Loading property file : log4j.properties
INFO main com.framework.config.PropertiesRepository - Loading property file : log4j-h.properties
ERROR main com.framework.handlers.ElementHandler - Element [[ChromeDriver: chrome on XP (e231ab8e4b0d084e324093696d938d76)] -> xpath: //div[@id='User_body']/table/tbody/tr[2]//div[@class='displayName']/a] is not visible 
 stale element reference: element is not attached to the page document
  (Session info: chrome=75.0.3770.100)
  (Driver info: chromedriver=72.0.3626.69 (3c16f8a135abc0d4da2dff33804db79b849a7c38),platform=Windows NT 10.0.15063 x86_64) (WARNING: The server did not provide any stacktrace information)
Command duration or timeout: 0 milliseconds
For documentation on this error, please visit: https://www.seleniumhq.org/exceptions/stale_element_reference.html
Build info: version: '3.141.59', revision: 'e82be7d358', time: '2018-11-14T08:17:03'
System info: host: 'TP3VDIW10DEV205', ip: '10.25.6.248', os.name: 'Windows 10', os.arch: 'amd64', os.version: '10.0', java.version: '1.8.0_201'
Driver info: org.openqa.selenium.chrome.ChromeDriver
Capabilities {acceptInsecureCerts: false, acceptSslCerts: false, applicationCacheEnabled: false, browserConnectionEnabled: false, browserName: chrome, chrome: {chromedriverVersion: 72.0.3626.69 (3c16f8a135abc..., userDataDir: C:\Users\UX014784\AppData\L...}, cssSelectorsEnabled: true, databaseEnabled: false, goog:chromeOptions: {debuggerAddress: localhost:54899}, handlesAlerts: true, hasTouchScreen: false, javascriptEnabled: true, locationContextEnabled: true, mobileEmulationEnabled: false, nativeEvents: true, networkConnectionEnabled: false, pageLoadStrategy: normal, platform: XP, platformName: XP, proxy: Proxy(), rotatable: false, setWindowRect: true, takesHeapSnapshot: true, takesScreenshot: true, timeouts: {implicit: 0, pageLoad: 300000, script: 30000}, unexpectedAlertBehaviour: ignore, unhandledPromptBehavior: ignore, version: 75.0.3770.100, webStorageEnabled: true}
Session ID: e231ab8e4b0d084e324093696d938d76
INFO main com.framework.config.PropertiesRepository - List of files to load : global-override.properties,testdata.properties
INFO main com.framework.config.PropertiesRepository - Loading property file : global-override.properties
INFO main com.framework.config.PropertiesRepository - Loading property file : testdata.properties
INFO main com.framework.config.PropertiesRepository - Loading property file : global.properties
INFO main com.framework.config.PropertiesRepository - Loading property file : log4j.properties
INFO main com.framework.config.PropertiesRepository - Loading property file : log4j-h.properties
INFO main com.framework.config.PropertiesRepository - List of files to load : global-override.properties,testdata.properties
INFO main com.framework.config.PropertiesRepository - Loading property file : global-override.properties
INFO main com.framework.config.PropertiesRepository - Loading property file : testdata.properties
INFO main com.framework.config.PropertiesRepository - Loading property file : global.properties
INFO main com.framework.config.PropertiesRepository - Loading property file : log4j.properties
INFO main com.framework.config.PropertiesRepository - Loading property file : log4j-h.properties
ERROR main com.framework.handlers.ElementHandler - Unable to click on the element: [[ChromeDriver: chrome on XP (e16292f5163c585e2ff12195513a31bc)] -> xpath: //a[@title='Accounts Tab']]
 Expected condition failed: waiting for element to be clickable: [[ChromeDriver: chrome on XP (e16292f5163c585e2ff12195513a31bc)] -> xpath: //a[@title='Accounts Tab']] (tried for 15 second(s) with 500 milliseconds interval)
INFO main com.framework.config.PropertiesRepository - List of files to load : global-override.properties,testdata.properties
INFO main com.framework.config.PropertiesRepository - Loading property file : global-override.properties
INFO main com.framework.config.PropertiesRepository - Loading property file : testdata.properties
INFO main com.framework.config.PropertiesRepository - Loading property file : global.properties
INFO main com.framework.config.PropertiesRepository - Loading property file : log4j.properties
INFO main com.framework.config.PropertiesRepository - Loading property file : log4j-h.properties
INFO main com.framework.config.PropertiesRepository - List of files to load : global-override.properties,testdata.properties
INFO main com.framework.config.PropertiesRepository - Loading property file : global-override.properties
INFO main com.framework.config.PropertiesRepository - Loading property file : testdata.properties
INFO main com.framework.config.PropertiesRepository - Loading property file : global.properties
INFO main com.framework.config.PropertiesRepository - Loading property file : log4j.properties
INFO main com.framework.config.PropertiesRepository - Loading property file : log4j-h.properties
ERROR main com.framework.handlers.ElementHandler - Element : [[ChromeDriver: chrome on XP (191c8a8d36e29d39c809991f3456d3ce)] -> xpath: //input[@name='send_with_docusign']] is staled.
 Unable to click on it.
stale element reference: element is not attached to the page document
  (Session info: chrome=75.0.3770.100)
  (Driver info: chromedriver=72.0.3626.69 (3c16f8a135abc0d4da2dff33804db79b849a7c38),platform=Windows NT 10.0.15063 x86_64) (WARNING: The server did not provide any stacktrace information)
Command duration or timeout: 0 milliseconds
For documentation on this error, please visit: https://www.seleniumhq.org/exceptions/stale_element_reference.html
Build info: version: '3.141.59', revision: 'e82be7d358', time: '2018-11-14T08:17:03'
System info: host: 'TP3VDIW10DEV205', ip: '10.25.6.248', os.name: 'Windows 10', os.arch: 'amd64', os.version: '10.0', java.version: '1.8.0_201'
Driver info: org.openqa.selenium.chrome.ChromeDriver
Capabilities {acceptInsecureCerts: false, acceptSslCerts: false, applicationCacheEnabled: false, browserConnectionEnabled: false, browserName: chrome, chrome: {chromedriverVersion: 72.0.3626.69 (3c16f8a135abc..., userDataDir: C:\Users\UX014784\AppData\L...}, cssSelectorsEnabled: true, databaseEnabled: false, goog:chromeOptions: {debuggerAddress: localhost:51518}, handlesAlerts: true, hasTouchScreen: false, javascriptEnabled: true, locationContextEnabled: true, mobileEmulationEnabled: false, nativeEvents: true, networkConnectionEnabled: false, pageLoadStrategy: normal, platform: XP, platformName: XP, proxy: Proxy(), rotatable: false, setWindowRect: true, takesHeapSnapshot: true, takesScreenshot: true, timeouts: {implicit: 0, pageLoad: 300000, script: 30000}, unexpectedAlertBehaviour: ignore, unhandledPromptBehavior: ignore, version: 75.0.3770.100, webStorageEnabled: true}
Session ID: 191c8a8d36e29d39c809991f3456d3ce
INFO main com.framework.config.PropertiesRepository - List of files to load : global-override.properties,testdata.properties
INFO main com.framework.config.PropertiesRepository - Loading property file : global-override.properties
INFO main com.framework.config.PropertiesRepository - Loading property file : testdata.properties
INFO main com.framework.config.PropertiesRepository - Loading property file : global.properties
INFO main com.framework.config.PropertiesRepository - Loading property file : log4j.properties
INFO main com.framework.config.PropertiesRepository - Loading property file : log4j-h.properties
INFO main com.framework.config.PropertiesRepository - List of files to load : global-override.properties,testdata.properties
INFO main com.framework.config.PropertiesRepository - Loading property file : global-override.properties
INFO main com.framework.config.PropertiesRepository - Loading property file : testdata.properties
INFO main com.framework.config.PropertiesRepository - Loading property file : global.properties
INFO main com.framework.config.PropertiesRepository - Loading property file : log4j.properties
INFO main com.framework.config.PropertiesRepository - Loading property file : log4j-h.properties
ERROR main com.framework.handlers.ElementHandler - Unable to click on the element: [[ChromeDriver: chrome on XP (83787ec88851b8469d229fa861d6002b)] -> xpath: //a[text()='Quick Add']]
 Expected condition failed: waiting for element to be clickable: [[ChromeDriver: chrome on XP (83787ec88851b8469d229fa861d6002b)] -> xpath: //a[text()='Quick Add']] (tried for 15 second(s) with 500 milliseconds interval)
Build info: version: '3.141.59', revision: 'e82be7d358', time: '2018-11-14T08:17:03'
System info: host: 'TP3VDIW10DEV205', ip: '10.25.6.248', os.name: 'Windows 10', os.arch: 'amd64', os.version: '10.0', java.version: '1.8.0_201'
Driver info: org.openqa.selenium.chrome.ChromeDriver
Capabilities {acceptInsecureCerts: false, acceptSslCerts: false, applicationCacheEnabled: false, browserConnectionEnabled: false, browserName: chrome, chrome: {chromedriverVersion: 72.0.3626.69 (3c16f8a135abc..., userDataDir: C:\Users\UX014784\AppData\L...}, cssSelectorsEnabled: true, databaseEnabled: false, goog:chromeOptions: {debuggerAddress: localhost:53737}, handlesAlerts: true, hasTouchScreen: false, javascriptEnabled: true, locationContextEnabled: true, mobileEmulationEnabled: false, nativeEvents: true, networkConnectionEnabled: false, pageLoadStrategy: normal, platform: XP, platformName: XP, proxy: Proxy(), rotatable: false, setWindowRect: true, takesHeapSnapshot: true, takesScreenshot: true, timeouts: {implicit: 0, pageLoad: 300000, script: 30000}, unexpectedAlertBehaviour: ignore, unhandledPromptBehavior: ignore, version: 75.0.3770.100, webStorageEnabled: true}
Session ID: 83787ec88851b8469d229fa861d6002b
INFO main com.framework.config.PropertiesRepository - List of files to load : global-override.properties,testdata.properties
INFO main com.framework.config.PropertiesRepository - Loading property file : global-override.properties
INFO main com.framework.config.PropertiesRepository - Loading property file : testdata.properties
INFO main com.framework.config.PropertiesRepository - Loading property file : global.properties
INFO main com.framework.config.PropertiesRepository - Loading property file : log4j.properties
INFO main com.framework.config.PropertiesRepository - Loading property file : log4j-h.properties
INFO main com.framework.config.PropertiesRepository - List of files to load : global-override.properties,testdata.properties
INFO main com.framework.config.PropertiesRepository - Loading property file : global-override.properties
INFO main com.framework.config.PropertiesRepository - Loading property file : testdata.properties
INFO main com.framework.config.PropertiesRepository - Loading property file : global.properties
INFO main com.framework.config.PropertiesRepository - Loading property file : log4j.properties
INFO main com.framework.config.PropertiesRepository - Loading property file : log4j-h.properties
ERROR main com.framework.handlers.ElementHandler - Unable to click on the element: [[ChromeDriver: chrome on XP (947e6291b2f44e6de2d3155ecae13f6c)] -> xpath: //a[text()='Quotes']]
 Expected condition failed: waiting for element to be clickable: [[ChromeDriver: chrome on XP (947e6291b2f44e6de2d3155ecae13f6c)] -> xpath: //a[text()='Quotes']] (tried for 15 second(s) with 500 milliseconds interval)
INFO main com.framework.config.PropertiesRepository - List of files to load : global-override.properties,testdata.properties
INFO main com.framework.config.PropertiesRepository - Loading property file : global-override.properties
INFO main com.framework.config.PropertiesRepository - Loading property file : testdata.properties
INFO main com.framework.config.PropertiesRepository - Loading property file : global.properties
INFO main com.framework.config.PropertiesRepository - Loading property file : log4j.properties
INFO main com.framework.config.PropertiesRepository - Loading property file : log4j-h.properties
ERROR main com.framework.handlers.ElementHandler - Unable to click on the element: [[ChromeDriver: chrome on XP (cc040346e5e75d4980191450715b0d5f)] -> xpath: //a[text()='Next']]
 unknown error: Element <a class="next" href="javascript:void(0);" id="nextButton" style="">...</a> is not clickable at point (1276, 607). Other element would receive the click: <div class="ds-edit-recipient-modal modal-background" style="">...</div>
  (Session info: chrome=75.0.3770.100)
  (Driver info: chromedriver=72.0.3626.69 (3c16f8a135abc0d4da2dff33804db79b849a7c38),platform=Windows NT 10.0.15063 x86_64) (WARNING: The server did not provide any stacktrace information)
Command duration or timeout: 0 milliseconds
Build info: version: '3.141.59', revision: 'e82be7d358', time: '2018-11-14T08:17:03'
System info: host: 'TP3VDIW10DEV205', ip: '10.25.6.248', os.name: 'Windows 10', os.arch: 'amd64', os.version: '10.0', java.version: '1.8.0_201'
Driver info: org.openqa.selenium.chrome.ChromeDriver
Capabilities {acceptInsecureCerts: false, acceptSslCerts: false, applicationCacheEnabled: false, browserConnectionEnabled: false, browserName: chrome, chrome: {chromedriverVersion: 72.0.3626.69 (3c16f8a135abc..., userDataDir: C:\Users\UX014784\AppData\L...}, cssSelectorsEnabled: true, databaseEnabled: false, goog:chromeOptions: {debuggerAddress: localhost:55141}, handlesAlerts: true, hasTouchScreen: false, javascriptEnabled: true, locationContextEnabled: true, mobileEmulationEnabled: false, nativeEvents: true, networkConnectionEnabled: false, pageLoadStrategy: normal, platform: XP, platformName: XP, proxy: Proxy(), rotatable: false, setWindowRect: true, takesHeapSnapshot: true, takesScreenshot: true, timeouts: {implicit: 0, pageLoad: 300000, script: 30000}, unexpectedAlertBehaviour: ignore, unhandledPromptBehavior: ignore, version: 75.0.3770.100, webStorageEnabled: true}
Session ID: cc040346e5e75d4980191450715b0d5f
INFO main com.framework.config.PropertiesRepository - List of files to load : global-override.properties,testdata.properties
INFO main com.framework.config.PropertiesRepository - Loading property file : global-override.properties
INFO main com.framework.config.PropertiesRepository - Loading property file : testdata.properties
INFO main com.framework.config.PropertiesRepository - Loading property file : global.properties
INFO main com.framework.config.PropertiesRepository - Loading property file : log4j.properties
INFO main com.framework.config.PropertiesRepository - Loading property file : log4j-h.properties
ERROR main com.framework.handlers.ElementHandler - Unable to click on the element: [[ChromeDriver: chrome on XP (1541ca7f5d81a243bcad3b20d90932c1)] -> id: userNav-arrow]
 unknown error: Element <div class="userNav-buttonArrow mbrButtonArrow" id="userNav-arrow"></div> is not clickable at point (1019, 45). Other element would receive the click: <div class="overlayBackground" style="width: 1366px; height: 4722px; display: block;"></div>
  (Session info: chrome=75.0.3770.100)
  (Driver info: chromedriver=72.0.3626.69 (3c16f8a135abc0d4da2dff33804db79b849a7c38),platform=Windows NT 10.0.15063 x86_64) (WARNING: The server did not provide any stacktrace information)
Command duration or timeout: 0 milliseconds
Build info: version: '3.141.59', revision: 'e82be7d358', time: '2018-11-14T08:17:03'
System info: host: 'TP3VDIW10DEV205', ip: '10.25.6.248', os.name: 'Windows 10', os.arch: 'amd64', os.version: '10.0', java.version: '1.8.0_201'
Driver info: org.openqa.selenium.chrome.ChromeDriver
Capabilities {acceptInsecureCerts: false, acceptSslCerts: false, applicationCacheEnabled: false, browserConnectionEnabled: false, browserName: chrome, chrome: {chromedriverVersion: 72.0.3626.69 (3c16f8a135abc..., userDataDir: C:\Users\UX014784\AppData\L...}, cssSelectorsEnabled: true, databaseEnabled: false, goog:chromeOptions: {debuggerAddress: localhost:58085}, handlesAlerts: true, hasTouchScreen: false, javascriptEnabled: true, locationContextEnabled: true, mobileEmulationEnabled: false, nativeEvents: true, networkConnectionEnabled: false, pageLoadStrategy: normal, platform: XP, platformName: XP, proxy: Proxy(), rotatable: false, setWindowRect: true, takesHeapSnapshot: true, takesScreenshot: true, timeouts: {implicit: 0, pageLoad: 300000, script: 30000}, unexpectedAlertBehaviour: ignore, unhandledPromptBehavior: ignore, version: 75.0.3770.100, webStorageEnabled: true}
Session ID: 1541ca7f5d81a243bcad3b20d90932c1
INFO main com.framework.config.PropertiesRepository - List of files to load : global-override.properties,testdata.properties
INFO main com.framework.config.PropertiesRepository - Loading property file : global-override.properties
INFO main com.framework.config.PropertiesRepository - Loading property file : testdata.properties
INFO main com.framework.config.PropertiesRepository - Loading property file : global.properties
INFO main com.framework.config.PropertiesRepository - Loading property file : log4j.properties
INFO main com.framework.config.PropertiesRepository - Loading property file : log4j-h.properties
INFO main com.framework.config.PropertiesRepository - List of files to load : global-override.properties,testdata.properties
INFO main com.framework.config.PropertiesRepository - Loading property file : global-override.properties
INFO main com.framework.config.PropertiesRepository - Loading property file : testdata.properties
INFO main com.framework.config.PropertiesRepository - Loading property file : global.properties
INFO main com.framework.config.PropertiesRepository - Loading property file : log4j.properties
INFO main com.framework.config.PropertiesRepository - Loading property file : log4j-h.properties
INFO main com.framework.config.PropertiesRepository - List of files to load : global-override.properties,testdata.properties
INFO main com.framework.config.PropertiesRepository - Loading property file : global-override.properties
INFO main com.framework.config.PropertiesRepository - Loading property file : testdata.properties
INFO main com.framework.config.PropertiesRepository - Loading property file : global.properties
INFO main com.framework.config.PropertiesRepository - Loading property file : log4j.properties
INFO main com.framework.config.PropertiesRepository - Loading property file : log4j-h.properties
INFO main com.framework.config.PropertiesRepository - List of files to load : global-override.properties,testdata.properties
INFO main com.framework.config.PropertiesRepository - Loading property file : global-override.properties
INFO main com.framework.config.PropertiesRepository - Loading property file : testdata.properties
INFO main com.framework.config.PropertiesRepository - Loading property file : global.properties
INFO main com.framework.config.PropertiesRepository - Loading property file : log4j.properties
INFO main com.framework.config.PropertiesRepository - Loading property file : log4j-h.properties
INFO main com.framework.config.PropertiesRepository - List of files to load : global-override.properties,testdata.properties
INFO main com.framework.config.PropertiesRepository - Loading property file : global-override.properties
INFO main com.framework.config.PropertiesRepository - Loading property file : testdata.properties
INFO main com.framework.config.PropertiesRepository - Loading property file : global.properties
INFO main com.framework.config.PropertiesRepository - Loading property file : log4j.properties
INFO main com.framework.config.PropertiesRepository - Loading property file : log4j-h.properties
INFO main com.framework.config.PropertiesRepository - List of files to load : global-override.properties,testdata.properties
INFO main com.framework.config.PropertiesRepository - Loading property file : global-override.properties
INFO main com.framework.config.PropertiesRepository - Loading property file : testdata.properties
INFO main com.framework.config.PropertiesRepository - Loading property file : global.properties
INFO main com.framework.config.PropertiesRepository - Loading property file : log4j.properties
INFO main com.framework.config.PropertiesRepository - Loading property file : log4j-h.properties
INFO main com.framework.config.PropertiesRepository - List of files to load : global-override.properties,testdata.properties
INFO main com.framework.config.PropertiesRepository - Loading property file : global-override.properties
INFO main com.framework.config.PropertiesRepository - Loading property file : testdata.properties
INFO main com.framework.config.PropertiesRepository - Loading property file : global.properties
INFO main com.framework.config.PropertiesRepository - Loading property file : log4j.properties
INFO main com.framework.config.PropertiesRepository - Loading property file : log4j-h.properties
ERROR main com.framework.handlers.ElementHandler - Unable to click on the element: [[ChromeDriver: chrome on XP (0b040ee3b0e68150c1df3cab13c47eb1)] -> id: userNav-arrow]
 unknown error: Element <div class="userNav-buttonArrow mbrButtonArrow" id="userNav-arrow"></div> is not clickable at point (1019, 45). Other element would receive the click: <div class="overlayBackground" style="width: 1366px; height: 4722px; display: block;"></div>
  (Session info: chrome=75.0.3770.100)
  (Driver info: chromedriver=72.0.3626.69 (3c16f8a135abc0d4da2dff33804db79b849a7c38),platform=Windows NT 10.0.15063 x86_64) (WARNING: The server did not provide any stacktrace information)
Command duration or timeout: 0 milliseconds
Build info: version: '3.141.59', revision: 'e82be7d358', time: '2018-11-14T08:17:03'
System info: host: 'TP3VDIW10DEV205', ip: '10.25.6.248', os.name: 'Windows 10', os.arch: 'amd64', os.version: '10.0', java.version: '1.8.0_201'
Driver info: org.openqa.selenium.chrome.ChromeDriver
Capabilities {acceptInsecureCerts: false, acceptSslCerts: false, applicationCacheEnabled: false, browserConnectionEnabled: false, browserName: chrome, chrome: {chromedriverVersion: 72.0.3626.69 (3c16f8a135abc..., userDataDir: C:\Users\UX014784\AppData\L...}, cssSelectorsEnabled: true, databaseEnabled: false, goog:chromeOptions: {debuggerAddress: localhost:57243}, handlesAlerts: true, hasTouchScreen: false, javascriptEnabled: true, locationContextEnabled: true, mobileEmulationEnabled: false, nativeEvents: true, networkConnectionEnabled: false, pageLoadStrategy: normal, platform: XP, platformName: XP, proxy: Proxy(), rotatable: false, setWindowRect: true, takesHeapSnapshot: true, takesScreenshot: true, timeouts: {implicit: 0, pageLoad: 300000, script: 30000}, unexpectedAlertBehaviour: ignore, unhandledPromptBehavior: ignore, version: 75.0.3770.100, webStorageEnabled: true}
Session ID: 0b040ee3b0e68150c1df3cab13c47eb1
INFO main com.framework.config.PropertiesRepository - List of files to load : global-override.properties,testdata.properties
INFO main com.framework.config.PropertiesRepository - Loading property file : global-override.properties
INFO main com.framework.config.PropertiesRepository - Loading property file : testdata.properties
INFO main com.framework.config.PropertiesRepository - Loading property file : global.properties
INFO main com.framework.config.PropertiesRepository - Loading property file : log4j.properties
INFO main com.framework.config.PropertiesRepository - Loading property file : log4j-h.properties
ERROR main com.framework.handlers.ElementHandler - Element : [[ChromeDriver: chrome on XP (14f32327e67c9a81fea9000f0d810f81)] -> xpath: //span[contains(@class,'listTitle')][contains(text(),'Contact Roles')]] is staled.
 Unable to click on it.
stale element reference: element is not attached to the page document
  (Session info: chrome=75.0.3770.100)
  (Driver info: chromedriver=72.0.3626.69 (3c16f8a135abc0d4da2dff33804db79b849a7c38),platform=Windows NT 10.0.15063 x86_64) (WARNING: The server did not provide any stacktrace information)
Command duration or timeout: 0 milliseconds
For documentation on this error, please visit: https://www.seleniumhq.org/exceptions/stale_element_reference.html
Build info: version: '3.141.59', revision: 'e82be7d358', time: '2018-11-14T08:17:03'
System info: host: 'TP3VDIW10DEV205', ip: '10.25.6.248', os.name: 'Windows 10', os.arch: 'amd64', os.version: '10.0', java.version: '1.8.0_201'
Driver info: org.openqa.selenium.chrome.ChromeDriver
Capabilities {acceptInsecureCerts: false, acceptSslCerts: false, applicationCacheEnabled: false, browserConnectionEnabled: false, browserName: chrome, chrome: {chromedriverVersion: 72.0.3626.69 (3c16f8a135abc..., userDataDir: C:\Users\UX014784\AppData\L...}, cssSelectorsEnabled: true, databaseEnabled: false, goog:chromeOptions: {debuggerAddress: localhost:58592}, handlesAlerts: true, hasTouchScreen: false, javascriptEnabled: true, locationContextEnabled: true, mobileEmulationEnabled: false, nativeEvents: true, networkConnectionEnabled: false, pageLoadStrategy: normal, platform: XP, platformName: XP, proxy: Proxy(), rotatable: false, setWindowRect: true, takesHeapSnapshot: true, takesScreenshot: true, timeouts: {implicit: 0, pageLoad: 300000, script: 30000}, unexpectedAlertBehaviour: ignore, unhandledPromptBehavior: ignore, version: 75.0.3770.100, webStorageEnabled: true}
Session ID: 14f32327e67c9a81fea9000f0d810f81
INFO main com.framework.config.PropertiesRepository - List of files to load : global-override.properties,testdata.properties
INFO main com.framework.config.PropertiesRepository - Loading property file : global-override.properties
INFO main com.framework.config.PropertiesRepository - Loading property file : testdata.properties
INFO main com.framework.config.PropertiesRepository - Loading property file : global.properties
INFO main com.framework.config.PropertiesRepository - Loading property file : log4j.properties
INFO main com.framework.config.PropertiesRepository - Loading property file : log4j-h.properties
INFO main com.framework.config.PropertiesRepository - List of files to load : global-override.properties,testdata.properties
INFO main com.framework.config.PropertiesRepository - Loading property file : global-override.properties
INFO main com.framework.config.PropertiesRepository - Loading property file : testdata.properties
INFO main com.framework.config.PropertiesRepository - Loading property file : global.properties
INFO main com.framework.config.PropertiesRepository - Loading property file : log4j.properties
INFO main com.framework.config.PropertiesRepository - Loading property file : log4j-h.properties
INFO main com.framework.config.PropertiesRepository - List of files to load : global-override.properties,testdata.properties
INFO main com.framework.config.PropertiesRepository - Loading property file : global-override.properties
INFO main com.framework.config.PropertiesRepository - Loading property file : testdata.properties
INFO main com.framework.config.PropertiesRepository - Loading property file : global.properties
INFO main com.framework.config.PropertiesRepository - Loading property file : log4j.properties
INFO main com.framework.config.PropertiesRepository - Loading property file : log4j-h.properties
ERROR main com.framework.handlers.ElementHandler - Unable to click on the element: [[ChromeDriver: chrome on XP (e292efb9cf2919af0ac41b6a039ded00)] -> xpath: //a[@title='Accounts Tab']]
 Expected condition failed: waiting for element to be clickable: Proxy element for: DefaultElementLocator 'By.xpath: //a[@title='Accounts Tab']' (tried for 15 second(s) with 500 milliseconds interval)
INFO main com.framework.config.PropertiesRepository - List of files to load : global-override.properties,testdata.properties
INFO main com.framework.config.PropertiesRepository - Loading property file : global-override.properties
INFO main com.framework.config.PropertiesRepository - Loading property file : testdata.properties
INFO main com.framework.config.PropertiesRepository - Loading property file : global.properties
INFO main com.framework.config.PropertiesRepository - Loading property file : log4j.properties
INFO main com.framework.config.PropertiesRepository - Loading property file : log4j-h.properties
INFO main com.framework.config.PropertiesRepository - List of files to load : global-override.properties,testdata.properties
INFO main com.framework.config.PropertiesRepository - Loading property file : global-override.properties
INFO main com.framework.config.PropertiesRepository - Loading property file : testdata.properties
INFO main com.framework.config.PropertiesRepository - Loading property file : global.properties
INFO main com.framework.config.PropertiesRepository - Loading property file : log4j.properties
INFO main com.framework.config.PropertiesRepository - Loading property file : log4j-h.properties
INFO main com.framework.config.PropertiesRepository - List of files to load : global-override.properties,testdata.properties
INFO main com.framework.config.PropertiesRepository - Loading property file : global-override.properties
INFO main com.framework.config.PropertiesRepository - Loading property file : testdata.properties
INFO main com.framework.config.PropertiesRepository - Loading property file : global.properties
INFO main com.framework.config.PropertiesRepository - Loading property file : log4j.properties
INFO main com.framework.config.PropertiesRepository - Loading property file : log4j-h.properties
INFO main com.framework.config.PropertiesRepository - List of files to load : global-override.properties,testdata.properties
INFO main com.framework.config.PropertiesRepository - Loading property file : global-override.properties
INFO main com.framework.config.PropertiesRepository - Loading property file : testdata.properties
INFO main com.framework.config.PropertiesRepository - Loading property file : global.properties
INFO main com.framework.config.PropertiesRepository - Loading property file : log4j.properties
INFO main com.framework.config.PropertiesRepository - Loading property file : log4j-h.properties
INFO main com.framework.config.PropertiesRepository - List of files to load : global-override.properties,testdata.properties
INFO main com.framework.config.PropertiesRepository - Loading property file : global-override.properties
INFO main com.framework.config.PropertiesRepository - Loading property file : testdata.properties
INFO main com.framework.config.PropertiesRepository - Loading property file : global.properties
INFO main com.framework.config.PropertiesRepository - Loading property file : log4j.properties
INFO main com.framework.config.PropertiesRepository - Loading property file : log4j-h.properties
ERROR main com.framework.handlers.ElementHandler - Element Proxy element for: DefaultElementLocator 'By.xpath: //h3[text()='Quote Detail']/..//img' is not visible 
 Expected condition failed: waiting for visibility of Proxy element for: DefaultElementLocator 'By.xpath: //h3[text()='Quote Detail']/..//img' (tried for 15 second(s) with 500 milliseconds interval)
INFO main com.framework.config.PropertiesRepository - List of files to load : global-override.properties,testdata.properties
INFO main com.framework.config.PropertiesRepository - Loading property file : global-override.properties
INFO main com.framework.config.PropertiesRepository - Loading property file : testdata.properties
INFO main com.framework.config.PropertiesRepository - Loading property file : global.properties
INFO main com.framework.config.PropertiesRepository - Loading property file : log4j.properties
INFO main com.framework.config.PropertiesRepository - Loading property file : log4j-h.properties
ERROR main com.framework.handlers.ElementHandler - Unable to get the text from element: Proxy element for: DefaultElementLocator 'By.xpath: //div[@id='ep']//div[4]//table[1]//tbody[1]//tr[3]//td[2]'
 no such element: Unable to locate element: {"method":"xpath","selector":"//div[@id='ep']//div[4]//table[1]//tbody[1]//tr[3]//td[2]"}
  (Session info: chrome=75.0.3770.100)
  (Driver info: chromedriver=72.0.3626.69 (3c16f8a135abc0d4da2dff33804db79b849a7c38),platform=Windows NT 10.0.15063 x86_64) (WARNING: The server did not provide any stacktrace information)
Command duration or timeout: 0 milliseconds
For documentation on this error, please visit: https://www.seleniumhq.org/exceptions/no_such_element.html
Build info: version: '3.141.59', revision: 'e82be7d358', time: '2018-11-14T08:17:03'
System info: host: 'TP3VDIW10DEV205', ip: '10.25.6.248', os.name: 'Windows 10', os.arch: 'amd64', os.version: '10.0', java.version: '1.8.0_201'
Driver info: org.openqa.selenium.chrome.ChromeDriver
Capabilities {acceptInsecureCerts: false, acceptSslCerts: false, applicationCacheEnabled: false, browserConnectionEnabled: false, browserName: chrome, chrome: {chromedriverVersion: 72.0.3626.69 (3c16f8a135abc..., userDataDir: C:\Users\UX014784\AppData\L...}, cssSelectorsEnabled: true, databaseEnabled: false, goog:chromeOptions: {debuggerAddress: localhost:58612}, handlesAlerts: true, hasTouchScreen: false, javascriptEnabled: true, locationContextEnabled: true, mobileEmulationEnabled: false, nativeEvents: true, networkConnectionEnabled: false, pageLoadStrategy: normal, platform: XP, platformName: XP, proxy: Proxy(), rotatable: false, setWindowRect: true, takesHeapSnapshot: true, takesScreenshot: true, timeouts: {implicit: 0, pageLoad: 300000, script: 30000}, unexpectedAlertBehaviour: ignore, unhandledPromptBehavior: ignore, version: 75.0.3770.100, webStorageEnabled: true}
Session ID: f0b0c78861eddde2ca844031b806cf53
*** Element info: {Using=xpath, value=//div[@id='ep']//div[4]//table[1]//tbody[1]//tr[3]//td[2]}
INFO main com.framework.config.PropertiesRepository - List of files to load : global-override.properties,testdata.properties
INFO main com.framework.config.PropertiesRepository - Loading property file : global-override.properties
INFO main com.framework.config.PropertiesRepository - Loading property file : testdata.properties
INFO main com.framework.config.PropertiesRepository - Loading property file : global.properties
INFO main com.framework.config.PropertiesRepository - Loading property file : log4j.properties
INFO main com.framework.config.PropertiesRepository - Loading property file : log4j-h.properties
INFO main com.framework.config.PropertiesRepository - List of files to load : global-override.properties,testdata.properties
INFO main com.framework.config.PropertiesRepository - Loading property file : global-override.properties
INFO main com.framework.config.PropertiesRepository - Loading property file : testdata.properties
INFO main com.framework.config.PropertiesRepository - Loading property file : global.properties
INFO main com.framework.config.PropertiesRepository - Loading property file : log4j.properties
INFO main com.framework.config.PropertiesRepository - Loading property file : log4j-h.properties
INFO main com.framework.config.PropertiesRepository - List of files to load : global-override.properties,testdata.properties
INFO main com.framework.config.PropertiesRepository - Loading property file : global-override.properties
INFO main com.framework.config.PropertiesRepository - Loading property file : testdata.properties
INFO main com.framework.config.PropertiesRepository - Loading property file : global.properties
INFO main com.framework.config.PropertiesRepository - Loading property file : log4j.properties
INFO main com.framework.config.PropertiesRepository - Loading property file : log4j-h.properties
ERROR main com.framework.asserts.AssertionHandler - Value mismatch
java.lang.AssertionError: expected [Awaiting Approval] but found [Approved]
	at org.testng.Assert.fail(Assert.java:93)
	at org.testng.Assert.failNotEquals(Assert.java:512)
	at org.testng.Assert.assertEqualsImpl(Assert.java:134)
	at org.testng.Assert.assertEquals(Assert.java:115)
	at org.testng.Assert.assertEquals(Assert.java:178)
	at com.framework.asserts.AssertionHandler.verifyEquals(AssertionHandler.java:12)
	at com.sc.pages.QuotePage.submitQuoteForApproval(QuotePage.java:74)
	at com.sc.stepdefination.QuotePageStepDefination.submitQuoteForApproval(QuotePageStepDefination.java:76)
	at sun.reflect.NativeMethodAccessorImpl.invoke0(Native Method)
	at sun.reflect.NativeMethodAccessorImpl.invoke(NativeMethodAccessorImpl.java:62)
	at sun.reflect.DelegatingMethodAccessorImpl.invoke(DelegatingMethodAccessorImpl.java:43)
	at java.lang.reflect.Method.invoke(Method.java:498)
	at cucumber.runtime.Utils$1.call(Utils.java:40)
	at cucumber.runtime.Timeout.timeout(Timeout.java:16)
	at cucumber.runtime.Utils.invoke(Utils.java:34)
	at cucumber.runtime.java.JavaStepDefinition.execute(JavaStepDefinition.java:38)
	at cucumber.runtime.StepDefinitionMatch.runStep(StepDefinitionMatch.java:37)
	at cucumber.runtime.Runtime.runStep(Runtime.java:300)
	at cucumber.runtime.model.StepContainer.runStep(StepContainer.java:44)
	at cucumber.runtime.model.StepContainer.runSteps(StepContainer.java:39)
	at cucumber.runtime.model.CucumberScenario.run(CucumberScenario.java:44)
	at cucumber.runtime.model.CucumberFeature.run(CucumberFeature.java:165)
	at cucumber.runtime.Runtime.run(Runtime.java:122)
	at com.framework.cucumber.helper.TestNGRunnerHelper.runTestNG(TestNGRunnerHelper.java:49)
	at com.sc.testrunner.TestNGTestRunner.runFeatures(TestNGTestRunner.java:43)
	at sun.reflect.NativeMethodAccessorImpl.invoke0(Native Method)
	at sun.reflect.NativeMethodAccessorImpl.invoke(NativeMethodAccessorImpl.java:62)
	at sun.reflect.DelegatingMethodAccessorImpl.invoke(DelegatingMethodAccessorImpl.java:43)
	at java.lang.reflect.Method.invoke(Method.java:498)
	at org.testng.internal.MethodInvocationHelper.invokeMethod(MethodInvocationHelper.java:108)
	at org.testng.internal.Invoker.invokeMethod(Invoker.java:661)
	at org.testng.internal.Invoker.invokeTestMethod(Invoker.java:869)
	at org.testng.internal.Invoker.invokeTestMethods(Invoker.java:1193)
	at org.testng.internal.TestMethodWorker.invokeTestMethods(TestMethodWorker.java:126)
	at org.testng.internal.TestMethodWorker.run(TestMethodWorker.java:109)
	at org.testng.TestRunner.privateRun(TestRunner.java:744)
	at org.testng.TestRunner.run(TestRunner.java:602)
	at org.testng.SuiteRunner.runTest(SuiteRunner.java:380)
	at org.testng.SuiteRunner.runSequentially(SuiteRunner.java:375)
	at org.testng.SuiteRunner.privateRun(SuiteRunner.java:340)
	at org.testng.SuiteRunner.run(SuiteRunner.java:289)
	at org.testng.SuiteRunnerWorker.runSuite(SuiteRunnerWorker.java:52)
	at org.testng.SuiteRunnerWorker.run(SuiteRunnerWorker.java:86)
	at org.testng.TestNG.runSuitesSequentially(TestNG.java:1301)
	at org.testng.TestNG.runSuitesLocally(TestNG.java:1226)
	at org.testng.TestNG.runSuites(TestNG.java:1144)
	at org.testng.TestNG.run(TestNG.java:1115)
	at org.testng.remote.AbstractRemoteTestNG.run(AbstractRemoteTestNG.java:115)
	at org.testng.remote.RemoteTestNG.initAndRun(RemoteTestNG.java:251)
	at org.testng.remote.RemoteTestNG.main(RemoteTestNG.java:77)
INFO main com.framework.config.PropertiesRepository - List of files to load : global-override.properties,testdata.properties
INFO main com.framework.config.PropertiesRepository - Loading property file : global-override.properties
INFO main com.framework.config.PropertiesRepository - Loading property file : testdata.properties
INFO main com.framework.config.PropertiesRepository - Loading property file : global.properties
INFO main com.framework.config.PropertiesRepository - Loading property file : log4j.properties
INFO main com.framework.config.PropertiesRepository - Loading property file : log4j-h.properties
INFO main com.framework.config.PropertiesRepository - List of files to load : global-override.properties,testdata.properties
INFO main com.framework.config.PropertiesRepository - Loading property file : global-override.properties
INFO main com.framework.config.PropertiesRepository - Loading property file : testdata.properties
INFO main com.framework.config.PropertiesRepository - Loading property file : global.properties
INFO main com.framework.config.PropertiesRepository - Loading property file : log4j.properties
INFO main com.framework.config.PropertiesRepository - Loading property file : log4j-h.properties
ERROR main com.framework.handlers.ElementHandler - Element [[ChromeDriver: chrome on XP (e6fe2fb9f0b0dbf83f53086ad90df8ce)] -> xpath: //div[@id='User_body']/table/tbody/tr[2]//div[@class='displayName']/a] is not visible 
 stale element reference: element is not attached to the page document
  (Session info: chrome=75.0.3770.142)
  (Driver info: chromedriver=72.0.3626.69 (3c16f8a135abc0d4da2dff33804db79b849a7c38),platform=Windows NT 10.0.15063 x86_64) (WARNING: The server did not provide any stacktrace information)
Command duration or timeout: 0 milliseconds
For documentation on this error, please visit: https://www.seleniumhq.org/exceptions/stale_element_reference.html
Build info: version: '3.141.59', revision: 'e82be7d358', time: '2018-11-14T08:17:03'
System info: host: 'TP3VDIW10DEV205', ip: '10.25.6.248', os.name: 'Windows 10', os.arch: 'amd64', os.version: '10.0', java.version: '1.8.0_201'
Driver info: org.openqa.selenium.chrome.ChromeDriver
Capabilities {acceptInsecureCerts: false, acceptSslCerts: false, applicationCacheEnabled: false, browserConnectionEnabled: false, browserName: chrome, chrome: {chromedriverVersion: 72.0.3626.69 (3c16f8a135abc..., userDataDir: C:\Users\UX014784\AppData\L...}, cssSelectorsEnabled: true, databaseEnabled: false, goog:chromeOptions: {debuggerAddress: localhost:53271}, handlesAlerts: true, hasTouchScreen: false, javascriptEnabled: true, locationContextEnabled: true, mobileEmulationEnabled: false, nativeEvents: true, networkConnectionEnabled: false, pageLoadStrategy: normal, platform: XP, platformName: XP, proxy: Proxy(), rotatable: false, setWindowRect: true, takesHeapSnapshot: true, takesScreenshot: true, timeouts: {implicit: 0, pageLoad: 300000, script: 30000}, unexpectedAlertBehaviour: ignore, unhandledPromptBehavior: ignore, version: 75.0.3770.142, webStorageEnabled: true}
Session ID: e6fe2fb9f0b0dbf83f53086ad90df8ce
INFO main com.framework.config.PropertiesRepository - List of files to load : global-override.properties,testdata.properties
INFO main com.framework.config.PropertiesRepository - Loading property file : global-override.properties
INFO main com.framework.config.PropertiesRepository - Loading property file : testdata.properties
INFO main com.framework.config.PropertiesRepository - Loading property file : global.properties
INFO main com.framework.config.PropertiesRepository - Loading property file : log4j.properties
INFO main com.framework.config.PropertiesRepository - Loading property file : log4j-h.properties
ERROR main com.framework.handlers.ElementHandler - Unable to click on the element: Proxy element for: DefaultElementLocator 'By.xpath: //option[text()='Approved']'
 Expected condition failed: waiting for element to be clickable: Proxy element for: DefaultElementLocator 'By.xpath: //option[text()='Approved']' (tried for 15 second(s) with 500 milliseconds interval)
INFO main com.framework.config.PropertiesRepository - List of files to load : global-override.properties,testdata.properties
INFO main com.framework.config.PropertiesRepository - Loading property file : global-override.properties
INFO main com.framework.config.PropertiesRepository - Loading property file : testdata.properties
INFO main com.framework.config.PropertiesRepository - Loading property file : global.properties
INFO main com.framework.config.PropertiesRepository - Loading property file : log4j.properties
INFO main com.framework.config.PropertiesRepository - Loading property file : log4j-h.properties
INFO main com.framework.config.PropertiesRepository - List of files to load : global-override.properties,testdata.properties
INFO main com.framework.config.PropertiesRepository - Loading property file : global-override.properties
INFO main com.framework.config.PropertiesRepository - Loading property file : testdata.properties
INFO main com.framework.config.PropertiesRepository - Loading property file : global.properties
INFO main com.framework.config.PropertiesRepository - Loading property file : log4j.properties
INFO main com.framework.config.PropertiesRepository - Loading property file : log4j-h.properties
INFO main com.framework.config.PropertiesRepository - List of files to load : global-override.properties,testdata.properties
INFO main com.framework.config.PropertiesRepository - Loading property file : global-override.properties
INFO main com.framework.config.PropertiesRepository - Loading property file : testdata.properties
INFO main com.framework.config.PropertiesRepository - Loading property file : global.properties
INFO main com.framework.config.PropertiesRepository - Loading property file : log4j.properties
INFO main com.framework.config.PropertiesRepository - Loading property file : log4j-h.properties
INFO main com.framework.config.PropertiesRepository - List of files to load : global-override.properties,testdata.properties
INFO main com.framework.config.PropertiesRepository - Loading property file : global-override.properties
INFO main com.framework.config.PropertiesRepository - Loading property file : testdata.properties
INFO main com.framework.config.PropertiesRepository - Loading property file : global.properties
INFO main com.framework.config.PropertiesRepository - Loading property file : log4j.properties
INFO main com.framework.config.PropertiesRepository - Loading property file : log4j-h.properties
INFO main com.framework.config.PropertiesRepository - List of files to load : global-override.properties,testdata.properties
INFO main com.framework.config.PropertiesRepository - Loading property file : global-override.properties
INFO main com.framework.config.PropertiesRepository - Loading property file : testdata.properties
INFO main com.framework.config.PropertiesRepository - Loading property file : global.properties
INFO main com.framework.config.PropertiesRepository - Loading property file : log4j.properties
INFO main com.framework.config.PropertiesRepository - Loading property file : log4j-h.properties
INFO main com.framework.config.PropertiesRepository - List of files to load : global-override.properties,testdata.properties
INFO main com.framework.config.PropertiesRepository - Loading property file : global-override.properties
INFO main com.framework.config.PropertiesRepository - Loading property file : testdata.properties
INFO main com.framework.config.PropertiesRepository - Loading property file : global.properties
INFO main com.framework.config.PropertiesRepository - Loading property file : log4j.properties
INFO main com.framework.config.PropertiesRepository - Loading property file : log4j-h.properties
ERROR main com.framework.handlers.ElementHandler - Element : [[ChromeDriver: chrome on XP (08a733e025e2a8a0097a2e0b53e56aa5)] -> xpath: //div[@class='listHoverLinks']//a[1]/span] is staled.
 Unable to click on it.
stale element reference: element is not attached to the page document
  (Session info: chrome=75.0.3770.142)
  (Driver info: chromedriver=72.0.3626.69 (3c16f8a135abc0d4da2dff33804db79b849a7c38),platform=Windows NT 10.0.15063 x86_64) (WARNING: The server did not provide any stacktrace information)
Command duration or timeout: 0 milliseconds
For documentation on this error, please visit: https://www.seleniumhq.org/exceptions/stale_element_reference.html
Build info: version: '3.141.59', revision: 'e82be7d358', time: '2018-11-14T08:17:03'
System info: host: 'TP3VDIW10DEV205', ip: '10.25.6.248', os.name: 'Windows 10', os.arch: 'amd64', os.version: '10.0', java.version: '1.8.0_201'
Driver info: org.openqa.selenium.chrome.ChromeDriver
Capabilities {acceptInsecureCerts: false, acceptSslCerts: false, applicationCacheEnabled: false, browserConnectionEnabled: false, browserName: chrome, chrome: {chromedriverVersion: 72.0.3626.69 (3c16f8a135abc..., userDataDir: C:\Users\UX014784\AppData\L...}, cssSelectorsEnabled: true, databaseEnabled: false, goog:chromeOptions: {debuggerAddress: localhost:49790}, handlesAlerts: true, hasTouchScreen: false, javascriptEnabled: true, locationContextEnabled: true, mobileEmulationEnabled: false, nativeEvents: true, networkConnectionEnabled: false, pageLoadStrategy: normal, platform: XP, platformName: XP, proxy: Proxy(), rotatable: false, setWindowRect: true, takesHeapSnapshot: true, takesScreenshot: true, timeouts: {implicit: 0, pageLoad: 300000, script: 30000}, unexpectedAlertBehaviour: ignore, unhandledPromptBehavior: ignore, version: 75.0.3770.142, webStorageEnabled: true}
Session ID: 08a733e025e2a8a0097a2e0b53e56aa5
INFO main com.framework.config.PropertiesRepository - List of files to load : global-override.properties,testdata.properties
INFO main com.framework.config.PropertiesRepository - Loading property file : global-override.properties
INFO main com.framework.config.PropertiesRepository - Loading property file : testdata.properties
INFO main com.framework.config.PropertiesRepository - Loading property file : global.properties
INFO main com.framework.config.PropertiesRepository - Loading property file : log4j.properties
INFO main com.framework.config.PropertiesRepository - Loading property file : log4j-h.properties
ERROR main com.framework.handlers.ElementHandler - Element : [[ChromeDriver: chrome on XP (6e58fa59ec0949fc9753fa06ce9c2177)] -> xpath: //span[@class='listTitle'][contains(text(),'Products (Standard Price Book)')]] is staled.
 Unable to click on it.
stale element reference: element is not attached to the page document
  (Session info: chrome=75.0.3770.142)
  (Driver info: chromedriver=72.0.3626.69 (3c16f8a135abc0d4da2dff33804db79b849a7c38),platform=Windows NT 10.0.15063 x86_64) (WARNING: The server did not provide any stacktrace information)
Command duration or timeout: 0 milliseconds
For documentation on this error, please visit: https://www.seleniumhq.org/exceptions/stale_element_reference.html
Build info: version: '3.141.59', revision: 'e82be7d358', time: '2018-11-14T08:17:03'
System info: host: 'TP3VDIW10DEV205', ip: '10.25.6.248', os.name: 'Windows 10', os.arch: 'amd64', os.version: '10.0', java.version: '1.8.0_201'
Driver info: org.openqa.selenium.chrome.ChromeDriver
Capabilities {acceptInsecureCerts: false, acceptSslCerts: false, applicationCacheEnabled: false, browserConnectionEnabled: false, browserName: chrome, chrome: {chromedriverVersion: 72.0.3626.69 (3c16f8a135abc..., userDataDir: C:\Users\UX014784\AppData\L...}, cssSelectorsEnabled: true, databaseEnabled: false, goog:chromeOptions: {debuggerAddress: localhost:49911}, handlesAlerts: true, hasTouchScreen: false, javascriptEnabled: true, locationContextEnabled: true, mobileEmulationEnabled: false, nativeEvents: true, networkConnectionEnabled: false, pageLoadStrategy: normal, platform: XP, platformName: XP, proxy: Proxy(), rotatable: false, setWindowRect: true, takesHeapSnapshot: true, takesScreenshot: true, timeouts: {implicit: 0, pageLoad: 300000, script: 30000}, unexpectedAlertBehaviour: ignore, unhandledPromptBehavior: ignore, version: 75.0.3770.142, webStorageEnabled: true}
Session ID: 6e58fa59ec0949fc9753fa06ce9c2177
INFO main com.framework.config.PropertiesRepository - List of files to load : global-override.properties,testdata.properties
INFO main com.framework.config.PropertiesRepository - Loading property file : global-override.properties
INFO main com.framework.config.PropertiesRepository - Loading property file : testdata.properties
INFO main com.framework.config.PropertiesRepository - Loading property file : global.properties
INFO main com.framework.config.PropertiesRepository - Loading property file : log4j.properties
INFO main com.framework.config.PropertiesRepository - Loading property file : log4j-h.properties
ERROR main com.framework.handlers.PopUpHandler - Unable accept the alert 
 no such alert
  (Session info: chrome=75.0.3770.142)
  (Driver info: chromedriver=72.0.3626.69 (3c16f8a135abc0d4da2dff33804db79b849a7c38),platform=Windows NT 10.0.15063 x86_64) (WARNING: The server did not provide any stacktrace information)
Command duration or timeout: 0 milliseconds
Build info: version: '3.141.59', revision: 'e82be7d358', time: '2018-11-14T08:17:03'
System info: host: 'TP3VDIW10DEV205', ip: '10.25.6.248', os.name: 'Windows 10', os.arch: 'amd64', os.version: '10.0', java.version: '1.8.0_201'
Driver info: org.openqa.selenium.chrome.ChromeDriver
Capabilities {acceptInsecureCerts: false, acceptSslCerts: false, applicationCacheEnabled: false, browserConnectionEnabled: false, browserName: chrome, chrome: {chromedriverVersion: 72.0.3626.69 (3c16f8a135abc..., userDataDir: C:\Users\UX014784\AppData\L...}, cssSelectorsEnabled: true, databaseEnabled: false, goog:chromeOptions: {debuggerAddress: localhost:50079}, handlesAlerts: true, hasTouchScreen: false, javascriptEnabled: true, locationContextEnabled: true, mobileEmulationEnabled: false, nativeEvents: true, networkConnectionEnabled: false, pageLoadStrategy: normal, platform: XP, platformName: XP, proxy: Proxy(), rotatable: false, setWindowRect: true, takesHeapSnapshot: true, takesScreenshot: true, timeouts: {implicit: 0, pageLoad: 300000, script: 30000}, unexpectedAlertBehaviour: ignore, unhandledPromptBehavior: ignore, version: 75.0.3770.142, webStorageEnabled: true}
Session ID: 111a343c48cebead32ee54911d604ed1
INFO main com.framework.config.PropertiesRepository - List of files to load : global-override.properties,testdata.properties
INFO main com.framework.config.PropertiesRepository - Loading property file : global-override.properties
INFO main com.framework.config.PropertiesRepository - Loading property file : testdata.properties
INFO main com.framework.config.PropertiesRepository - Loading property file : global.properties
INFO main com.framework.config.PropertiesRepository - Loading property file : log4j.properties
INFO main com.framework.config.PropertiesRepository - Loading property file : log4j-h.properties
INFO main com.framework.config.PropertiesRepository - List of files to load : global-override.properties,testdata.properties
INFO main com.framework.config.PropertiesRepository - Loading property file : global-override.properties
INFO main com.framework.config.PropertiesRepository - Loading property file : testdata.properties
INFO main com.framework.config.PropertiesRepository - Loading property file : global.properties
INFO main com.framework.config.PropertiesRepository - Loading property file : log4j.properties
INFO main com.framework.config.PropertiesRepository - Loading property file : log4j-h.properties
INFO main com.framework.config.PropertiesRepository - List of files to load : global-override.properties,testdata.properties
INFO main com.framework.config.PropertiesRepository - Loading property file : global-override.properties
INFO main com.framework.config.PropertiesRepository - Loading property file : testdata.properties
INFO main com.framework.config.PropertiesRepository - Loading property file : global.properties
INFO main com.framework.config.PropertiesRepository - Loading property file : log4j.properties
INFO main com.framework.config.PropertiesRepository - Loading property file : log4j-h.properties
INFO main com.framework.config.PropertiesRepository - List of files to load : global-override.properties,testdata.properties
INFO main com.framework.config.PropertiesRepository - Loading property file : global-override.properties
INFO main com.framework.config.PropertiesRepository - Loading property file : testdata.properties
INFO main com.framework.config.PropertiesRepository - Loading property file : global.properties
INFO main com.framework.config.PropertiesRepository - Loading property file : log4j.properties
INFO main com.framework.config.PropertiesRepository - Loading property file : log4j-h.properties
INFO main com.framework.config.PropertiesRepository - List of files to load : global-override.properties,testdata.properties
INFO main com.framework.config.PropertiesRepository - Loading property file : global-override.properties
INFO main com.framework.config.PropertiesRepository - Loading property file : testdata.properties
INFO main com.framework.config.PropertiesRepository - Loading property file : global.properties
INFO main com.framework.config.PropertiesRepository - Loading property file : log4j.properties
INFO main com.framework.config.PropertiesRepository - Loading property file : log4j-h.properties
INFO main com.framework.config.PropertiesRepository - List of files to load : global-override.properties,testdata.properties
INFO main com.framework.config.PropertiesRepository - Loading property file : global-override.properties
INFO main com.framework.config.PropertiesRepository - Loading property file : testdata.properties
INFO main com.framework.config.PropertiesRepository - Loading property file : global.properties
INFO main com.framework.config.PropertiesRepository - Loading property file : log4j.properties
INFO main com.framework.config.PropertiesRepository - Loading property file : log4j-h.properties
INFO main com.framework.config.PropertiesRepository - List of files to load : global-override.properties,testdata.properties
INFO main com.framework.config.PropertiesRepository - Loading property file : global-override.properties
INFO main com.framework.config.PropertiesRepository - Loading property file : testdata.properties
INFO main com.framework.config.PropertiesRepository - Loading property file : global.properties
INFO main com.framework.config.PropertiesRepository - Loading property file : log4j.properties
INFO main com.framework.config.PropertiesRepository - Loading property file : log4j-h.properties
INFO main com.framework.config.PropertiesRepository - List of files to load : global-override.properties,testdata.properties
INFO main com.framework.config.PropertiesRepository - Loading property file : global-override.properties
INFO main com.framework.config.PropertiesRepository - Loading property file : testdata.properties
INFO main com.framework.config.PropertiesRepository - Loading property file : global.properties
INFO main com.framework.config.PropertiesRepository - Loading property file : log4j.properties
INFO main com.framework.config.PropertiesRepository - Loading property file : log4j-h.properties
ERROR main com.framework.handlers.ElementHandler - Unable to enter text on the element: [[ChromeDriver: chrome on XP (394512789bfdadb5cd4334c4fa63e605)] -> xpath: //label[text()='Status']//parent::span//parent::td//following-sibling::td//select]
 invalid element state: Element must be user-editable in order to clear it.
  (Session info: chrome=75.0.3770.142)
  (Driver info: chromedriver=72.0.3626.69 (3c16f8a135abc0d4da2dff33804db79b849a7c38),platform=Windows NT 10.0.15063 x86_64) (WARNING: The server did not provide any stacktrace information)
Command duration or timeout: 0 milliseconds
Build info: version: '3.141.59', revision: 'e82be7d358', time: '2018-11-14T08:17:03'
System info: host: 'TP3VDIW10DEV205', ip: '10.25.6.248', os.name: 'Windows 10', os.arch: 'amd64', os.version: '10.0', java.version: '1.8.0_201'
Driver info: org.openqa.selenium.chrome.ChromeDriver
Capabilities {acceptInsecureCerts: false, acceptSslCerts: false, applicationCacheEnabled: false, browserConnectionEnabled: false, browserName: chrome, chrome: {chromedriverVersion: 72.0.3626.69 (3c16f8a135abc..., userDataDir: C:\Users\UX014784\AppData\L...}, cssSelectorsEnabled: true, databaseEnabled: false, goog:chromeOptions: {debuggerAddress: localhost:51243}, handlesAlerts: true, hasTouchScreen: false, javascriptEnabled: true, locationContextEnabled: true, mobileEmulationEnabled: false, nativeEvents: true, networkConnectionEnabled: false, pageLoadStrategy: normal, platform: XP, platformName: XP, proxy: Proxy(), rotatable: false, setWindowRect: true, takesHeapSnapshot: true, takesScreenshot: true, timeouts: {implicit: 0, pageLoad: 300000, script: 30000}, unexpectedAlertBehaviour: ignore, unhandledPromptBehavior: ignore, version: 75.0.3770.142, webStorageEnabled: true}
Session ID: 394512789bfdadb5cd4334c4fa63e605
INFO main com.framework.config.PropertiesRepository - List of files to load : global-override.properties,testdata.properties
INFO main com.framework.config.PropertiesRepository - Loading property file : global-override.properties
INFO main com.framework.config.PropertiesRepository - Loading property file : testdata.properties
INFO main com.framework.config.PropertiesRepository - Loading property file : global.properties
INFO main com.framework.config.PropertiesRepository - Loading property file : log4j.properties
INFO main com.framework.config.PropertiesRepository - Loading property file : log4j-h.properties
ERROR main com.framework.handlers.ElementHandler - Unable to enter text on the element: [[ChromeDriver: chrome on XP (6e53df86089e9db744b8440b9550ae76)] -> xpath: //label[text()='Status']//parent::span//parent::td//following-sibling::td//select]
 invalid element state: Element must be user-editable in order to clear it.
  (Session info: chrome=75.0.3770.142)
  (Driver info: chromedriver=72.0.3626.69 (3c16f8a135abc0d4da2dff33804db79b849a7c38),platform=Windows NT 10.0.15063 x86_64) (WARNING: The server did not provide any stacktrace information)
Command duration or timeout: 0 milliseconds
Build info: version: '3.141.59', revision: 'e82be7d358', time: '2018-11-14T08:17:03'
System info: host: 'TP3VDIW10DEV205', ip: '10.25.6.248', os.name: 'Windows 10', os.arch: 'amd64', os.version: '10.0', java.version: '1.8.0_201'
Driver info: org.openqa.selenium.chrome.ChromeDriver
Capabilities {acceptInsecureCerts: false, acceptSslCerts: false, applicationCacheEnabled: false, browserConnectionEnabled: false, browserName: chrome, chrome: {chromedriverVersion: 72.0.3626.69 (3c16f8a135abc..., userDataDir: C:\Users\UX014784\AppData\L...}, cssSelectorsEnabled: true, databaseEnabled: false, goog:chromeOptions: {debuggerAddress: localhost:51692}, handlesAlerts: true, hasTouchScreen: false, javascriptEnabled: true, locationContextEnabled: true, mobileEmulationEnabled: false, nativeEvents: true, networkConnectionEnabled: false, pageLoadStrategy: normal, platform: XP, platformName: XP, proxy: Proxy(), rotatable: false, setWindowRect: true, takesHeapSnapshot: true, takesScreenshot: true, timeouts: {implicit: 0, pageLoad: 300000, script: 30000}, unexpectedAlertBehaviour: ignore, unhandledPromptBehavior: ignore, version: 75.0.3770.142, webStorageEnabled: true}
Session ID: 6e53df86089e9db744b8440b9550ae76
INFO main com.framework.config.PropertiesRepository - List of files to load : global-override.properties,testdata.properties
INFO main com.framework.config.PropertiesRepository - Loading property file : global-override.properties
INFO main com.framework.config.PropertiesRepository - Loading property file : testdata.properties
INFO main com.framework.config.PropertiesRepository - Loading property file : global.properties
INFO main com.framework.config.PropertiesRepository - Loading property file : log4j.properties
INFO main com.framework.config.PropertiesRepository - Loading property file : log4j-h.properties
INFO main com.framework.config.PropertiesRepository - List of files to load : global-override.properties,testdata.properties
INFO main com.framework.config.PropertiesRepository - Loading property file : global-override.properties
INFO main com.framework.config.PropertiesRepository - Loading property file : testdata.properties
INFO main com.framework.config.PropertiesRepository - Loading property file : global.properties
INFO main com.framework.config.PropertiesRepository - Loading property file : log4j.properties
INFO main com.framework.config.PropertiesRepository - Loading property file : log4j-h.properties
ERROR main com.framework.handlers.ElementHandler - Element : [[ChromeDriver: chrome on XP (2269974a3f89e642b7de0f2d4c23966e)] -> xpath: //span[contains(@class,'listTitle')][contains(text(),'Quotes')]] is staled.
 Unable to click on it.
stale element reference: element is not attached to the page document
  (Session info: chrome=75.0.3770.142)
  (Driver info: chromedriver=72.0.3626.69 (3c16f8a135abc0d4da2dff33804db79b849a7c38),platform=Windows NT 10.0.15063 x86_64) (WARNING: The server did not provide any stacktrace information)
Command duration or timeout: 0 milliseconds
For documentation on this error, please visit: https://www.seleniumhq.org/exceptions/stale_element_reference.html
Build info: version: '3.141.59', revision: 'e82be7d358', time: '2018-11-14T08:17:03'
System info: host: 'TP3VDIW10DEV205', ip: '10.25.6.248', os.name: 'Windows 10', os.arch: 'amd64', os.version: '10.0', java.version: '1.8.0_201'
Driver info: org.openqa.selenium.chrome.ChromeDriver
Capabilities {acceptInsecureCerts: false, acceptSslCerts: false, applicationCacheEnabled: false, browserConnectionEnabled: false, browserName: chrome, chrome: {chromedriverVersion: 72.0.3626.69 (3c16f8a135abc..., userDataDir: C:\Users\UX014784\AppData\L...}, cssSelectorsEnabled: true, databaseEnabled: false, goog:chromeOptions: {debuggerAddress: localhost:51570}, handlesAlerts: true, hasTouchScreen: false, javascriptEnabled: true, locationContextEnabled: true, mobileEmulationEnabled: false, nativeEvents: true, networkConnectionEnabled: false, pageLoadStrategy: normal, platform: XP, platformName: XP, proxy: Proxy(), rotatable: false, setWindowRect: true, takesHeapSnapshot: true, takesScreenshot: true, timeouts: {implicit: 0, pageLoad: 300000, script: 30000}, unexpectedAlertBehaviour: ignore, unhandledPromptBehavior: ignore, version: 75.0.3770.142, webStorageEnabled: true}
Session ID: 2269974a3f89e642b7de0f2d4c23966e
INFO main com.framework.config.PropertiesRepository - List of files to load : global-override.properties,testdata.properties
INFO main com.framework.config.PropertiesRepository - Loading property file : global-override.properties
INFO main com.framework.config.PropertiesRepository - Loading property file : testdata.properties
INFO main com.framework.config.PropertiesRepository - Loading property file : global.properties
INFO main com.framework.config.PropertiesRepository - Loading property file : log4j.properties
INFO main com.framework.config.PropertiesRepository - Loading property file : log4j-h.properties
ERROR main com.framework.handlers.ElementHandler - Element : [[ChromeDriver: chrome on XP (031a33a5dd9d7bdc5af2009081b7f372)] -> xpath: //span[@class='listTitle'][contains(text(),'Products (Standard Price Book)')]] is staled.
 Unable to click on it.
stale element reference: element is not attached to the page document
  (Session info: chrome=75.0.3770.142)
  (Driver info: chromedriver=72.0.3626.69 (3c16f8a135abc0d4da2dff33804db79b849a7c38),platform=Windows NT 10.0.15063 x86_64) (WARNING: The server did not provide any stacktrace information)
Command duration or timeout: 0 milliseconds
For documentation on this error, please visit: https://www.seleniumhq.org/exceptions/stale_element_reference.html
Build info: version: '3.141.59', revision: 'e82be7d358', time: '2018-11-14T08:17:03'
System info: host: 'TP3VDIW10DEV205', ip: '10.25.6.248', os.name: 'Windows 10', os.arch: 'amd64', os.version: '10.0', java.version: '1.8.0_201'
Driver info: org.openqa.selenium.chrome.ChromeDriver
Capabilities {acceptInsecureCerts: false, acceptSslCerts: false, applicationCacheEnabled: false, browserConnectionEnabled: false, browserName: chrome, chrome: {chromedriverVersion: 72.0.3626.69 (3c16f8a135abc..., userDataDir: C:\Users\UX014784\AppData\L...}, cssSelectorsEnabled: true, databaseEnabled: false, goog:chromeOptions: {debuggerAddress: localhost:52074}, handlesAlerts: true, hasTouchScreen: false, javascriptEnabled: true, locationContextEnabled: true, mobileEmulationEnabled: false, nativeEvents: true, networkConnectionEnabled: false, pageLoadStrategy: normal, platform: XP, platformName: XP, proxy: Proxy(), rotatable: false, setWindowRect: true, takesHeapSnapshot: true, takesScreenshot: true, timeouts: {implicit: 0, pageLoad: 300000, script: 30000}, unexpectedAlertBehaviour: ignore, unhandledPromptBehavior: ignore, version: 75.0.3770.142, webStorageEnabled: true}
Session ID: 031a33a5dd9d7bdc5af2009081b7f372
INFO main com.framework.config.PropertiesRepository - List of files to load : global-override.properties,testdata.properties
INFO main com.framework.config.PropertiesRepository - Loading property file : global-override.properties
INFO main com.framework.config.PropertiesRepository - Loading property file : testdata.properties
INFO main com.framework.config.PropertiesRepository - Loading property file : global.properties
INFO main com.framework.config.PropertiesRepository - Loading property file : log4j.properties
INFO main com.framework.config.PropertiesRepository - Loading property file : log4j-h.properties
INFO main com.framework.config.PropertiesRepository - List of files to load : global-override.properties,testdata.properties
INFO main com.framework.config.PropertiesRepository - Loading property file : global-override.properties
INFO main com.framework.config.PropertiesRepository - Loading property file : testdata.properties
INFO main com.framework.config.PropertiesRepository - Loading property file : global.properties
INFO main com.framework.config.PropertiesRepository - Loading property file : log4j.properties
INFO main com.framework.config.PropertiesRepository - Loading property file : log4j-h.properties
ERROR main com.framework.handlers.ElementHandler - Element [[ChromeDriver: chrome on XP (000515ec53379d6989af3b7ff69e633b)] -> xpath: //div[@id='User_body']/table/tbody/tr[2]//div[@class='displayName']/a] is not visible 
 stale element reference: element is not attached to the page document
  (Session info: chrome=75.0.3770.142)
  (Driver info: chromedriver=72.0.3626.69 (3c16f8a135abc0d4da2dff33804db79b849a7c38),platform=Windows NT 10.0.15063 x86_64) (WARNING: The server did not provide any stacktrace information)
Command duration or timeout: 0 milliseconds
For documentation on this error, please visit: https://www.seleniumhq.org/exceptions/stale_element_reference.html
Build info: version: '3.141.59', revision: 'e82be7d358', time: '2018-11-14T08:17:03'
System info: host: 'TP3VDIW10DEV205', ip: '10.25.6.248', os.name: 'Windows 10', os.arch: 'amd64', os.version: '10.0', java.version: '1.8.0_201'
Driver info: org.openqa.selenium.chrome.ChromeDriver
Capabilities {acceptInsecureCerts: false, acceptSslCerts: false, applicationCacheEnabled: false, browserConnectionEnabled: false, browserName: chrome, chrome: {chromedriverVersion: 72.0.3626.69 (3c16f8a135abc..., userDataDir: C:\Users\UX014784\AppData\L...}, cssSelectorsEnabled: true, databaseEnabled: false, goog:chromeOptions: {debuggerAddress: localhost:60950}, handlesAlerts: true, hasTouchScreen: false, javascriptEnabled: true, locationContextEnabled: true, mobileEmulationEnabled: false, nativeEvents: true, networkConnectionEnabled: false, pageLoadStrategy: normal, platform: XP, platformName: XP, proxy: Proxy(), rotatable: false, setWindowRect: true, takesHeapSnapshot: true, takesScreenshot: true, timeouts: {implicit: 0, pageLoad: 300000, script: 30000}, unexpectedAlertBehaviour: ignore, unhandledPromptBehavior: ignore, version: 75.0.3770.142, webStorageEnabled: true}
Session ID: 000515ec53379d6989af3b7ff69e633b
INFO main com.framework.config.PropertiesRepository - List of files to load : global-override.properties,testdata.properties
INFO main com.framework.config.PropertiesRepository - Loading property file : global-override.properties
INFO main com.framework.config.PropertiesRepository - Loading property file : testdata.properties
INFO main com.framework.config.PropertiesRepository - Loading property file : global.properties
INFO main com.framework.config.PropertiesRepository - Loading property file : log4j.properties
INFO main com.framework.config.PropertiesRepository - Loading property file : log4j-h.properties
ERROR main com.framework.handlers.ElementHandler - Element : [[ChromeDriver: chrome on XP (25eedb6a99fc7561dd4f983077772b17)] -> xpath: //span[contains(@class,'listTitle')][contains(text(),'Quotes')]] is staled.
 Unable to click on it.
stale element reference: element is not attached to the page document
  (Session info: chrome=75.0.3770.142)
  (Driver info: chromedriver=72.0.3626.69 (3c16f8a135abc0d4da2dff33804db79b849a7c38),platform=Windows NT 10.0.15063 x86_64) (WARNING: The server did not provide any stacktrace information)
Command duration or timeout: 0 milliseconds
For documentation on this error, please visit: https://www.seleniumhq.org/exceptions/stale_element_reference.html
Build info: version: '3.141.59', revision: 'e82be7d358', time: '2018-11-14T08:17:03'
System info: host: 'TP3VDIW10DEV205', ip: '10.25.6.248', os.name: 'Windows 10', os.arch: 'amd64', os.version: '10.0', java.version: '1.8.0_201'
Driver info: org.openqa.selenium.chrome.ChromeDriver
Capabilities {acceptInsecureCerts: false, acceptSslCerts: false, applicationCacheEnabled: false, browserConnectionEnabled: false, browserName: chrome, chrome: {chromedriverVersion: 72.0.3626.69 (3c16f8a135abc..., userDataDir: C:\Users\UX014784\AppData\L...}, cssSelectorsEnabled: true, databaseEnabled: false, goog:chromeOptions: {debuggerAddress: localhost:61169}, handlesAlerts: true, hasTouchScreen: false, javascriptEnabled: true, locationContextEnabled: true, mobileEmulationEnabled: false, nativeEvents: true, networkConnectionEnabled: false, pageLoadStrategy: normal, platform: XP, platformName: XP, proxy: Proxy(), rotatable: false, setWindowRect: true, takesHeapSnapshot: true, takesScreenshot: true, timeouts: {implicit: 0, pageLoad: 300000, script: 30000}, unexpectedAlertBehaviour: ignore, unhandledPromptBehavior: ignore, version: 75.0.3770.142, webStorageEnabled: true}
Session ID: 25eedb6a99fc7561dd4f983077772b17
INFO main com.framework.config.PropertiesRepository - List of files to load : global-override.properties,testdata.properties
INFO main com.framework.config.PropertiesRepository - Loading property file : global-override.properties
INFO main com.framework.config.PropertiesRepository - Loading property file : testdata.properties
INFO main com.framework.config.PropertiesRepository - Loading property file : global.properties
INFO main com.framework.config.PropertiesRepository - Loading property file : log4j.properties
INFO main com.framework.config.PropertiesRepository - Loading property file : log4j-h.properties
INFO main com.framework.config.PropertiesRepository - List of files to load : global-override.properties,testdata.properties
INFO main com.framework.config.PropertiesRepository - Loading property file : global-override.properties
INFO main com.framework.config.PropertiesRepository - Loading property file : testdata.properties
INFO main com.framework.config.PropertiesRepository - Loading property file : global.properties
INFO main com.framework.config.PropertiesRepository - Loading property file : log4j.properties
INFO main com.framework.config.PropertiesRepository - Loading property file : log4j-h.properties
ERROR main com.framework.handlers.ElementHandler - Element [[ChromeDriver: chrome on XP (aa7d66bcf508393231b934435c2f3aab)] -> xpath: //div[@id='User_body']/table/tbody/tr[2]//div[@class='displayName']/a] is not visible 
 stale element reference: element is not attached to the page document
  (Session info: chrome=75.0.3770.142)
  (Driver info: chromedriver=72.0.3626.69 (3c16f8a135abc0d4da2dff33804db79b849a7c38),platform=Windows NT 10.0.15063 x86_64) (WARNING: The server did not provide any stacktrace information)
Command duration or timeout: 0 milliseconds
For documentation on this error, please visit: https://www.seleniumhq.org/exceptions/stale_element_reference.html
Build info: version: '3.141.59', revision: 'e82be7d358', time: '2018-11-14T08:17:03'
System info: host: 'TP3VDIW10DEV205', ip: '10.25.6.248', os.name: 'Windows 10', os.arch: 'amd64', os.version: '10.0', java.version: '1.8.0_201'
Driver info: org.openqa.selenium.chrome.ChromeDriver
Capabilities {acceptInsecureCerts: false, acceptSslCerts: false, applicationCacheEnabled: false, browserConnectionEnabled: false, browserName: chrome, chrome: {chromedriverVersion: 72.0.3626.69 (3c16f8a135abc..., userDataDir: C:\Users\UX014784\AppData\L...}, cssSelectorsEnabled: true, databaseEnabled: false, goog:chromeOptions: {debuggerAddress: localhost:51888}, handlesAlerts: true, hasTouchScreen: false, javascriptEnabled: true, locationContextEnabled: true, mobileEmulationEnabled: false, nativeEvents: true, networkConnectionEnabled: false, pageLoadStrategy: normal, platform: XP, platformName: XP, proxy: Proxy(), rotatable: false, setWindowRect: true, takesHeapSnapshot: true, takesScreenshot: true, timeouts: {implicit: 0, pageLoad: 300000, script: 30000}, unexpectedAlertBehaviour: ignore, unhandledPromptBehavior: ignore, version: 75.0.3770.142, webStorageEnabled: true}
Session ID: aa7d66bcf508393231b934435c2f3aab
ERROR main com.framework.handlers.ElementHandler - Element [[ChromeDriver: chrome on XP (6c155b2ac9541e93fb1a2044cc479d2d)] -> xpath: //div[@id='User_body']/table/tbody/tr[2]//div[@class='displayName']/a] is not visible 
 stale element reference: element is not attached to the page document
  (Session info: chrome=75.0.3770.142)
  (Driver info: chromedriver=72.0.3626.69 (3c16f8a135abc0d4da2dff33804db79b849a7c38),platform=Windows NT 10.0.15063 x86_64) (WARNING: The server did not provide any stacktrace information)
Command duration or timeout: 0 milliseconds
For documentation on this error, please visit: https://www.seleniumhq.org/exceptions/stale_element_reference.html
Build info: version: '3.141.59', revision: 'e82be7d358', time: '2018-11-14T08:17:03'
System info: host: 'TP3VDIW10DEV205', ip: '10.25.6.248', os.name: 'Windows 10', os.arch: 'amd64', os.version: '10.0', java.version: '1.8.0_201'
Driver info: org.openqa.selenium.chrome.ChromeDriver
Capabilities {acceptInsecureCerts: false, acceptSslCerts: false, applicationCacheEnabled: false, browserConnectionEnabled: false, browserName: chrome, chrome: {chromedriverVersion: 72.0.3626.69 (3c16f8a135abc..., userDataDir: C:\Users\UX014784\AppData\L...}, cssSelectorsEnabled: true, databaseEnabled: false, goog:chromeOptions: {debuggerAddress: localhost:52116}, handlesAlerts: true, hasTouchScreen: false, javascriptEnabled: true, locationContextEnabled: true, mobileEmulationEnabled: false, nativeEvents: true, networkConnectionEnabled: false, pageLoadStrategy: normal, platform: XP, platformName: XP, proxy: Proxy(), rotatable: false, setWindowRect: true, takesHeapSnapshot: true, takesScreenshot: true, timeouts: {implicit: 0, pageLoad: 300000, script: 30000}, unexpectedAlertBehaviour: ignore, unhandledPromptBehavior: ignore, version: 75.0.3770.142, webStorageEnabled: true}
Session ID: 6c155b2ac9541e93fb1a2044cc479d2d
ERROR main com.framework.handlers.ElementHandler - Element [[ChromeDriver: chrome on XP (9b66c67deb55819ce0b69c7d29ae1023)] -> xpath: //div[@id='User_body']/table/tbody/tr[2]//div[@class='displayName']/a] is not visible 
 stale element reference: element is not attached to the page document
  (Session info: chrome=75.0.3770.142)
  (Driver info: chromedriver=72.0.3626.69 (3c16f8a135abc0d4da2dff33804db79b849a7c38),platform=Windows NT 10.0.15063 x86_64) (WARNING: The server did not provide any stacktrace information)
Command duration or timeout: 0 milliseconds
For documentation on this error, please visit: https://www.seleniumhq.org/exceptions/stale_element_reference.html
Build info: version: '3.141.59', revision: 'e82be7d358', time: '2018-11-14T08:17:03'
System info: host: 'TP3VDIW10DEV205', ip: '10.25.6.248', os.name: 'Windows 10', os.arch: 'amd64', os.version: '10.0', java.version: '1.8.0_201'
Driver info: org.openqa.selenium.chrome.ChromeDriver
Capabilities {acceptInsecureCerts: false, acceptSslCerts: false, applicationCacheEnabled: false, browserConnectionEnabled: false, browserName: chrome, chrome: {chromedriverVersion: 72.0.3626.69 (3c16f8a135abc..., userDataDir: C:\Users\UX014784\AppData\L...}, cssSelectorsEnabled: true, databaseEnabled: false, goog:chromeOptions: {debuggerAddress: localhost:49666}, handlesAlerts: true, hasTouchScreen: false, javascriptEnabled: true, locationContextEnabled: true, mobileEmulationEnabled: false, nativeEvents: true, networkConnectionEnabled: false, pageLoadStrategy: normal, platform: XP, platformName: XP, proxy: Proxy(), rotatable: false, setWindowRect: true, takesHeapSnapshot: true, takesScreenshot: true, timeouts: {implicit: 0, pageLoad: 300000, script: 30000}, unexpectedAlertBehaviour: ignore, unhandledPromptBehavior: ignore, version: 75.0.3770.142, webStorageEnabled: true}
Session ID: 9b66c67deb55819ce0b69c7d29ae1023
ERROR main com.framework.handlers.ElementHandler - Element [[ChromeDriver: chrome on XP (3e3fa8e5ce5f35ed03c22f1a964d0ece)] -> xpath: //div[@id='User_body']/table/tbody/tr[2]//div[@class='displayName']/a] is not visible 
 stale element reference: element is not attached to the page document
  (Session info: chrome=75.0.3770.142)
  (Driver info: chromedriver=72.0.3626.69 (3c16f8a135abc0d4da2dff33804db79b849a7c38),platform=Windows NT 10.0.15063 x86_64) (WARNING: The server did not provide any stacktrace information)
Command duration or timeout: 0 milliseconds
For documentation on this error, please visit: https://www.seleniumhq.org/exceptions/stale_element_reference.html
Build info: version: '3.141.59', revision: 'e82be7d358', time: '2018-11-14T08:17:03'
System info: host: 'TP3VDIW10DEV205', ip: '10.25.6.248', os.name: 'Windows 10', os.arch: 'amd64', os.version: '10.0', java.version: '1.8.0_201'
Driver info: org.openqa.selenium.chrome.ChromeDriver
Capabilities {acceptInsecureCerts: false, acceptSslCerts: false, applicationCacheEnabled: false, browserConnectionEnabled: false, browserName: chrome, chrome: {chromedriverVersion: 72.0.3626.69 (3c16f8a135abc..., userDataDir: C:\Users\UX014784\AppData\L...}, cssSelectorsEnabled: true, databaseEnabled: false, goog:chromeOptions: {debuggerAddress: localhost:62690}, handlesAlerts: true, hasTouchScreen: false, javascriptEnabled: true, locationContextEnabled: true, mobileEmulationEnabled: false, nativeEvents: true, networkConnectionEnabled: false, pageLoadStrategy: normal, platform: XP, platformName: XP, proxy: Proxy(), rotatable: false, setWindowRect: true, takesHeapSnapshot: true, takesScreenshot: true, timeouts: {implicit: 0, pageLoad: 300000, script: 30000}, unexpectedAlertBehaviour: ignore, unhandledPromptBehavior: ignore, version: 75.0.3770.142, webStorageEnabled: true}
Session ID: 3e3fa8e5ce5f35ed03c22f1a964d0ece
ERROR main com.framework.handlers.ElementHandler - Element [[ChromeDriver: chrome on XP (3fce533c9b7976b171e5a746eacd2e98)] -> xpath: //div[@id='User_body']/table/tbody/tr[2]//div[@class='displayName']/a] is not visible 
 stale element reference: element is not attached to the page document
  (Session info: chrome=75.0.3770.142)
  (Driver info: chromedriver=72.0.3626.69 (3c16f8a135abc0d4da2dff33804db79b849a7c38),platform=Windows NT 10.0.15063 x86_64) (WARNING: The server did not provide any stacktrace information)
Command duration or timeout: 0 milliseconds
For documentation on this error, please visit: https://www.seleniumhq.org/exceptions/stale_element_reference.html
Build info: version: '3.141.59', revision: 'e82be7d358', time: '2018-11-14T08:17:03'
System info: host: 'TP3VDIW10DEV205', ip: '10.25.6.248', os.name: 'Windows 10', os.arch: 'amd64', os.version: '10.0', java.version: '1.8.0_201'
Driver info: org.openqa.selenium.chrome.ChromeDriver
Capabilities {acceptInsecureCerts: false, acceptSslCerts: false, applicationCacheEnabled: false, browserConnectionEnabled: false, browserName: chrome, chrome: {chromedriverVersion: 72.0.3626.69 (3c16f8a135abc..., userDataDir: C:\Users\UX014784\AppData\L...}, cssSelectorsEnabled: true, databaseEnabled: false, goog:chromeOptions: {debuggerAddress: localhost:54877}, handlesAlerts: true, hasTouchScreen: false, javascriptEnabled: true, locationContextEnabled: true, mobileEmulationEnabled: false, nativeEvents: true, networkConnectionEnabled: false, pageLoadStrategy: normal, platform: XP, platformName: XP, proxy: Proxy(), rotatable: false, setWindowRect: true, takesHeapSnapshot: true, takesScreenshot: true, timeouts: {implicit: 0, pageLoad: 300000, script: 30000}, unexpectedAlertBehaviour: ignore, unhandledPromptBehavior: ignore, version: 75.0.3770.142, webStorageEnabled: true}
Session ID: 3fce533c9b7976b171e5a746eacd2e98
ERROR main com.framework.handlers.ElementHandler - Element [[ChromeDriver: chrome on XP (5412cacb7a076fbfd25a1f94268d7daf)] -> xpath: //div[@id='User_body']/table/tbody/tr[2]//div[@class='displayName']/a] is not visible 
 stale element reference: element is not attached to the page document
  (Session info: chrome=75.0.3770.142)
  (Driver info: chromedriver=72.0.3626.69 (3c16f8a135abc0d4da2dff33804db79b849a7c38),platform=Windows NT 10.0.15063 x86_64) (WARNING: The server did not provide any stacktrace information)
Command duration or timeout: 0 milliseconds
For documentation on this error, please visit: https://www.seleniumhq.org/exceptions/stale_element_reference.html
Build info: version: '3.141.59', revision: 'e82be7d358', time: '2018-11-14T08:17:03'
System info: host: 'TP3VDIW10DEV205', ip: '10.25.6.248', os.name: 'Windows 10', os.arch: 'amd64', os.version: '10.0', java.version: '1.8.0_201'
Driver info: org.openqa.selenium.chrome.ChromeDriver
Capabilities {acceptInsecureCerts: false, acceptSslCerts: false, applicationCacheEnabled: false, browserConnectionEnabled: false, browserName: chrome, chrome: {chromedriverVersion: 72.0.3626.69 (3c16f8a135abc..., userDataDir: C:\Users\UX014784\AppData\L...}, cssSelectorsEnabled: true, databaseEnabled: false, goog:chromeOptions: {debuggerAddress: localhost:55148}, handlesAlerts: true, hasTouchScreen: false, javascriptEnabled: true, locationContextEnabled: true, mobileEmulationEnabled: false, nativeEvents: true, networkConnectionEnabled: false, pageLoadStrategy: normal, platform: XP, platformName: XP, proxy: Proxy(), rotatable: false, setWindowRect: true, takesHeapSnapshot: true, takesScreenshot: true, timeouts: {implicit: 0, pageLoad: 300000, script: 30000}, unexpectedAlertBehaviour: ignore, unhandledPromptBehavior: ignore, version: 75.0.3770.142, webStorageEnabled: true}
Session ID: 5412cacb7a076fbfd25a1f94268d7daf
ERROR main com.framework.handlers.ElementHandler - Element [[ChromeDriver: chrome on XP (8838a2670766bf670ce5b06d3b19f6b7)] -> xpath: //div[@id='User_body']/table/tbody/tr[2]//div[@class='displayName']/a] is not visible 
 stale element reference: element is not attached to the page document
  (Session info: chrome=75.0.3770.142)
  (Driver info: chromedriver=72.0.3626.69 (3c16f8a135abc0d4da2dff33804db79b849a7c38),platform=Windows NT 10.0.15063 x86_64) (WARNING: The server did not provide any stacktrace information)
Command duration or timeout: 0 milliseconds
For documentation on this error, please visit: https://www.seleniumhq.org/exceptions/stale_element_reference.html
Build info: version: '3.141.59', revision: 'e82be7d358', time: '2018-11-14T08:17:03'
System info: host: 'TP3VDIW10DEV205', ip: '10.25.6.248', os.name: 'Windows 10', os.arch: 'amd64', os.version: '10.0', java.version: '1.8.0_201'
Driver info: org.openqa.selenium.chrome.ChromeDriver
Capabilities {acceptInsecureCerts: false, acceptSslCerts: false, applicationCacheEnabled: false, browserConnectionEnabled: false, browserName: chrome, chrome: {chromedriverVersion: 72.0.3626.69 (3c16f8a135abc..., userDataDir: C:\Users\UX014784\AppData\L...}, cssSelectorsEnabled: true, databaseEnabled: false, goog:chromeOptions: {debuggerAddress: localhost:53180}, handlesAlerts: true, hasTouchScreen: false, javascriptEnabled: true, locationContextEnabled: true, mobileEmulationEnabled: false, nativeEvents: true, networkConnectionEnabled: false, pageLoadStrategy: normal, platform: XP, platformName: XP, proxy: Proxy(), rotatable: false, setWindowRect: true, takesHeapSnapshot: true, takesScreenshot: true, timeouts: {implicit: 0, pageLoad: 300000, script: 30000}, unexpectedAlertBehaviour: ignore, unhandledPromptBehavior: ignore, version: 75.0.3770.142, webStorageEnabled: true}
Session ID: 8838a2670766bf670ce5b06d3b19f6b7
ERROR main com.framework.handlers.ElementHandler - Element [[ChromeDriver: chrome on XP (fb9a9bc76225e88fe672e0c173e22f74)] -> xpath: //div[@id='User_body']/table/tbody/tr[2]//div[@class='displayName']/a] is not visible 
 stale element reference: element is not attached to the page document
  (Session info: chrome=75.0.3770.142)
  (Driver info: chromedriver=72.0.3626.69 (3c16f8a135abc0d4da2dff33804db79b849a7c38),platform=Windows NT 10.0.15063 x86_64) (WARNING: The server did not provide any stacktrace information)
Command duration or timeout: 0 milliseconds
For documentation on this error, please visit: https://www.seleniumhq.org/exceptions/stale_element_reference.html
Build info: version: '3.141.59', revision: 'e82be7d358', time: '2018-11-14T08:17:03'
System info: host: 'TP3VDIW10DEV205', ip: '10.25.6.248', os.name: 'Windows 10', os.arch: 'amd64', os.version: '10.0', java.version: '1.8.0_201'
Driver info: org.openqa.selenium.chrome.ChromeDriver
Capabilities {acceptInsecureCerts: false, acceptSslCerts: false, applicationCacheEnabled: false, browserConnectionEnabled: false, browserName: chrome, chrome: {chromedriverVersion: 72.0.3626.69 (3c16f8a135abc..., userDataDir: C:\Users\UX014784\AppData\L...}, cssSelectorsEnabled: true, databaseEnabled: false, goog:chromeOptions: {debuggerAddress: localhost:64973}, handlesAlerts: true, hasTouchScreen: false, javascriptEnabled: true, locationContextEnabled: true, mobileEmulationEnabled: false, nativeEvents: true, networkConnectionEnabled: false, pageLoadStrategy: normal, platform: XP, platformName: XP, proxy: Proxy(), rotatable: false, setWindowRect: true, takesHeapSnapshot: true, takesScreenshot: true, timeouts: {implicit: 0, pageLoad: 300000, script: 30000}, unexpectedAlertBehaviour: ignore, unhandledPromptBehavior: ignore, version: 75.0.3770.142, webStorageEnabled: true}
Session ID: fb9a9bc76225e88fe672e0c173e22f74
ERROR main com.framework.handlers.ElementHandler - Element [[ChromeDriver: chrome on XP (c39a9eefd527633caec65efffd2eab0b)] -> xpath: //div[@id='User_body']/table/tbody/tr[2]//div[@class='displayName']/a] is not visible 
 stale element reference: element is not attached to the page document
  (Session info: chrome=75.0.3770.142)
  (Driver info: chromedriver=72.0.3626.69 (3c16f8a135abc0d4da2dff33804db79b849a7c38),platform=Windows NT 10.0.15063 x86_64) (WARNING: The server did not provide any stacktrace information)
Command duration or timeout: 0 milliseconds
For documentation on this error, please visit: https://www.seleniumhq.org/exceptions/stale_element_reference.html
Build info: version: '3.141.59', revision: 'e82be7d358', time: '2018-11-14T08:17:03'
System info: host: 'TP3VDIW10DEV205', ip: '10.25.6.248', os.name: 'Windows 10', os.arch: 'amd64', os.version: '10.0', java.version: '1.8.0_201'
Driver info: org.openqa.selenium.chrome.ChromeDriver
Capabilities {acceptInsecureCerts: false, acceptSslCerts: false, applicationCacheEnabled: false, browserConnectionEnabled: false, browserName: chrome, chrome: {chromedriverVersion: 72.0.3626.69 (3c16f8a135abc..., userDataDir: C:\Users\UX014784\AppData\L...}, cssSelectorsEnabled: true, databaseEnabled: false, goog:chromeOptions: {debuggerAddress: localhost:49442}, handlesAlerts: true, hasTouchScreen: false, javascriptEnabled: true, locationContextEnabled: true, mobileEmulationEnabled: false, nativeEvents: true, networkConnectionEnabled: false, pageLoadStrategy: normal, platform: XP, platformName: XP, proxy: Proxy(), rotatable: false, setWindowRect: true, takesHeapSnapshot: true, takesScreenshot: true, timeouts: {implicit: 0, pageLoad: 300000, script: 30000}, unexpectedAlertBehaviour: ignore, unhandledPromptBehavior: ignore, version: 75.0.3770.142, webStorageEnabled: true}
Session ID: c39a9eefd527633caec65efffd2eab0b
ERROR main com.framework.handlers.ElementHandler - Element [[ChromeDriver: chrome on XP (6dcc7c22690853ef90120d9f5a12003b)] -> xpath: //div[@id='User_body']/table/tbody/tr[2]//div[@class='displayName']/a] is not visible 
 stale element reference: element is not attached to the page document
  (Session info: chrome=75.0.3770.142)
  (Driver info: chromedriver=72.0.3626.69 (3c16f8a135abc0d4da2dff33804db79b849a7c38),platform=Windows NT 10.0.15063 x86_64) (WARNING: The server did not provide any stacktrace information)
Command duration or timeout: 0 milliseconds
For documentation on this error, please visit: https://www.seleniumhq.org/exceptions/stale_element_reference.html
Build info: version: '3.141.59', revision: 'e82be7d358', time: '2018-11-14T08:17:03'
System info: host: 'TP3VDIW10DEV205', ip: '10.25.6.248', os.name: 'Windows 10', os.arch: 'amd64', os.version: '10.0', java.version: '1.8.0_201'
Driver info: org.openqa.selenium.chrome.ChromeDriver
Capabilities {acceptInsecureCerts: false, acceptSslCerts: false, applicationCacheEnabled: false, browserConnectionEnabled: false, browserName: chrome, chrome: {chromedriverVersion: 72.0.3626.69 (3c16f8a135abc..., userDataDir: C:\Users\UX014784\AppData\L...}, cssSelectorsEnabled: true, databaseEnabled: false, goog:chromeOptions: {debuggerAddress: localhost:56205}, handlesAlerts: true, hasTouchScreen: false, javascriptEnabled: true, locationContextEnabled: true, mobileEmulationEnabled: false, nativeEvents: true, networkConnectionEnabled: false, pageLoadStrategy: normal, platform: XP, platformName: XP, proxy: Proxy(), rotatable: false, setWindowRect: true, takesHeapSnapshot: true, takesScreenshot: true, timeouts: {implicit: 0, pageLoad: 300000, script: 30000}, unexpectedAlertBehaviour: ignore, unhandledPromptBehavior: ignore, version: 75.0.3770.142, webStorageEnabled: true}
Session ID: 6dcc7c22690853ef90120d9f5a12003b
ERROR main com.framework.handlers.ElementHandler - Element [[ChromeDriver: chrome on XP (4b29ba124e44835b74f5ba90ffa9d07c)] -> xpath: //div[@id='User_body']/table/tbody/tr[2]//div[@class='displayName']/a] is not visible 
 stale element reference: element is not attached to the page document
  (Session info: chrome=75.0.3770.142)
  (Driver info: chromedriver=72.0.3626.69 (3c16f8a135abc0d4da2dff33804db79b849a7c38),platform=Windows NT 10.0.15063 x86_64) (WARNING: The server did not provide any stacktrace information)
Command duration or timeout: 0 milliseconds
For documentation on this error, please visit: https://www.seleniumhq.org/exceptions/stale_element_reference.html
Build info: version: '3.141.59', revision: 'e82be7d358', time: '2018-11-14T08:17:03'
System info: host: 'TP3VDIW10DEV205', ip: '10.25.6.248', os.name: 'Windows 10', os.arch: 'amd64', os.version: '10.0', java.version: '1.8.0_201'
Driver info: org.openqa.selenium.chrome.ChromeDriver
Capabilities {acceptInsecureCerts: false, acceptSslCerts: false, applicationCacheEnabled: false, browserConnectionEnabled: false, browserName: chrome, chrome: {chromedriverVersion: 72.0.3626.69 (3c16f8a135abc..., userDataDir: C:\Users\UX014784\AppData\L...}, cssSelectorsEnabled: true, databaseEnabled: false, goog:chromeOptions: {debuggerAddress: localhost:56444}, handlesAlerts: true, hasTouchScreen: false, javascriptEnabled: true, locationContextEnabled: true, mobileEmulationEnabled: false, nativeEvents: true, networkConnectionEnabled: false, pageLoadStrategy: normal, platform: XP, platformName: XP, proxy: Proxy(), rotatable: false, setWindowRect: true, takesHeapSnapshot: true, takesScreenshot: true, timeouts: {implicit: 0, pageLoad: 300000, script: 30000}, unexpectedAlertBehaviour: ignore, unhandledPromptBehavior: ignore, version: 75.0.3770.142, webStorageEnabled: true}
Session ID: 4b29ba124e44835b74f5ba90ffa9d07c
ERROR main com.framework.handlers.ElementHandler - Element [[ChromeDriver: chrome on XP (d7e3d6c6266d32b7782b2d5bebcfee16)] -> xpath: //div[@id='User_body']/table/tbody/tr[2]//div[@class='displayName']/a] is not visible 
 stale element reference: element is not attached to the page document
  (Session info: chrome=75.0.3770.142)
  (Driver info: chromedriver=72.0.3626.69 (3c16f8a135abc0d4da2dff33804db79b849a7c38),platform=Windows NT 10.0.15063 x86_64) (WARNING: The server did not provide any stacktrace information)
Command duration or timeout: 0 milliseconds
For documentation on this error, please visit: https://www.seleniumhq.org/exceptions/stale_element_reference.html
Build info: version: '3.141.59', revision: 'e82be7d358', time: '2018-11-14T08:17:03'
System info: host: 'TP3VDIW10DEV205', ip: '10.25.6.248', os.name: 'Windows 10', os.arch: 'amd64', os.version: '10.0', java.version: '1.8.0_201'
Driver info: org.openqa.selenium.chrome.ChromeDriver
Capabilities {acceptInsecureCerts: false, acceptSslCerts: false, applicationCacheEnabled: false, browserConnectionEnabled: false, browserName: chrome, chrome: {chromedriverVersion: 72.0.3626.69 (3c16f8a135abc..., userDataDir: C:\Users\UX014784\AppData\L...}, cssSelectorsEnabled: true, databaseEnabled: false, goog:chromeOptions: {debuggerAddress: localhost:58596}, handlesAlerts: true, hasTouchScreen: false, javascriptEnabled: true, locationContextEnabled: true, mobileEmulationEnabled: false, nativeEvents: true, networkConnectionEnabled: false, pageLoadStrategy: normal, platform: XP, platformName: XP, proxy: Proxy(), rotatable: false, setWindowRect: true, takesHeapSnapshot: true, takesScreenshot: true, timeouts: {implicit: 0, pageLoad: 300000, script: 30000}, unexpectedAlertBehaviour: ignore, unhandledPromptBehavior: ignore, version: 75.0.3770.142, webStorageEnabled: true}
Session ID: d7e3d6c6266d32b7782b2d5bebcfee16
ERROR main com.framework.handlers.ElementHandler - Element [[ChromeDriver: chrome on XP (860534cafb4ea99f6edd3f59a65342bf)] -> xpath: //div[@id='User_body']/table/tbody/tr[2]//div[@class='displayName']/a] is not visible 
 stale element reference: element is not attached to the page document
  (Session info: chrome=75.0.3770.142)
  (Driver info: chromedriver=72.0.3626.69 (3c16f8a135abc0d4da2dff33804db79b849a7c38),platform=Windows NT 10.0.15063 x86_64) (WARNING: The server did not provide any stacktrace information)
Command duration or timeout: 0 milliseconds
For documentation on this error, please visit: https://www.seleniumhq.org/exceptions/stale_element_reference.html
Build info: version: '3.141.59', revision: 'e82be7d358', time: '2018-11-14T08:17:03'
System info: host: 'TP3VDIW10DEV205', ip: '10.25.6.248', os.name: 'Windows 10', os.arch: 'amd64', os.version: '10.0', java.version: '1.8.0_201'
Driver info: org.openqa.selenium.chrome.ChromeDriver
Capabilities {acceptInsecureCerts: false, acceptSslCerts: false, applicationCacheEnabled: false, browserConnectionEnabled: false, browserName: chrome, chrome: {chromedriverVersion: 72.0.3626.69 (3c16f8a135abc..., userDataDir: C:\Users\UX014784\AppData\L...}, cssSelectorsEnabled: true, databaseEnabled: false, goog:chromeOptions: {debuggerAddress: localhost:58829}, handlesAlerts: true, hasTouchScreen: false, javascriptEnabled: true, locationContextEnabled: true, mobileEmulationEnabled: false, nativeEvents: true, networkConnectionEnabled: false, pageLoadStrategy: normal, platform: XP, platformName: XP, proxy: Proxy(), rotatable: false, setWindowRect: true, takesHeapSnapshot: true, takesScreenshot: true, timeouts: {implicit: 0, pageLoad: 300000, script: 30000}, unexpectedAlertBehaviour: ignore, unhandledPromptBehavior: ignore, version: 75.0.3770.142, webStorageEnabled: true}
Session ID: 860534cafb4ea99f6edd3f59a65342bf
ERROR main com.framework.handlers.ElementHandler - Element Proxy element for: DefaultElementLocator 'By.xpath: //a[@title='Home Tab - Selected']' is not visible 
 Expected condition failed: waiting for visibility of Proxy element for: DefaultElementLocator 'By.xpath: //a[@title='Home Tab - Selected']' (tried for 15 second(s) with 500 milliseconds interval)
ERROR main com.framework.handlers.ElementHandler - Element [[ChromeDriver: chrome on XP (65ec3aae030a0844da51680708028e05)] -> xpath: //div[@id='User_body']/table/tbody/tr[2]//div[@class='displayName']/a] is not visible 
 stale element reference: element is not attached to the page document
  (Session info: chrome=75.0.3770.142)
  (Driver info: chromedriver=72.0.3626.69 (3c16f8a135abc0d4da2dff33804db79b849a7c38),platform=Windows NT 10.0.15063 x86_64) (WARNING: The server did not provide any stacktrace information)
Command duration or timeout: 0 milliseconds
For documentation on this error, please visit: https://www.seleniumhq.org/exceptions/stale_element_reference.html
Build info: version: '3.141.59', revision: 'e82be7d358', time: '2018-11-14T08:17:03'
System info: host: 'TP3VDIW10DEV205', ip: '10.25.6.248', os.name: 'Windows 10', os.arch: 'amd64', os.version: '10.0', java.version: '1.8.0_201'
Driver info: org.openqa.selenium.chrome.ChromeDriver
Capabilities {acceptInsecureCerts: false, acceptSslCerts: false, applicationCacheEnabled: false, browserConnectionEnabled: false, browserName: chrome, chrome: {chromedriverVersion: 72.0.3626.69 (3c16f8a135abc..., userDataDir: C:\Users\UX014784\AppData\L...}, cssSelectorsEnabled: true, databaseEnabled: false, goog:chromeOptions: {debuggerAddress: localhost:59432}, handlesAlerts: true, hasTouchScreen: false, javascriptEnabled: true, locationContextEnabled: true, mobileEmulationEnabled: false, nativeEvents: true, networkConnectionEnabled: false, pageLoadStrategy: normal, platform: XP, platformName: XP, proxy: Proxy(), rotatable: false, setWindowRect: true, takesHeapSnapshot: true, takesScreenshot: true, timeouts: {implicit: 0, pageLoad: 300000, script: 30000}, unexpectedAlertBehaviour: ignore, unhandledPromptBehavior: ignore, version: 75.0.3770.142, webStorageEnabled: true}
Session ID: 65ec3aae030a0844da51680708028e05
ERROR main com.framework.handlers.ElementHandler - Element [[ChromeDriver: chrome on XP (af4ca583fee3d5e932aab4c15c2aa8a9)] -> xpath: //div[@id='User_body']/table/tbody/tr[2]//div[@class='displayName']/a] is not visible 
 stale element reference: element is not attached to the page document
  (Session info: chrome=75.0.3770.142)
  (Driver info: chromedriver=72.0.3626.69 (3c16f8a135abc0d4da2dff33804db79b849a7c38),platform=Windows NT 10.0.15063 x86_64) (WARNING: The server did not provide any stacktrace information)
Command duration or timeout: 0 milliseconds
For documentation on this error, please visit: https://www.seleniumhq.org/exceptions/stale_element_reference.html
Build info: version: '3.141.59', revision: 'e82be7d358', time: '2018-11-14T08:17:03'
System info: host: 'TP3VDIW10DEV205', ip: '10.25.6.248', os.name: 'Windows 10', os.arch: 'amd64', os.version: '10.0', java.version: '1.8.0_201'
Driver info: org.openqa.selenium.chrome.ChromeDriver
Capabilities {acceptInsecureCerts: false, acceptSslCerts: false, applicationCacheEnabled: false, browserConnectionEnabled: false, browserName: chrome, chrome: {chromedriverVersion: 72.0.3626.69 (3c16f8a135abc..., userDataDir: C:\Users\UX014784\AppData\L...}, cssSelectorsEnabled: true, databaseEnabled: false, goog:chromeOptions: {debuggerAddress: localhost:52552}, handlesAlerts: true, hasTouchScreen: false, javascriptEnabled: true, locationContextEnabled: true, mobileEmulationEnabled: false, nativeEvents: true, networkConnectionEnabled: false, pageLoadStrategy: normal, platform: XP, platformName: XP, proxy: Proxy(), rotatable: false, setWindowRect: true, takesHeapSnapshot: true, takesScreenshot: true, timeouts: {implicit: 0, pageLoad: 300000, script: 30000}, unexpectedAlertBehaviour: ignore, unhandledPromptBehavior: ignore, version: 75.0.3770.142, webStorageEnabled: true}
Session ID: af4ca583fee3d5e932aab4c15c2aa8a9
INFO main com.framework.config.PropertiesRepository - List of files to load : global-override.properties,testdata.properties
INFO main com.framework.config.PropertiesRepository - Loading property file : global-override.properties
INFO main com.framework.config.PropertiesRepository - Loading property file : testdata.properties
INFO main com.framework.config.PropertiesRepository - Loading property file : global.properties
INFO main com.framework.config.PropertiesRepository - Loading property file : log4j.properties
INFO main com.framework.config.PropertiesRepository - Loading property file : log4j-h.properties
ERROR main com.framework.handlers.ElementHandler - Element Proxy element for: DefaultElementLocator 'By.xpath: //a[@title='Home Tab - Selected']' is not visible 
 Expected condition failed: waiting for visibility of Proxy element for: DefaultElementLocator 'By.xpath: //a[@title='Home Tab - Selected']' (tried for 15 second(s) with 500 milliseconds interval)
INFO main com.framework.config.PropertiesRepository - List of files to load : global-override.properties,testdata.properties
INFO main com.framework.config.PropertiesRepository - Loading property file : global-override.properties
INFO main com.framework.config.PropertiesRepository - Loading property file : testdata.properties
INFO main com.framework.config.PropertiesRepository - Loading property file : global.properties
INFO main com.framework.config.PropertiesRepository - Loading property file : log4j.properties
INFO main com.framework.config.PropertiesRepository - Loading property file : log4j-h.properties
ERROR main com.framework.handlers.ElementHandler - Element [[ChromeDriver: chrome on XP (6e44e0114c15b9760a99800bfda04bd4)] -> xpath: //div[@id='User_body']/table/tbody/tr[2]//div[@class='displayName']/a] is not visible 
 stale element reference: element is not attached to the page document
  (Session info: chrome=75.0.3770.142)
  (Driver info: chromedriver=72.0.3626.69 (3c16f8a135abc0d4da2dff33804db79b849a7c38),platform=Windows NT 10.0.15063 x86_64) (WARNING: The server did not provide any stacktrace information)
Command duration or timeout: 0 milliseconds
For documentation on this error, please visit: https://www.seleniumhq.org/exceptions/stale_element_reference.html
Build info: version: '3.141.59', revision: 'e82be7d358', time: '2018-11-14T08:17:03'
System info: host: 'TP3VDIW10DEV205', ip: '10.25.6.248', os.name: 'Windows 10', os.arch: 'amd64', os.version: '10.0', java.version: '1.8.0_201'
Driver info: org.openqa.selenium.chrome.ChromeDriver
Capabilities {acceptInsecureCerts: false, acceptSslCerts: false, applicationCacheEnabled: false, browserConnectionEnabled: false, browserName: chrome, chrome: {chromedriverVersion: 72.0.3626.69 (3c16f8a135abc..., userDataDir: C:\Users\UX014784\AppData\L...}, cssSelectorsEnabled: true, databaseEnabled: false, goog:chromeOptions: {debuggerAddress: localhost:59105}, handlesAlerts: true, hasTouchScreen: false, javascriptEnabled: true, locationContextEnabled: true, mobileEmulationEnabled: false, nativeEvents: true, networkConnectionEnabled: false, pageLoadStrategy: normal, platform: XP, platformName: XP, proxy: Proxy(), rotatable: false, setWindowRect: true, takesHeapSnapshot: true, takesScreenshot: true, timeouts: {implicit: 0, pageLoad: 300000, script: 30000}, unexpectedAlertBehaviour: ignore, unhandledPromptBehavior: ignore, version: 75.0.3770.142, webStorageEnabled: true}
Session ID: 6e44e0114c15b9760a99800bfda04bd4
ERROR main com.framework.handlers.ElementHandler - Element [[ChromeDriver: chrome on XP (30ba65fe96d5217c46af169604d2d91a)] -> xpath: //div[@id='User_body']/table/tbody/tr[2]//div[@class='displayName']/a] is not visible 
 stale element reference: element is not attached to the page document
  (Session info: chrome=75.0.3770.142)
  (Driver info: chromedriver=72.0.3626.69 (3c16f8a135abc0d4da2dff33804db79b849a7c38),platform=Windows NT 10.0.15063 x86_64) (WARNING: The server did not provide any stacktrace information)
Command duration or timeout: 0 milliseconds
For documentation on this error, please visit: https://www.seleniumhq.org/exceptions/stale_element_reference.html
Build info: version: '3.141.59', revision: 'e82be7d358', time: '2018-11-14T08:17:03'
System info: host: 'TP3VDIW10DEV205', ip: '10.25.6.248', os.name: 'Windows 10', os.arch: 'amd64', os.version: '10.0', java.version: '1.8.0_201'
Driver info: org.openqa.selenium.chrome.ChromeDriver
Capabilities {acceptInsecureCerts: false, acceptSslCerts: false, applicationCacheEnabled: false, browserConnectionEnabled: false, browserName: chrome, chrome: {chromedriverVersion: 72.0.3626.69 (3c16f8a135abc..., userDataDir: C:\Users\UX014784\AppData\L...}, cssSelectorsEnabled: true, databaseEnabled: false, goog:chromeOptions: {debuggerAddress: localhost:59341}, handlesAlerts: true, hasTouchScreen: false, javascriptEnabled: true, locationContextEnabled: true, mobileEmulationEnabled: false, nativeEvents: true, networkConnectionEnabled: false, pageLoadStrategy: normal, platform: XP, platformName: XP, proxy: Proxy(), rotatable: false, setWindowRect: true, takesHeapSnapshot: true, takesScreenshot: true, timeouts: {implicit: 0, pageLoad: 300000, script: 30000}, unexpectedAlertBehaviour: ignore, unhandledPromptBehavior: ignore, version: 75.0.3770.142, webStorageEnabled: true}
Session ID: 30ba65fe96d5217c46af169604d2d91a
ERROR main com.framework.handlers.ElementHandler - Element Proxy element for: DefaultElementLocator 'By.xpath: //a[@title='Home Tab - Selected']' is not visible 
 Expected condition failed: waiting for visibility of Proxy element for: DefaultElementLocator 'By.xpath: //a[@title='Home Tab - Selected']' (tried for 15 second(s) with 500 milliseconds interval)
ERROR main com.framework.handlers.ElementHandler - Element [[ChromeDriver: chrome on XP (8b1c923e2bece6e9ef57709c3f4562c1)] -> xpath: //div[@id='User_body']/table/tbody/tr[2]//div[@class='displayName']/a] is not visible 
 stale element reference: element is not attached to the page document
  (Session info: chrome=75.0.3770.142)
  (Driver info: chromedriver=72.0.3626.69 (3c16f8a135abc0d4da2dff33804db79b849a7c38),platform=Windows NT 10.0.15063 x86_64) (WARNING: The server did not provide any stacktrace information)
Command duration or timeout: 0 milliseconds
For documentation on this error, please visit: https://www.seleniumhq.org/exceptions/stale_element_reference.html
Build info: version: '3.141.59', revision: 'e82be7d358', time: '2018-11-14T08:17:03'
System info: host: 'TP3VDIW10DEV205', ip: '10.25.6.248', os.name: 'Windows 10', os.arch: 'amd64', os.version: '10.0', java.version: '1.8.0_201'
Driver info: org.openqa.selenium.chrome.ChromeDriver
Capabilities {acceptInsecureCerts: false, acceptSslCerts: false, applicationCacheEnabled: false, browserConnectionEnabled: false, browserName: chrome, chrome: {chromedriverVersion: 72.0.3626.69 (3c16f8a135abc..., userDataDir: C:\Users\UX014784\AppData\L...}, cssSelectorsEnabled: true, databaseEnabled: false, goog:chromeOptions: {debuggerAddress: localhost:59938}, handlesAlerts: true, hasTouchScreen: false, javascriptEnabled: true, locationContextEnabled: true, mobileEmulationEnabled: false, nativeEvents: true, networkConnectionEnabled: false, pageLoadStrategy: normal, platform: XP, platformName: XP, proxy: Proxy(), rotatable: false, setWindowRect: true, takesHeapSnapshot: true, takesScreenshot: true, timeouts: {implicit: 0, pageLoad: 300000, script: 30000}, unexpectedAlertBehaviour: ignore, unhandledPromptBehavior: ignore, version: 75.0.3770.142, webStorageEnabled: true}
Session ID: 8b1c923e2bece6e9ef57709c3f4562c1
ERROR main com.framework.handlers.ElementHandler - Element [[ChromeDriver: chrome on XP (aa8167f9eb9749b6d1f06a23e8b72767)] -> xpath: //div[@id='User_body']/table/tbody/tr[2]//div[@class='displayName']/a] is not visible 
 stale element reference: element is not attached to the page document
  (Session info: chrome=75.0.3770.142)
  (Driver info: chromedriver=72.0.3626.69 (3c16f8a135abc0d4da2dff33804db79b849a7c38),platform=Windows NT 10.0.15063 x86_64) (WARNING: The server did not provide any stacktrace information)
Command duration or timeout: 0 milliseconds
For documentation on this error, please visit: https://www.seleniumhq.org/exceptions/stale_element_reference.html
Build info: version: '3.141.59', revision: 'e82be7d358', time: '2018-11-14T08:17:03'
System info: host: 'TP3VDIW10DEV205', ip: '10.25.6.248', os.name: 'Windows 10', os.arch: 'amd64', os.version: '10.0', java.version: '1.8.0_201'
Driver info: org.openqa.selenium.chrome.ChromeDriver
Capabilities {acceptInsecureCerts: false, acceptSslCerts: false, applicationCacheEnabled: false, browserConnectionEnabled: false, browserName: chrome, chrome: {chromedriverVersion: 72.0.3626.69 (3c16f8a135abc..., userDataDir: C:\Users\UX014784\AppData\L...}, cssSelectorsEnabled: true, databaseEnabled: false, goog:chromeOptions: {debuggerAddress: localhost:60504}, handlesAlerts: true, hasTouchScreen: false, javascriptEnabled: true, locationContextEnabled: true, mobileEmulationEnabled: false, nativeEvents: true, networkConnectionEnabled: false, pageLoadStrategy: normal, platform: XP, platformName: XP, proxy: Proxy(), rotatable: false, setWindowRect: true, takesHeapSnapshot: true, takesScreenshot: true, timeouts: {implicit: 0, pageLoad: 300000, script: 30000}, unexpectedAlertBehaviour: ignore, unhandledPromptBehavior: ignore, version: 75.0.3770.142, webStorageEnabled: true}
Session ID: aa8167f9eb9749b6d1f06a23e8b72767
ERROR main com.framework.handlers.ElementHandler - Element Proxy element for: DefaultElementLocator 'By.xpath: //h2[@class='pageDescription'][contains(text(),' New Opportunity')]' is not visible 
 Expected condition failed: waiting for visibility of Proxy element for: DefaultElementLocator 'By.xpath: //h2[@class='pageDescription'][contains(text(),' New Opportunity')]' (tried for 15 second(s) with 500 milliseconds interval)
ERROR main com.framework.handlers.ElementHandler - Element [[ChromeDriver: chrome on XP (f2c2fc9104d668bdabfe60bbe2d62fb8)] -> xpath: //div[@id='User_body']/table/tbody/tr[2]//div[@class='displayName']/a] is not visible 
 stale element reference: element is not attached to the page document
  (Session info: chrome=75.0.3770.142)
  (Driver info: chromedriver=72.0.3626.69 (3c16f8a135abc0d4da2dff33804db79b849a7c38),platform=Windows NT 10.0.15063 x86_64) (WARNING: The server did not provide any stacktrace information)
Command duration or timeout: 0 milliseconds
For documentation on this error, please visit: https://www.seleniumhq.org/exceptions/stale_element_reference.html
Build info: version: '3.141.59', revision: 'e82be7d358', time: '2018-11-14T08:17:03'
System info: host: 'TP3VDIW10DEV205', ip: '10.25.6.248', os.name: 'Windows 10', os.arch: 'amd64', os.version: '10.0', java.version: '1.8.0_201'
Driver info: org.openqa.selenium.chrome.ChromeDriver
Capabilities {acceptInsecureCerts: false, acceptSslCerts: false, applicationCacheEnabled: false, browserConnectionEnabled: false, browserName: chrome, chrome: {chromedriverVersion: 72.0.3626.69 (3c16f8a135abc..., userDataDir: C:\Users\UX014784\AppData\L...}, cssSelectorsEnabled: true, databaseEnabled: false, goog:chromeOptions: {debuggerAddress: localhost:61224}, handlesAlerts: true, hasTouchScreen: false, javascriptEnabled: true, locationContextEnabled: true, mobileEmulationEnabled: false, nativeEvents: true, networkConnectionEnabled: false, pageLoadStrategy: normal, platform: XP, platformName: XP, proxy: Proxy(), rotatable: false, setWindowRect: true, takesHeapSnapshot: true, takesScreenshot: true, timeouts: {implicit: 0, pageLoad: 300000, script: 30000}, unexpectedAlertBehaviour: ignore, unhandledPromptBehavior: ignore, version: 75.0.3770.142, webStorageEnabled: true}
Session ID: f2c2fc9104d668bdabfe60bbe2d62fb8
ERROR main com.framework.handlers.ElementHandler - Element [[ChromeDriver: chrome on XP (dd3b3f35ac01c9a2494a2734680df019)] -> xpath: //div[@id='User_body']/table/tbody/tr[2]//div[@class='displayName']/a] is not visible 
 stale element reference: element is not attached to the page document
  (Session info: chrome=75.0.3770.142)
  (Driver info: chromedriver=72.0.3626.69 (3c16f8a135abc0d4da2dff33804db79b849a7c38),platform=Windows NT 10.0.15063 x86_64) (WARNING: The server did not provide any stacktrace information)
Command duration or timeout: 0 milliseconds
For documentation on this error, please visit: https://www.seleniumhq.org/exceptions/stale_element_reference.html
Build info: version: '3.141.59', revision: 'e82be7d358', time: '2018-11-14T08:17:03'
System info: host: 'TP3VDIW10DEV205', ip: '10.25.6.248', os.name: 'Windows 10', os.arch: 'amd64', os.version: '10.0', java.version: '1.8.0_201'
Driver info: org.openqa.selenium.chrome.ChromeDriver
Capabilities {acceptInsecureCerts: false, acceptSslCerts: false, applicationCacheEnabled: false, browserConnectionEnabled: false, browserName: chrome, chrome: {chromedriverVersion: 72.0.3626.69 (3c16f8a135abc..., userDataDir: C:\Users\UX014784\AppData\L...}, cssSelectorsEnabled: true, databaseEnabled: false, goog:chromeOptions: {debuggerAddress: localhost:61501}, handlesAlerts: true, hasTouchScreen: false, javascriptEnabled: true, locationContextEnabled: true, mobileEmulationEnabled: false, nativeEvents: true, networkConnectionEnabled: false, pageLoadStrategy: normal, platform: XP, platformName: XP, proxy: Proxy(), rotatable: false, setWindowRect: true, takesHeapSnapshot: true, takesScreenshot: true, timeouts: {implicit: 0, pageLoad: 300000, script: 30000}, unexpectedAlertBehaviour: ignore, unhandledPromptBehavior: ignore, version: 75.0.3770.142, webStorageEnabled: true}
Session ID: dd3b3f35ac01c9a2494a2734680df019
ERROR main com.framework.handlers.ElementHandler - Element [[ChromeDriver: chrome on XP (c7d3b1e1fa8430e7bb4726bd5f6b9f13)] -> xpath: //div[@id='User_body']/table/tbody/tr[2]//div[@class='displayName']/a] is not visible 
 stale element reference: element is not attached to the page document
  (Session info: chrome=75.0.3770.142)
  (Driver info: chromedriver=72.0.3626.69 (3c16f8a135abc0d4da2dff33804db79b849a7c38),platform=Windows NT 10.0.15063 x86_64) (WARNING: The server did not provide any stacktrace information)
Command duration or timeout: 0 milliseconds
For documentation on this error, please visit: https://www.seleniumhq.org/exceptions/stale_element_reference.html
Build info: version: '3.141.59', revision: 'e82be7d358', time: '2018-11-14T08:17:03'
System info: host: 'TP3VDIW10DEV205', ip: '10.25.6.248', os.name: 'Windows 10', os.arch: 'amd64', os.version: '10.0', java.version: '1.8.0_201'
Driver info: org.openqa.selenium.chrome.ChromeDriver
Capabilities {acceptInsecureCerts: false, acceptSslCerts: false, applicationCacheEnabled: false, browserConnectionEnabled: false, browserName: chrome, chrome: {chromedriverVersion: 72.0.3626.69 (3c16f8a135abc..., userDataDir: C:\Users\UX014784\AppData\L...}, cssSelectorsEnabled: true, databaseEnabled: false, goog:chromeOptions: {debuggerAddress: localhost:56970}, handlesAlerts: true, hasTouchScreen: false, javascriptEnabled: true, locationContextEnabled: true, mobileEmulationEnabled: false, nativeEvents: true, networkConnectionEnabled: false, pageLoadStrategy: normal, platform: XP, platformName: XP, proxy: Proxy(), rotatable: false, setWindowRect: true, takesHeapSnapshot: true, takesScreenshot: true, timeouts: {implicit: 0, pageLoad: 300000, script: 30000}, unexpectedAlertBehaviour: ignore, unhandledPromptBehavior: ignore, version: 75.0.3770.142, webStorageEnabled: true}
Session ID: c7d3b1e1fa8430e7bb4726bd5f6b9f13
ERROR main com.framework.handlers.ElementHandler - Element [[ChromeDriver: chrome on XP (ecee783d270907a2c4b73aba9d691ac5)] -> xpath: //div[@id='User_body']/table/tbody/tr[2]//div[@class='displayName']/a] is not visible 
 stale element reference: element is not attached to the page document
  (Session info: chrome=75.0.3770.142)
  (Driver info: chromedriver=72.0.3626.69 (3c16f8a135abc0d4da2dff33804db79b849a7c38),platform=Windows NT 10.0.15063 x86_64) (WARNING: The server did not provide any stacktrace information)
Command duration or timeout: 0 milliseconds
For documentation on this error, please visit: https://www.seleniumhq.org/exceptions/stale_element_reference.html
Build info: version: '3.141.59', revision: 'e82be7d358', time: '2018-11-14T08:17:03'
System info: host: 'TP3VDIW10DEV205', ip: '10.25.6.248', os.name: 'Windows 10', os.arch: 'amd64', os.version: '10.0', java.version: '1.8.0_201'
Driver info: org.openqa.selenium.chrome.ChromeDriver
Capabilities {acceptInsecureCerts: false, acceptSslCerts: false, applicationCacheEnabled: false, browserConnectionEnabled: false, browserName: chrome, chrome: {chromedriverVersion: 72.0.3626.69 (3c16f8a135abc..., userDataDir: C:\Users\UX014784\AppData\L...}, cssSelectorsEnabled: true, databaseEnabled: false, goog:chromeOptions: {debuggerAddress: localhost:57222}, handlesAlerts: true, hasTouchScreen: false, javascriptEnabled: true, locationContextEnabled: true, mobileEmulationEnabled: false, nativeEvents: true, networkConnectionEnabled: false, pageLoadStrategy: normal, platform: XP, platformName: XP, proxy: Proxy(), rotatable: false, setWindowRect: true, takesHeapSnapshot: true, takesScreenshot: true, timeouts: {implicit: 0, pageLoad: 300000, script: 30000}, unexpectedAlertBehaviour: ignore, unhandledPromptBehavior: ignore, version: 75.0.3770.142, webStorageEnabled: true}
Session ID: ecee783d270907a2c4b73aba9d691ac5
ERROR main com.framework.handlers.ElementHandler - Element : [[ChromeDriver: chrome on XP (aeb48e3f06f369c8b766fcc46d026afe)] -> xpath: //span[contains(@class,'listTitle')][contains(text(),'Contact Roles')]] is staled.
 Unable to click on it.
stale element reference: element is not attached to the page document
  (Session info: chrome=75.0.3770.142)
  (Driver info: chromedriver=72.0.3626.69 (3c16f8a135abc0d4da2dff33804db79b849a7c38),platform=Windows NT 10.0.15063 x86_64) (WARNING: The server did not provide any stacktrace information)
Command duration or timeout: 0 milliseconds
For documentation on this error, please visit: https://www.seleniumhq.org/exceptions/stale_element_reference.html
Build info: version: '3.141.59', revision: 'e82be7d358', time: '2018-11-14T08:17:03'
System info: host: 'TP3VDIW10DEV205', ip: '10.25.6.248', os.name: 'Windows 10', os.arch: 'amd64', os.version: '10.0', java.version: '1.8.0_201'
Driver info: org.openqa.selenium.chrome.ChromeDriver
Capabilities {acceptInsecureCerts: false, acceptSslCerts: false, applicationCacheEnabled: false, browserConnectionEnabled: false, browserName: chrome, chrome: {chromedriverVersion: 72.0.3626.69 (3c16f8a135abc..., userDataDir: C:\Users\UX014784\AppData\L...}, cssSelectorsEnabled: true, databaseEnabled: false, goog:chromeOptions: {debuggerAddress: localhost:57416}, handlesAlerts: true, hasTouchScreen: false, javascriptEnabled: true, locationContextEnabled: true, mobileEmulationEnabled: false, nativeEvents: true, networkConnectionEnabled: false, pageLoadStrategy: normal, platform: XP, platformName: XP, proxy: Proxy(), rotatable: false, setWindowRect: true, takesHeapSnapshot: true, takesScreenshot: true, timeouts: {implicit: 0, pageLoad: 300000, script: 30000}, unexpectedAlertBehaviour: ignore, unhandledPromptBehavior: ignore, version: 75.0.3770.142, webStorageEnabled: true}
Session ID: aeb48e3f06f369c8b766fcc46d026afe
ERROR main com.framework.handlers.ElementHandler - Element Proxy element for: DefaultElementLocator 'By.xpath: //a[@title='Home Tab - Selected']' is not visible 
 Expected condition failed: waiting for visibility of Proxy element for: DefaultElementLocator 'By.xpath: //a[@title='Home Tab - Selected']' (tried for 15 second(s) with 500 milliseconds interval)
ERROR main com.framework.handlers.ElementHandler - Element Proxy element for: DefaultElementLocator 'By.xpath: //a[@title='Home Tab - Selected']' is not visible 
 Expected condition failed: waiting for visibility of Proxy element for: DefaultElementLocator 'By.xpath: //a[@title='Home Tab - Selected']' (tried for 15 second(s) with 500 milliseconds interval)
ERROR main com.framework.handlers.ElementHandler - Element [[ChromeDriver: chrome on XP (6c908c743862b2a5e47afd501ef1a73f)] -> xpath: //div[@id='User_body']/table/tbody/tr[2]//div[@class='displayName']/a] is not visible 
 stale element reference: element is not attached to the page document
  (Session info: chrome=75.0.3770.142)
  (Driver info: chromedriver=72.0.3626.69 (3c16f8a135abc0d4da2dff33804db79b849a7c38),platform=Windows NT 10.0.15063 x86_64) (WARNING: The server did not provide any stacktrace information)
Command duration or timeout: 0 milliseconds
For documentation on this error, please visit: https://www.seleniumhq.org/exceptions/stale_element_reference.html
Build info: version: '3.141.59', revision: 'e82be7d358', time: '2018-11-14T08:17:03'
System info: host: 'TP3VDIW10DEV205', ip: '10.25.6.248', os.name: 'Windows 10', os.arch: 'amd64', os.version: '10.0', java.version: '1.8.0_201'
Driver info: org.openqa.selenium.chrome.ChromeDriver
Capabilities {acceptInsecureCerts: false, acceptSslCerts: false, applicationCacheEnabled: false, browserConnectionEnabled: false, browserName: chrome, chrome: {chromedriverVersion: 72.0.3626.69 (3c16f8a135abc..., userDataDir: C:\Users\UX014784\AppData\L...}, cssSelectorsEnabled: true, databaseEnabled: false, goog:chromeOptions: {debuggerAddress: localhost:50444}, handlesAlerts: true, hasTouchScreen: false, javascriptEnabled: true, locationContextEnabled: true, mobileEmulationEnabled: false, nativeEvents: true, networkConnectionEnabled: false, pageLoadStrategy: normal, platform: XP, platformName: XP, proxy: Proxy(), rotatable: false, setWindowRect: true, takesHeapSnapshot: true, takesScreenshot: true, timeouts: {implicit: 0, pageLoad: 300000, script: 30000}, unexpectedAlertBehaviour: ignore, unhandledPromptBehavior: ignore, version: 75.0.3770.142, webStorageEnabled: true}
Session ID: 6c908c743862b2a5e47afd501ef1a73f
ERROR main com.framework.handlers.ElementHandler - Element [[ChromeDriver: chrome on XP (c975b548d0776950858c4a3b7ba71417)] -> xpath: //div[@id='User_body']/table/tbody/tr[2]//div[@class='displayName']/a] is not visible 
 stale element reference: element is not attached to the page document
  (Session info: chrome=75.0.3770.142)
  (Driver info: chromedriver=72.0.3626.69 (3c16f8a135abc0d4da2dff33804db79b849a7c38),platform=Windows NT 10.0.15063 x86_64) (WARNING: The server did not provide any stacktrace information)
Command duration or timeout: 0 milliseconds
For documentation on this error, please visit: https://www.seleniumhq.org/exceptions/stale_element_reference.html
Build info: version: '3.141.59', revision: 'e82be7d358', time: '2018-11-14T08:17:03'
System info: host: 'TP3VDIW10DEV205', ip: '10.25.6.248', os.name: 'Windows 10', os.arch: 'amd64', os.version: '10.0', java.version: '1.8.0_201'
Driver info: org.openqa.selenium.chrome.ChromeDriver
Capabilities {acceptInsecureCerts: false, acceptSslCerts: false, applicationCacheEnabled: false, browserConnectionEnabled: false, browserName: chrome, chrome: {chromedriverVersion: 72.0.3626.69 (3c16f8a135abc..., userDataDir: C:\Users\UX014784\AppData\L...}, cssSelectorsEnabled: true, databaseEnabled: false, goog:chromeOptions: {debuggerAddress: localhost:49475}, handlesAlerts: true, hasTouchScreen: false, javascriptEnabled: true, locationContextEnabled: true, mobileEmulationEnabled: false, nativeEvents: true, networkConnectionEnabled: false, pageLoadStrategy: normal, platform: XP, platformName: XP, proxy: Proxy(), rotatable: false, setWindowRect: true, takesHeapSnapshot: true, takesScreenshot: true, timeouts: {implicit: 0, pageLoad: 300000, script: 30000}, unexpectedAlertBehaviour: ignore, unhandledPromptBehavior: ignore, version: 75.0.3770.142, webStorageEnabled: true}
Session ID: c975b548d0776950858c4a3b7ba71417
INFO main com.framework.config.PropertiesRepository - List of files to load : global-override.properties,testdata.properties
INFO main com.framework.config.PropertiesRepository - Loading property file : global-override.properties
INFO main com.framework.config.PropertiesRepository - Loading property file : testdata.properties
INFO main com.framework.config.PropertiesRepository - Loading property file : global.properties
INFO main com.framework.config.PropertiesRepository - Loading property file : log4j.properties
INFO main com.framework.config.PropertiesRepository - Loading property file : log4j-h.properties
ERROR main com.framework.handlers.ElementHandler - Element Proxy element for: DefaultElementLocator 'By.xpath: //a[@title='Home Tab - Selected']' is not visible 
 Expected condition failed: waiting for visibility of Proxy element for: DefaultElementLocator 'By.xpath: //a[@title='Home Tab - Selected']' (tried for 15 second(s) with 500 milliseconds interval)
ERROR main com.framework.handlers.ElementHandler - Element Proxy element for: DefaultElementLocator 'By.xpath: //a[@title='Home Tab - Selected']' is not visible 
 Expected condition failed: waiting for visibility of Proxy element for: DefaultElementLocator 'By.xpath: //a[@title='Home Tab - Selected']' (tried for 15 second(s) with 500 milliseconds interval)
ERROR main com.framework.handlers.ElementHandler - Unable to enter text on the element: Proxy element for: DefaultElementLocator 'By.id: username'
 no such element: Unable to locate element: {"method":"id","selector":"username"}
  (Session info: chrome=75.0.3770.142)
  (Driver info: chromedriver=72.0.3626.69 (3c16f8a135abc0d4da2dff33804db79b849a7c38),platform=Windows NT 10.0.15063 x86_64) (WARNING: The server did not provide any stacktrace information)
Command duration or timeout: 0 milliseconds
For documentation on this error, please visit: https://www.seleniumhq.org/exceptions/no_such_element.html
Build info: version: '3.141.59', revision: 'e82be7d358', time: '2018-11-14T08:17:03'
System info: host: 'TP3VDIW10DEV205', ip: '10.25.6.248', os.name: 'Windows 10', os.arch: 'amd64', os.version: '10.0', java.version: '1.8.0_201'
Driver info: org.openqa.selenium.chrome.ChromeDriver
Capabilities {acceptInsecureCerts: false, acceptSslCerts: false, applicationCacheEnabled: false, browserConnectionEnabled: false, browserName: chrome, chrome: {chromedriverVersion: 72.0.3626.69 (3c16f8a135abc..., userDataDir: C:\Users\UX014784\AppData\L...}, cssSelectorsEnabled: true, databaseEnabled: false, goog:chromeOptions: {debuggerAddress: localhost:59379}, handlesAlerts: true, hasTouchScreen: false, javascriptEnabled: true, locationContextEnabled: true, mobileEmulationEnabled: false, nativeEvents: true, networkConnectionEnabled: false, pageLoadStrategy: normal, platform: XP, platformName: XP, proxy: Proxy(), rotatable: false, setWindowRect: true, takesHeapSnapshot: true, takesScreenshot: true, timeouts: {implicit: 0, pageLoad: 300000, script: 30000}, unexpectedAlertBehaviour: ignore, unhandledPromptBehavior: ignore, version: 75.0.3770.142, webStorageEnabled: true}
Session ID: f6b91b8843e6ee9aa59452b27ba2653a
*** Element info: {Using=id, value=username}
ERROR main com.framework.handlers.ElementHandler - Element Proxy element for: DefaultElementLocator 'By.xpath: //a[@title='Home Tab - Selected']' is not visible 
 Expected condition failed: waiting for visibility of Proxy element for: DefaultElementLocator 'By.xpath: //a[@title='Home Tab - Selected']' (tried for 15 second(s) with 500 milliseconds interval)
ERROR main com.framework.handlers.ElementHandler - Element Proxy element for: DefaultElementLocator 'By.xpath: //a[@title='Home Tab - Selected']' is not visible 
 Expected condition failed: waiting for visibility of Proxy element for: DefaultElementLocator 'By.xpath: //a[@title='Home Tab - Selected']' (tried for 15 second(s) with 500 milliseconds interval)
ERROR main com.framework.handlers.ElementHandler - Element [[ChromeDriver: chrome on XP (4d4c1d4deeccb25b6467a5b9290280fc)] -> xpath: //div[@id='User_body']/table/tbody/tr[2]//div[@class='displayName']/a] is not visible 
 stale element reference: element is not attached to the page document
  (Session info: chrome=75.0.3770.142)
  (Driver info: chromedriver=72.0.3626.69 (3c16f8a135abc0d4da2dff33804db79b849a7c38),platform=Windows NT 10.0.15063 x86_64) (WARNING: The server did not provide any stacktrace information)
Command duration or timeout: 0 milliseconds
For documentation on this error, please visit: https://www.seleniumhq.org/exceptions/stale_element_reference.html
Build info: version: '3.141.59', revision: 'e82be7d358', time: '2018-11-14T08:17:03'
System info: host: 'TP3VDIW10DEV205', ip: '10.25.6.248', os.name: 'Windows 10', os.arch: 'amd64', os.version: '10.0', java.version: '1.8.0_201'
Driver info: org.openqa.selenium.chrome.ChromeDriver
Capabilities {acceptInsecureCerts: false, acceptSslCerts: false, applicationCacheEnabled: false, browserConnectionEnabled: false, browserName: chrome, chrome: {chromedriverVersion: 72.0.3626.69 (3c16f8a135abc..., userDataDir: C:\Users\UX014784\AppData\L...}, cssSelectorsEnabled: true, databaseEnabled: false, goog:chromeOptions: {debuggerAddress: localhost:60313}, handlesAlerts: true, hasTouchScreen: false, javascriptEnabled: true, locationContextEnabled: true, mobileEmulationEnabled: false, nativeEvents: true, networkConnectionEnabled: false, pageLoadStrategy: normal, platform: XP, platformName: XP, proxy: Proxy(), rotatable: false, setWindowRect: true, takesHeapSnapshot: true, takesScreenshot: true, timeouts: {implicit: 0, pageLoad: 300000, script: 30000}, unexpectedAlertBehaviour: ignore, unhandledPromptBehavior: ignore, version: 75.0.3770.142, webStorageEnabled: true}
Session ID: 4d4c1d4deeccb25b6467a5b9290280fc
ERROR main com.framework.handlers.ElementHandler - Element [[ChromeDriver: chrome on XP (a075845ca7f15a44fcd004225ea0ec07)] -> xpath: //div[@id='User_body']/table/tbody/tr[2]//div[@class='displayName']/a] is not visible 
 stale element reference: element is not attached to the page document
  (Session info: chrome=75.0.3770.142)
  (Driver info: chromedriver=72.0.3626.69 (3c16f8a135abc0d4da2dff33804db79b849a7c38),platform=Windows NT 10.0.15063 x86_64) (WARNING: The server did not provide any stacktrace information)
Command duration or timeout: 0 milliseconds
For documentation on this error, please visit: https://www.seleniumhq.org/exceptions/stale_element_reference.html
Build info: version: '3.141.59', revision: 'e82be7d358', time: '2018-11-14T08:17:03'
System info: host: 'TP3VDIW10DEV205', ip: '10.25.6.248', os.name: 'Windows 10', os.arch: 'amd64', os.version: '10.0', java.version: '1.8.0_201'
Driver info: org.openqa.selenium.chrome.ChromeDriver
Capabilities {acceptInsecureCerts: false, acceptSslCerts: false, applicationCacheEnabled: false, browserConnectionEnabled: false, browserName: chrome, chrome: {chromedriverVersion: 72.0.3626.69 (3c16f8a135abc..., userDataDir: C:\Users\UX014784\AppData\L...}, cssSelectorsEnabled: true, databaseEnabled: false, goog:chromeOptions: {debuggerAddress: localhost:60765}, handlesAlerts: true, hasTouchScreen: false, javascriptEnabled: true, locationContextEnabled: true, mobileEmulationEnabled: false, nativeEvents: true, networkConnectionEnabled: false, pageLoadStrategy: normal, platform: XP, platformName: XP, proxy: Proxy(), rotatable: false, setWindowRect: true, takesHeapSnapshot: true, takesScreenshot: true, timeouts: {implicit: 0, pageLoad: 300000, script: 30000}, unexpectedAlertBehaviour: ignore, unhandledPromptBehavior: ignore, version: 75.0.3770.142, webStorageEnabled: true}
Session ID: a075845ca7f15a44fcd004225ea0ec07
ERROR main com.framework.handlers.ElementHandler - Element : [[ChromeDriver: chrome on XP (5bd9fcd48108ca3ecc5c9ce3141b3dee)] -> xpath: //span[@class='listTitle'][contains(text(),'Products (Standard Price Book)')]] is staled.
 Unable to click on it.
stale element reference: element is not attached to the page document
  (Session info: chrome=75.0.3770.142)
  (Driver info: chromedriver=72.0.3626.69 (3c16f8a135abc0d4da2dff33804db79b849a7c38),platform=Windows NT 10.0.15063 x86_64) (WARNING: The server did not provide any stacktrace information)
Command duration or timeout: 0 milliseconds
For documentation on this error, please visit: https://www.seleniumhq.org/exceptions/stale_element_reference.html
Build info: version: '3.141.59', revision: 'e82be7d358', time: '2018-11-14T08:17:03'
System info: host: 'TP3VDIW10DEV205', ip: '10.25.6.248', os.name: 'Windows 10', os.arch: 'amd64', os.version: '10.0', java.version: '1.8.0_201'
Driver info: org.openqa.selenium.chrome.ChromeDriver
Capabilities {acceptInsecureCerts: false, acceptSslCerts: false, applicationCacheEnabled: false, browserConnectionEnabled: false, browserName: chrome, chrome: {chromedriverVersion: 72.0.3626.69 (3c16f8a135abc..., userDataDir: C:\Users\UX014784\AppData\L...}, cssSelectorsEnabled: true, databaseEnabled: false, goog:chromeOptions: {debuggerAddress: localhost:61012}, handlesAlerts: true, hasTouchScreen: false, javascriptEnabled: true, locationContextEnabled: true, mobileEmulationEnabled: false, nativeEvents: true, networkConnectionEnabled: false, pageLoadStrategy: normal, platform: XP, platformName: XP, proxy: Proxy(), rotatable: false, setWindowRect: true, takesHeapSnapshot: true, takesScreenshot: true, timeouts: {implicit: 0, pageLoad: 300000, script: 30000}, unexpectedAlertBehaviour: ignore, unhandledPromptBehavior: ignore, version: 75.0.3770.142, webStorageEnabled: true}
Session ID: 5bd9fcd48108ca3ecc5c9ce3141b3dee
ERROR main com.framework.handlers.ElementHandler - Unable to enter text on the element: Proxy element for: DefaultElementLocator 'By.id: username'
 no such element: Unable to locate element: {"method":"id","selector":"username"}
  (Session info: chrome=75.0.3770.142)
  (Driver info: chromedriver=72.0.3626.69 (3c16f8a135abc0d4da2dff33804db79b849a7c38),platform=Windows NT 10.0.15063 x86_64) (WARNING: The server did not provide any stacktrace information)
Command duration or timeout: 0 milliseconds
For documentation on this error, please visit: https://www.seleniumhq.org/exceptions/no_such_element.html
Build info: version: '3.141.59', revision: 'e82be7d358', time: '2018-11-14T08:17:03'
System info: host: 'TP3VDIW10DEV205', ip: '10.25.6.248', os.name: 'Windows 10', os.arch: 'amd64', os.version: '10.0', java.version: '1.8.0_201'
Driver info: org.openqa.selenium.chrome.ChromeDriver
Capabilities {acceptInsecureCerts: false, acceptSslCerts: false, applicationCacheEnabled: false, browserConnectionEnabled: false, browserName: chrome, chrome: {chromedriverVersion: 72.0.3626.69 (3c16f8a135abc..., userDataDir: C:\Users\UX014784\AppData\L...}, cssSelectorsEnabled: true, databaseEnabled: false, goog:chromeOptions: {debuggerAddress: localhost:61500}, handlesAlerts: true, hasTouchScreen: false, javascriptEnabled: true, locationContextEnabled: true, mobileEmulationEnabled: false, nativeEvents: true, networkConnectionEnabled: false, pageLoadStrategy: normal, platform: XP, platformName: XP, proxy: Proxy(), rotatable: false, setWindowRect: true, takesHeapSnapshot: true, takesScreenshot: true, timeouts: {implicit: 0, pageLoad: 300000, script: 30000}, unexpectedAlertBehaviour: ignore, unhandledPromptBehavior: ignore, version: 75.0.3770.142, webStorageEnabled: true}
Session ID: 8936a7ba4b3aaf399a9ea0661fe2fed8
*** Element info: {Using=id, value=username}
ERROR main com.framework.handlers.ElementHandler - Element Proxy element for: DefaultElementLocator 'By.xpath: //a[@title='Home Tab - Selected']' is not visible 
 Expected condition failed: waiting for visibility of Proxy element for: DefaultElementLocator 'By.xpath: //a[@title='Home Tab - Selected']' (tried for 15 second(s) with 500 milliseconds interval)
ERROR main com.framework.handlers.ElementHandler - Element Proxy element for: DefaultElementLocator 'By.xpath: //a[@title='Home Tab - Selected']' is not visible 
 Expected condition failed: waiting for visibility of Proxy element for: DefaultElementLocator 'By.xpath: //a[@title='Home Tab - Selected']' (tried for 15 second(s) with 500 milliseconds interval)
ERROR main com.framework.handlers.ElementHandler - Unable to enter text on the element: Proxy element for: DefaultElementLocator 'By.id: username'
 no such element: Unable to locate element: {"method":"id","selector":"username"}
  (Session info: chrome=75.0.3770.142)
  (Driver info: chromedriver=72.0.3626.69 (3c16f8a135abc0d4da2dff33804db79b849a7c38),platform=Windows NT 10.0.15063 x86_64) (WARNING: The server did not provide any stacktrace information)
Command duration or timeout: 0 milliseconds
For documentation on this error, please visit: https://www.seleniumhq.org/exceptions/no_such_element.html
Build info: version: '3.141.59', revision: 'e82be7d358', time: '2018-11-14T08:17:03'
System info: host: 'TP3VDIW10DEV205', ip: '10.25.6.248', os.name: 'Windows 10', os.arch: 'amd64', os.version: '10.0', java.version: '1.8.0_201'
Driver info: org.openqa.selenium.chrome.ChromeDriver
Capabilities {acceptInsecureCerts: false, acceptSslCerts: false, applicationCacheEnabled: false, browserConnectionEnabled: false, browserName: chrome, chrome: {chromedriverVersion: 72.0.3626.69 (3c16f8a135abc..., userDataDir: C:\Users\UX014784\AppData\L...}, cssSelectorsEnabled: true, databaseEnabled: false, goog:chromeOptions: {debuggerAddress: localhost:61956}, handlesAlerts: true, hasTouchScreen: false, javascriptEnabled: true, locationContextEnabled: true, mobileEmulationEnabled: false, nativeEvents: true, networkConnectionEnabled: false, pageLoadStrategy: normal, platform: XP, platformName: XP, proxy: Proxy(), rotatable: false, setWindowRect: true, takesHeapSnapshot: true, takesScreenshot: true, timeouts: {implicit: 0, pageLoad: 300000, script: 30000}, unexpectedAlertBehaviour: ignore, unhandledPromptBehavior: ignore, version: 75.0.3770.142, webStorageEnabled: true}
Session ID: 6d2acd27fc1f7c3013e3054ece8cb019
*** Element info: {Using=id, value=username}
ERROR main com.framework.handlers.ElementHandler - Element [[ChromeDriver: chrome on XP (364578294d3907574edb1842175173a3)] -> xpath: //div[@id='User_body']/table/tbody/tr[2]//div[@class='displayName']/a] is not visible 
 Expected condition failed: waiting for visibility of [[ChromeDriver: chrome on XP (364578294d3907574edb1842175173a3)] -> xpath: //div[@id='User_body']/table/tbody/tr[2]//div[@class='displayName']/a] (tried for 15 second(s) with 500 milliseconds interval)
Build info: version: '3.141.59', revision: 'e82be7d358', time: '2018-11-14T08:17:03'
System info: host: 'TP3VDIW10DEV205', ip: '10.25.6.248', os.name: 'Windows 10', os.arch: 'amd64', os.version: '10.0', java.version: '1.8.0_201'
Driver info: org.openqa.selenium.chrome.ChromeDriver
Capabilities {acceptInsecureCerts: false, acceptSslCerts: false, applicationCacheEnabled: false, browserConnectionEnabled: false, browserName: chrome, chrome: {chromedriverVersion: 72.0.3626.69 (3c16f8a135abc..., userDataDir: C:\Users\UX014784\AppData\L...}, cssSelectorsEnabled: true, databaseEnabled: false, goog:chromeOptions: {debuggerAddress: localhost:62091}, handlesAlerts: true, hasTouchScreen: false, javascriptEnabled: true, locationContextEnabled: true, mobileEmulationEnabled: false, nativeEvents: true, networkConnectionEnabled: false, pageLoadStrategy: normal, platform: XP, platformName: XP, proxy: Proxy(), rotatable: false, setWindowRect: true, takesHeapSnapshot: true, takesScreenshot: true, timeouts: {implicit: 0, pageLoad: 300000, script: 30000}, unexpectedAlertBehaviour: ignore, unhandledPromptBehavior: ignore, version: 75.0.3770.142, webStorageEnabled: true}
Session ID: 364578294d3907574edb1842175173a3
ERROR main com.framework.handlers.ElementHandler - Element Proxy element for: DefaultElementLocator 'By.xpath: //a[@title='Home Tab - Selected']' is not visible 
 Expected condition failed: waiting for visibility of Proxy element for: DefaultElementLocator 'By.xpath: //a[@title='Home Tab - Selected']' (tried for 15 second(s) with 500 milliseconds interval)
ERROR main com.framework.handlers.ElementHandler - Unable to enter text on the element: Proxy element for: DefaultElementLocator 'By.id: username'
 no such element: Unable to locate element: {"method":"id","selector":"username"}
  (Session info: chrome=75.0.3770.142)
  (Driver info: chromedriver=72.0.3626.69 (3c16f8a135abc0d4da2dff33804db79b849a7c38),platform=Windows NT 10.0.15063 x86_64) (WARNING: The server did not provide any stacktrace information)
Command duration or timeout: 0 milliseconds
For documentation on this error, please visit: https://www.seleniumhq.org/exceptions/no_such_element.html
Build info: version: '3.141.59', revision: 'e82be7d358', time: '2018-11-14T08:17:03'
System info: host: 'TP3VDIW10DEV205', ip: '10.25.6.248', os.name: 'Windows 10', os.arch: 'amd64', os.version: '10.0', java.version: '1.8.0_201'
Driver info: org.openqa.selenium.chrome.ChromeDriver
Capabilities {acceptInsecureCerts: false, acceptSslCerts: false, applicationCacheEnabled: false, browserConnectionEnabled: false, browserName: chrome, chrome: {chromedriverVersion: 72.0.3626.69 (3c16f8a135abc..., userDataDir: C:\Users\UX014784\AppData\L...}, cssSelectorsEnabled: true, databaseEnabled: false, goog:chromeOptions: {debuggerAddress: localhost:63922}, handlesAlerts: true, hasTouchScreen: false, javascriptEnabled: true, locationContextEnabled: true, mobileEmulationEnabled: false, nativeEvents: true, networkConnectionEnabled: false, pageLoadStrategy: normal, platform: XP, platformName: XP, proxy: Proxy(), rotatable: false, setWindowRect: true, takesHeapSnapshot: true, takesScreenshot: true, timeouts: {implicit: 0, pageLoad: 300000, script: 30000}, unexpectedAlertBehaviour: ignore, unhandledPromptBehavior: ignore, version: 75.0.3770.142, webStorageEnabled: true}
Session ID: 1cc5b13214e9a9f4f83bf853cee5e1a8
*** Element info: {Using=id, value=username}
ERROR main com.framework.handlers.ElementHandler - Unable to enter text on the element: Proxy element for: DefaultElementLocator 'By.id: username'
 no such element: Unable to locate element: {"method":"id","selector":"username"}
  (Session info: chrome=75.0.3770.142)
  (Driver info: chromedriver=72.0.3626.69 (3c16f8a135abc0d4da2dff33804db79b849a7c38),platform=Windows NT 10.0.15063 x86_64) (WARNING: The server did not provide any stacktrace information)
Command duration or timeout: 0 milliseconds
For documentation on this error, please visit: https://www.seleniumhq.org/exceptions/no_such_element.html
Build info: version: '3.141.59', revision: 'e82be7d358', time: '2018-11-14T08:17:03'
System info: host: 'TP3VDIW10DEV205', ip: '10.25.6.248', os.name: 'Windows 10', os.arch: 'amd64', os.version: '10.0', java.version: '1.8.0_201'
Driver info: org.openqa.selenium.chrome.ChromeDriver
Capabilities {acceptInsecureCerts: false, acceptSslCerts: false, applicationCacheEnabled: false, browserConnectionEnabled: false, browserName: chrome, chrome: {chromedriverVersion: 72.0.3626.69 (3c16f8a135abc..., userDataDir: C:\Users\UX014784\AppData\L...}, cssSelectorsEnabled: true, databaseEnabled: false, goog:chromeOptions: {debuggerAddress: localhost:64073}, handlesAlerts: true, hasTouchScreen: false, javascriptEnabled: true, locationContextEnabled: true, mobileEmulationEnabled: false, nativeEvents: true, networkConnectionEnabled: false, pageLoadStrategy: normal, platform: XP, platformName: XP, proxy: Proxy(), rotatable: false, setWindowRect: true, takesHeapSnapshot: true, takesScreenshot: true, timeouts: {implicit: 0, pageLoad: 300000, script: 30000}, unexpectedAlertBehaviour: ignore, unhandledPromptBehavior: ignore, version: 75.0.3770.142, webStorageEnabled: true}
Session ID: e5748089ab25a2f71c1d48249e5bf395
*** Element info: {Using=id, value=username}
INFO main com.framework.config.PropertiesRepository - List of files to load : global-override.properties,testdata.properties
INFO main com.framework.config.PropertiesRepository - Loading property file : global-override.properties
INFO main com.framework.config.PropertiesRepository - Loading property file : testdata.properties
INFO main com.framework.config.PropertiesRepository - Loading property file : global.properties
INFO main com.framework.config.PropertiesRepository - Loading property file : log4j.properties
INFO main com.framework.config.PropertiesRepository - Loading property file : log4j-h.properties
ERROR main com.framework.handlers.ElementHandler - Unable to enter text on the element: Proxy element for: DefaultElementLocator 'By.id: username'
 no such element: Unable to locate element: {"method":"id","selector":"username"}
  (Session info: chrome=75.0.3770.142)
  (Driver info: chromedriver=72.0.3626.69 (3c16f8a135abc0d4da2dff33804db79b849a7c38),platform=Windows NT 10.0.15063 x86_64) (WARNING: The server did not provide any stacktrace information)
Command duration or timeout: 0 milliseconds
For documentation on this error, please visit: https://www.seleniumhq.org/exceptions/no_such_element.html
Build info: version: '3.141.59', revision: 'e82be7d358', time: '2018-11-14T08:17:03'
System info: host: 'TP3VDIW10DEV205', ip: '10.25.6.248', os.name: 'Windows 10', os.arch: 'amd64', os.version: '10.0', java.version: '1.8.0_201'
Driver info: org.openqa.selenium.chrome.ChromeDriver
Capabilities {acceptInsecureCerts: false, acceptSslCerts: false, applicationCacheEnabled: false, browserConnectionEnabled: false, browserName: chrome, chrome: {chromedriverVersion: 72.0.3626.69 (3c16f8a135abc..., userDataDir: C:\Users\UX014784\AppData\L...}, cssSelectorsEnabled: true, databaseEnabled: false, goog:chromeOptions: {debuggerAddress: localhost:58045}, handlesAlerts: true, hasTouchScreen: false, javascriptEnabled: true, locationContextEnabled: true, mobileEmulationEnabled: false, nativeEvents: true, networkConnectionEnabled: false, pageLoadStrategy: normal, platform: XP, platformName: XP, proxy: Proxy(), rotatable: false, setWindowRect: true, takesHeapSnapshot: true, takesScreenshot: true, timeouts: {implicit: 0, pageLoad: 300000, script: 30000}, unexpectedAlertBehaviour: ignore, unhandledPromptBehavior: ignore, version: 75.0.3770.142, webStorageEnabled: true}
Session ID: dc622468ef2deb59d8af1f29633c76c2
*** Element info: {Using=id, value=username}
ERROR main com.framework.handlers.ElementHandler - Unable to click on the element: Proxy element for: DefaultElementLocator 'By.xpath: //option[text()='Approved']'
 Expected condition failed: waiting for element to be clickable: Proxy element for: DefaultElementLocator 'By.xpath: //option[text()='Approved']' (tried for 15 second(s) with 500 milliseconds interval)
ERROR main com.framework.handlers.ElementHandler - Unable to click on the element: [[ChromeDriver: chrome on XP (33fea1d79f2299b6d1c08119cd5e749c)] -> xpath: //td[@id='topButtonRow']//input[@title='Submit For Approval']]
 unknown error: Element <input value="Submit For Approval" class="btn" name="validate" title="Submit For Approval" type="button" onclick="if (window.invokeOnClickJS_00b40000000lFbr) window.invokeOnClickJS_00b40000000lFbr(this); else if (parent.window.invokeOnClickJS_00b40000000lFbr) parent.window.invokeOnClickJS_00b40000000lFbr(this); return false"> is not clickable at point (760, 302). Other element would receive the click: <iframe frameborder="0" id="RLPanelFrame" name="RLPanelFrame" src="/emptyHtmlDoc.html" title="Hidden Frame - Ignore" style="height: 76px;"></iframe>
  (Session info: chrome=75.0.3770.142)
  (Driver info: chromedriver=72.0.3626.69 (3c16f8a135abc0d4da2dff33804db79b849a7c38),platform=Windows NT 10.0.15063 x86_64) (WARNING: The server did not provide any stacktrace information)
Command duration or timeout: 0 milliseconds
Build info: version: '3.141.59', revision: 'e82be7d358', time: '2018-11-14T08:17:03'
System info: host: 'TP3VDIW10DEV205', ip: '10.25.6.248', os.name: 'Windows 10', os.arch: 'amd64', os.version: '10.0', java.version: '1.8.0_201'
Driver info: org.openqa.selenium.chrome.ChromeDriver
Capabilities {acceptInsecureCerts: false, acceptSslCerts: false, applicationCacheEnabled: false, browserConnectionEnabled: false, browserName: chrome, chrome: {chromedriverVersion: 72.0.3626.69 (3c16f8a135abc..., userDataDir: C:\Users\UX014784\AppData\L...}, cssSelectorsEnabled: true, databaseEnabled: false, goog:chromeOptions: {debuggerAddress: localhost:58570}, handlesAlerts: true, hasTouchScreen: false, javascriptEnabled: true, locationContextEnabled: true, mobileEmulationEnabled: false, nativeEvents: true, networkConnectionEnabled: false, pageLoadStrategy: normal, platform: XP, platformName: XP, proxy: Proxy(), rotatable: false, setWindowRect: true, takesHeapSnapshot: true, takesScreenshot: true, timeouts: {implicit: 0, pageLoad: 300000, script: 30000}, unexpectedAlertBehaviour: ignore, unhandledPromptBehavior: ignore, version: 75.0.3770.142, webStorageEnabled: true}
Session ID: 33fea1d79f2299b6d1c08119cd5e749c
ERROR main com.framework.handlers.ElementHandler - Element Proxy element for: DefaultElementLocator 'By.xpath: //a[@title='Home Tab - Selected']' is not visible 
 Expected condition failed: waiting for visibility of Proxy element for: DefaultElementLocator 'By.xpath: //a[@title='Home Tab - Selected']' (tried for 15 second(s) with 500 milliseconds interval)
ERROR main com.framework.handlers.ElementHandler - Unable to enter text on the element: Proxy element for: DefaultElementLocator 'By.id: username'
 no such element: Unable to locate element: {"method":"id","selector":"username"}
  (Session info: chrome=75.0.3770.142)
  (Driver info: chromedriver=72.0.3626.69 (3c16f8a135abc0d4da2dff33804db79b849a7c38),platform=Windows NT 10.0.15063 x86_64) (WARNING: The server did not provide any stacktrace information)
Command duration or timeout: 0 milliseconds
For documentation on this error, please visit: https://www.seleniumhq.org/exceptions/no_such_element.html
Build info: version: '3.141.59', revision: 'e82be7d358', time: '2018-11-14T08:17:03'
System info: host: 'TP3VDIW10DEV205', ip: '10.25.6.248', os.name: 'Windows 10', os.arch: 'amd64', os.version: '10.0', java.version: '1.8.0_201'
Driver info: org.openqa.selenium.chrome.ChromeDriver
Capabilities {acceptInsecureCerts: false, acceptSslCerts: false, applicationCacheEnabled: false, browserConnectionEnabled: false, browserName: chrome, chrome: {chromedriverVersion: 72.0.3626.69 (3c16f8a135abc..., userDataDir: C:\Users\UX014784\AppData\L...}, cssSelectorsEnabled: true, databaseEnabled: false, goog:chromeOptions: {debuggerAddress: localhost:59317}, handlesAlerts: true, hasTouchScreen: false, javascriptEnabled: true, locationContextEnabled: true, mobileEmulationEnabled: false, nativeEvents: true, networkConnectionEnabled: false, pageLoadStrategy: normal, platform: XP, platformName: XP, proxy: Proxy(), rotatable: false, setWindowRect: true, takesHeapSnapshot: true, takesScreenshot: true, timeouts: {implicit: 0, pageLoad: 300000, script: 30000}, unexpectedAlertBehaviour: ignore, unhandledPromptBehavior: ignore, version: 75.0.3770.142, webStorageEnabled: true}
Session ID: 844491f313fc16dc3e1439652fbd6c3b
*** Element info: {Using=id, value=username}
ERROR main com.framework.handlers.ElementHandler - Element Proxy element for: DefaultElementLocator 'By.xpath: //a[@title='Home Tab - Selected']' is not visible 
 Expected condition failed: waiting for visibility of Proxy element for: DefaultElementLocator 'By.xpath: //a[@title='Home Tab - Selected']' (tried for 15 second(s) with 500 milliseconds interval)
ERROR main com.framework.handlers.ElementHandler - Unable to enter text on the element: Proxy element for: DefaultElementLocator 'By.id: phSearchInput'
 no such element: Unable to locate element: {"method":"id","selector":"phSearchInput"}
  (Session info: chrome=75.0.3770.142)
  (Driver info: chromedriver=72.0.3626.69 (3c16f8a135abc0d4da2dff33804db79b849a7c38),platform=Windows NT 10.0.15063 x86_64) (WARNING: The server did not provide any stacktrace information)
Command duration or timeout: 0 milliseconds
For documentation on this error, please visit: https://www.seleniumhq.org/exceptions/no_such_element.html
Build info: version: '3.141.59', revision: 'e82be7d358', time: '2018-11-14T08:17:03'
System info: host: 'TP3VDIW10DEV205', ip: '10.25.6.248', os.name: 'Windows 10', os.arch: 'amd64', os.version: '10.0', java.version: '1.8.0_201'
Driver info: org.openqa.selenium.chrome.ChromeDriver
Capabilities {acceptInsecureCerts: false, acceptSslCerts: false, applicationCacheEnabled: false, browserConnectionEnabled: false, browserName: chrome, chrome: {chromedriverVersion: 72.0.3626.69 (3c16f8a135abc..., userDataDir: C:\Users\UX014784\AppData\L...}, cssSelectorsEnabled: true, databaseEnabled: false, goog:chromeOptions: {debuggerAddress: localhost:60851}, handlesAlerts: true, hasTouchScreen: false, javascriptEnabled: true, locationContextEnabled: true, mobileEmulationEnabled: false, nativeEvents: true, networkConnectionEnabled: false, pageLoadStrategy: normal, platform: XP, platformName: XP, proxy: Proxy(), rotatable: false, setWindowRect: true, takesHeapSnapshot: true, takesScreenshot: true, timeouts: {implicit: 0, pageLoad: 300000, script: 30000}, unexpectedAlertBehaviour: ignore, unhandledPromptBehavior: ignore, version: 75.0.3770.142, webStorageEnabled: true}
Session ID: f189fc1f5ce378d0b000881785af171e
*** Element info: {Using=id, value=phSearchInput}
ERROR main com.framework.handlers.ElementHandler - Unable to enter text on the element: Proxy element for: DefaultElementLocator 'By.id: username'
 no such element: Unable to locate element: {"method":"id","selector":"username"}
  (Session info: chrome=75.0.3770.142)
  (Driver info: chromedriver=72.0.3626.69 (3c16f8a135abc0d4da2dff33804db79b849a7c38),platform=Windows NT 10.0.15063 x86_64) (WARNING: The server did not provide any stacktrace information)
Command duration or timeout: 0 milliseconds
For documentation on this error, please visit: https://www.seleniumhq.org/exceptions/no_such_element.html
Build info: version: '3.141.59', revision: 'e82be7d358', time: '2018-11-14T08:17:03'
System info: host: 'TP3VDIW10DEV205', ip: '10.25.6.248', os.name: 'Windows 10', os.arch: 'amd64', os.version: '10.0', java.version: '1.8.0_201'
Driver info: org.openqa.selenium.chrome.ChromeDriver
Capabilities {acceptInsecureCerts: false, acceptSslCerts: false, applicationCacheEnabled: false, browserConnectionEnabled: false, browserName: chrome, chrome: {chromedriverVersion: 72.0.3626.69 (3c16f8a135abc..., userDataDir: C:\Users\UX014784\AppData\L...}, cssSelectorsEnabled: true, databaseEnabled: false, goog:chromeOptions: {debuggerAddress: localhost:61174}, handlesAlerts: true, hasTouchScreen: false, javascriptEnabled: true, locationContextEnabled: true, mobileEmulationEnabled: false, nativeEvents: true, networkConnectionEnabled: false, pageLoadStrategy: normal, platform: XP, platformName: XP, proxy: Proxy(), rotatable: false, setWindowRect: true, takesHeapSnapshot: true, takesScreenshot: true, timeouts: {implicit: 0, pageLoad: 300000, script: 30000}, unexpectedAlertBehaviour: ignore, unhandledPromptBehavior: ignore, version: 75.0.3770.142, webStorageEnabled: true}
Session ID: 1a25c3f2b4f62abc0c91a52f98aef24a
*** Element info: {Using=id, value=username}
INFO main com.framework.config.PropertiesRepository - List of files to load : global-override.properties,testdata.properties
INFO main com.framework.config.PropertiesRepository - Loading property file : global-override.properties
INFO main com.framework.config.PropertiesRepository - Loading property file : testdata.properties
INFO main com.framework.config.PropertiesRepository - Loading property file : global.properties
INFO main com.framework.config.PropertiesRepository - Loading property file : log4j.properties
INFO main com.framework.config.PropertiesRepository - Loading property file : log4j-h.properties
INFO main com.framework.config.PropertiesRepository - List of files to load : global-override.properties,testdata.properties
INFO main com.framework.config.PropertiesRepository - Loading property file : global-override.properties
INFO main com.framework.config.PropertiesRepository - Loading property file : testdata.properties
INFO main com.framework.config.PropertiesRepository - Loading property file : global.properties
INFO main com.framework.config.PropertiesRepository - Loading property file : log4j.properties
INFO main com.framework.config.PropertiesRepository - Loading property file : log4j-h.properties
INFO main com.framework.config.PropertiesRepository - List of files to load : global-override.properties,testdata.properties
INFO main com.framework.config.PropertiesRepository - Loading property file : global-override.properties
INFO main com.framework.config.PropertiesRepository - Loading property file : testdata.properties
INFO main com.framework.config.PropertiesRepository - Loading property file : global.properties
INFO main com.framework.config.PropertiesRepository - Loading property file : log4j.properties
INFO main com.framework.config.PropertiesRepository - Loading property file : log4j-h.properties
INFO main com.framework.config.PropertiesRepository - List of files to load : global-override.properties,testdata.properties
INFO main com.framework.config.PropertiesRepository - Loading property file : global-override.properties
INFO main com.framework.config.PropertiesRepository - Loading property file : testdata.properties
INFO main com.framework.config.PropertiesRepository - Loading property file : global.properties
INFO main com.framework.config.PropertiesRepository - Loading property file : log4j.properties
INFO main com.framework.config.PropertiesRepository - Loading property file : log4j-h.properties
ERROR main com.framework.handlers.ElementHandler - Unable to click on the element: [[ChromeDriver: chrome on XP (77b483ff37fd2508c0df96a99a7cf407)] -> id: userNav-arrow]
 unknown error: Element <div class="userNav-buttonArrow mbrButtonArrow" id="userNav-arrow"></div> is not clickable at point (1019, 45). Other element would receive the click: <div class="overlayBackground" style="width: 1366px; height: 5089px; display: block;"></div>
  (Session info: chrome=76.0.3809.100)
  (Driver info: chromedriver=72.0.3626.69 (3c16f8a135abc0d4da2dff33804db79b849a7c38),platform=Windows NT 10.0.15063 x86_64) (WARNING: The server did not provide any stacktrace information)
Command duration or timeout: 0 milliseconds
Build info: version: '3.141.59', revision: 'e82be7d358', time: '2018-11-14T08:17:03'
System info: host: 'TP3VDIW10DEV205', ip: '10.25.6.248', os.name: 'Windows 10', os.arch: 'amd64', os.version: '10.0', java.version: '1.8.0_201'
Driver info: org.openqa.selenium.chrome.ChromeDriver
Capabilities {acceptInsecureCerts: false, acceptSslCerts: false, applicationCacheEnabled: false, browserConnectionEnabled: false, browserName: chrome, chrome: {chromedriverVersion: 72.0.3626.69 (3c16f8a135abc..., userDataDir: C:\Users\UX014784\AppData\L...}, cssSelectorsEnabled: true, databaseEnabled: false, goog:chromeOptions: {debuggerAddress: localhost:65481}, handlesAlerts: true, hasTouchScreen: false, javascriptEnabled: true, locationContextEnabled: true, mobileEmulationEnabled: false, nativeEvents: true, networkConnectionEnabled: false, pageLoadStrategy: normal, platform: XP, platformName: XP, proxy: Proxy(), rotatable: false, setWindowRect: true, takesHeapSnapshot: true, takesScreenshot: true, timeouts: {implicit: 0, pageLoad: 300000, script: 30000}, unexpectedAlertBehaviour: ignore, unhandledPromptBehavior: ignore, version: 76.0.3809.100, webStorageEnabled: true}
Session ID: 77b483ff37fd2508c0df96a99a7cf407
ERROR main com.framework.handlers.ElementHandler - Element Proxy element for: DefaultElementLocator 'By.xpath: //h2[@class='pageDescription'][contains(text(),' New Opportunity')]' is not visible 
 Expected condition failed: waiting for visibility of Proxy element for: DefaultElementLocator 'By.xpath: //h2[@class='pageDescription'][contains(text(),' New Opportunity')]' (tried for 15 second(s) with 500 milliseconds interval)
INFO main com.framework.config.PropertiesRepository - List of files to load : global-override.properties,testdata.properties
INFO main com.framework.config.PropertiesRepository - Loading property file : global-override.properties
INFO main com.framework.config.PropertiesRepository - Loading property file : testdata.properties
INFO main com.framework.config.PropertiesRepository - Loading property file : global.properties
INFO main com.framework.config.PropertiesRepository - Loading property file : log4j.properties
INFO main com.framework.config.PropertiesRepository - Loading property file : log4j-h.properties
INFO main com.framework.config.PropertiesRepository - List of files to load : global-override.properties,testdata.properties
INFO main com.framework.config.PropertiesRepository - Loading property file : global-override.properties
INFO main com.framework.config.PropertiesRepository - Loading property file : testdata.properties
INFO main com.framework.config.PropertiesRepository - Loading property file : global.properties
INFO main com.framework.config.PropertiesRepository - Loading property file : log4j.properties
INFO main com.framework.config.PropertiesRepository - Loading property file : log4j-h.properties
INFO main com.framework.config.PropertiesRepository - List of files to load : global-override.properties,testdata.properties
INFO main com.framework.config.PropertiesRepository - Loading property file : global-override.properties
INFO main com.framework.config.PropertiesRepository - Loading property file : testdata.properties
INFO main com.framework.config.PropertiesRepository - Loading property file : global.properties
INFO main com.framework.config.PropertiesRepository - Loading property file : log4j.properties
INFO main com.framework.config.PropertiesRepository - Loading property file : log4j-h.properties
ERROR main com.framework.handlers.ElementHandler - Unable to get the text from element: Proxy element for: DefaultElementLocator 'By.xpath: //div[@class='content']//h2'
 no such element: Unable to locate element: {"method":"xpath","selector":"//div[@class='content']//h2"}
  (Session info: chrome=76.0.3809.100)
  (Driver info: chromedriver=72.0.3626.69 (3c16f8a135abc0d4da2dff33804db79b849a7c38),platform=Windows NT 10.0.15063 x86_64) (WARNING: The server did not provide any stacktrace information)
Command duration or timeout: 0 milliseconds
For documentation on this error, please visit: https://www.seleniumhq.org/exceptions/no_such_element.html
Build info: version: '3.141.59', revision: 'e82be7d358', time: '2018-11-14T08:17:03'
System info: host: 'TP3VDIW10DEV205', ip: '10.25.6.248', os.name: 'Windows 10', os.arch: 'amd64', os.version: '10.0', java.version: '1.8.0_201'
Driver info: org.openqa.selenium.chrome.ChromeDriver
Capabilities {acceptInsecureCerts: false, acceptSslCerts: false, applicationCacheEnabled: false, browserConnectionEnabled: false, browserName: chrome, chrome: {chromedriverVersion: 72.0.3626.69 (3c16f8a135abc..., userDataDir: C:\Users\UX014784\AppData\L...}, cssSelectorsEnabled: true, databaseEnabled: false, goog:chromeOptions: {debuggerAddress: localhost:54421}, handlesAlerts: true, hasTouchScreen: false, javascriptEnabled: true, locationContextEnabled: true, mobileEmulationEnabled: false, nativeEvents: true, networkConnectionEnabled: false, pageLoadStrategy: normal, platform: XP, platformName: XP, proxy: Proxy(), rotatable: false, setWindowRect: true, takesHeapSnapshot: true, takesScreenshot: true, timeouts: {implicit: 0, pageLoad: 300000, script: 30000}, unexpectedAlertBehaviour: ignore, unhandledPromptBehavior: ignore, version: 76.0.3809.100, webStorageEnabled: true}
Session ID: 748e0e44800b5594ceef518240ec9e25
*** Element info: {Using=xpath, value=//div[@class='content']//h2}
INFO main com.framework.config.PropertiesRepository - List of files to load : global-override.properties,testdata.properties
INFO main com.framework.config.PropertiesRepository - Loading property file : global-override.properties
INFO main com.framework.config.PropertiesRepository - Loading property file : testdata.properties
INFO main com.framework.config.PropertiesRepository - Loading property file : global.properties
INFO main com.framework.config.PropertiesRepository - Loading property file : log4j.properties
INFO main com.framework.config.PropertiesRepository - Loading property file : log4j-h.properties
INFO main com.framework.config.PropertiesRepository - List of files to load : global-override.properties,testdata.properties
INFO main com.framework.config.PropertiesRepository - Loading property file : global-override.properties
INFO main com.framework.config.PropertiesRepository - Loading property file : testdata.properties
INFO main com.framework.config.PropertiesRepository - Loading property file : global.properties
INFO main com.framework.config.PropertiesRepository - Loading property file : log4j.properties
INFO main com.framework.config.PropertiesRepository - Loading property file : log4j-h.properties
INFO main com.framework.handlers.PopUpHandler - Switching to alert
INFO main com.framework.handlers.PopUpHandler - Switching to alert
INFO main com.framework.handlers.PopUpHandler - Switching to alert
INFO main com.framework.handlers.PopUpHandler - Switching to alert
ERROR main com.framework.asserts.AssertionHandler - Value mismatch
java.lang.AssertionError: expected [Please select a Primary Contact from the Opportunity Contact Roles related list in order to create a Quote] but found [null]
	at org.testng.Assert.fail(Assert.java:93)
	at org.testng.Assert.failNotEquals(Assert.java:512)
	at org.testng.Assert.assertEqualsImpl(Assert.java:129)
	at org.testng.Assert.assertEquals(Assert.java:115)
	at org.testng.Assert.assertEquals(Assert.java:178)
	at com.framework.asserts.AssertionHandler.verifyEquals(AssertionHandler.java:12)
	at com.sc.pages.OpportunitiesPage.validatePopupContactRole(OpportunitiesPage.java:340)
	at com.sc.stepdefination.OpportunitiesStepDefination.validatePopupContactRole(OpportunitiesStepDefination.java:160)
	at sun.reflect.NativeMethodAccessorImpl.invoke0(Native Method)
	at sun.reflect.NativeMethodAccessorImpl.invoke(NativeMethodAccessorImpl.java:62)
	at sun.reflect.DelegatingMethodAccessorImpl.invoke(DelegatingMethodAccessorImpl.java:43)
	at java.lang.reflect.Method.invoke(Method.java:498)
	at cucumber.runtime.Utils$1.call(Utils.java:40)
	at cucumber.runtime.Timeout.timeout(Timeout.java:16)
	at cucumber.runtime.Utils.invoke(Utils.java:34)
	at cucumber.runtime.java.JavaStepDefinition.execute(JavaStepDefinition.java:38)
	at cucumber.runtime.StepDefinitionMatch.runStep(StepDefinitionMatch.java:37)
	at cucumber.runtime.Runtime.runStep(Runtime.java:300)
	at cucumber.runtime.model.StepContainer.runStep(StepContainer.java:44)
	at cucumber.runtime.model.StepContainer.runSteps(StepContainer.java:39)
	at cucumber.runtime.model.CucumberScenario.run(CucumberScenario.java:44)
	at cucumber.runtime.model.CucumberFeature.run(CucumberFeature.java:165)
	at cucumber.runtime.Runtime.run(Runtime.java:122)
	at com.framework.cucumber.helper.TestNGRunnerHelper.runTestNG(TestNGRunnerHelper.java:49)
	at com.sc.testrunner.TestNGTestRunner.runFeatures(TestNGTestRunner.java:43)
	at sun.reflect.NativeMethodAccessorImpl.invoke0(Native Method)
	at sun.reflect.NativeMethodAccessorImpl.invoke(NativeMethodAccessorImpl.java:62)
	at sun.reflect.DelegatingMethodAccessorImpl.invoke(DelegatingMethodAccessorImpl.java:43)
	at java.lang.reflect.Method.invoke(Method.java:498)
	at org.testng.internal.MethodInvocationHelper.invokeMethod(MethodInvocationHelper.java:108)
	at org.testng.internal.Invoker.invokeMethod(Invoker.java:661)
	at org.testng.internal.Invoker.invokeTestMethod(Invoker.java:869)
	at org.testng.internal.Invoker.invokeTestMethods(Invoker.java:1193)
	at org.testng.internal.TestMethodWorker.invokeTestMethods(TestMethodWorker.java:126)
	at org.testng.internal.TestMethodWorker.run(TestMethodWorker.java:109)
	at org.testng.TestRunner.privateRun(TestRunner.java:744)
	at org.testng.TestRunner.run(TestRunner.java:602)
	at org.testng.SuiteRunner.runTest(SuiteRunner.java:380)
	at org.testng.SuiteRunner.runSequentially(SuiteRunner.java:375)
	at org.testng.SuiteRunner.privateRun(SuiteRunner.java:340)
	at org.testng.SuiteRunner.run(SuiteRunner.java:289)
	at org.testng.SuiteRunnerWorker.runSuite(SuiteRunnerWorker.java:52)
	at org.testng.SuiteRunnerWorker.run(SuiteRunnerWorker.java:86)
	at org.testng.TestNG.runSuitesSequentially(TestNG.java:1301)
	at org.testng.TestNG.runSuitesLocally(TestNG.java:1226)
	at org.testng.TestNG.runSuites(TestNG.java:1144)
	at org.testng.TestNG.run(TestNG.java:1115)
	at org.testng.remote.AbstractRemoteTestNG.run(AbstractRemoteTestNG.java:115)
	at org.testng.remote.RemoteTestNG.initAndRun(RemoteTestNG.java:251)
	at org.testng.remote.RemoteTestNG.main(RemoteTestNG.java:77)
INFO main com.framework.handlers.PopUpHandler - Switching to alert
INFO main com.framework.handlers.PopUpHandler - Switching to alert
INFO main com.framework.handlers.PopUpHandler - Switching to alert
ERROR main com.framework.asserts.AssertionHandler - False returned
java.lang.AssertionError: expected [true] but found [false]
	at org.testng.Assert.fail(Assert.java:93)
	at org.testng.Assert.failNotEquals(Assert.java:512)
	at org.testng.Assert.assertTrue(Assert.java:41)
	at org.testng.Assert.assertTrue(Assert.java:51)
	at com.framework.asserts.AssertionHandler.verifyTrue(AssertionHandler.java:48)
	at com.sc.pages.ReportsPage.validateGSASaleReportable(ReportsPage.java:82)
	at com.sc.stepdefination.ReportsStepDefination.validateGSASaleReportable(ReportsStepDefination.java:58)
	at sun.reflect.NativeMethodAccessorImpl.invoke0(Native Method)
	at sun.reflect.NativeMethodAccessorImpl.invoke(NativeMethodAccessorImpl.java:62)
	at sun.reflect.DelegatingMethodAccessorImpl.invoke(DelegatingMethodAccessorImpl.java:43)
	at java.lang.reflect.Method.invoke(Method.java:498)
	at cucumber.runtime.Utils$1.call(Utils.java:40)
	at cucumber.runtime.Timeout.timeout(Timeout.java:16)
	at cucumber.runtime.Utils.invoke(Utils.java:34)
	at cucumber.runtime.java.JavaStepDefinition.execute(JavaStepDefinition.java:38)
	at cucumber.runtime.StepDefinitionMatch.runStep(StepDefinitionMatch.java:37)
	at cucumber.runtime.Runtime.runStep(Runtime.java:300)
	at cucumber.runtime.model.StepContainer.runStep(StepContainer.java:44)
	at cucumber.runtime.model.StepContainer.runSteps(StepContainer.java:39)
	at cucumber.runtime.model.CucumberScenario.run(CucumberScenario.java:44)
	at cucumber.runtime.model.CucumberFeature.run(CucumberFeature.java:165)
	at cucumber.runtime.Runtime.run(Runtime.java:122)
	at com.framework.cucumber.helper.TestNGRunnerHelper.runTestNG(TestNGRunnerHelper.java:49)
	at com.sc.testrunner.TestNGTestRunner.runFeatures(TestNGTestRunner.java:43)
	at sun.reflect.NativeMethodAccessorImpl.invoke0(Native Method)
	at sun.reflect.NativeMethodAccessorImpl.invoke(NativeMethodAccessorImpl.java:62)
	at sun.reflect.DelegatingMethodAccessorImpl.invoke(DelegatingMethodAccessorImpl.java:43)
	at java.lang.reflect.Method.invoke(Method.java:498)
	at org.testng.internal.MethodInvocationHelper.invokeMethod(MethodInvocationHelper.java:108)
	at org.testng.internal.Invoker.invokeMethod(Invoker.java:661)
	at org.testng.internal.Invoker.invokeTestMethod(Invoker.java:869)
	at org.testng.internal.Invoker.invokeTestMethods(Invoker.java:1193)
	at org.testng.internal.TestMethodWorker.invokeTestMethods(TestMethodWorker.java:126)
	at org.testng.internal.TestMethodWorker.run(TestMethodWorker.java:109)
	at org.testng.TestRunner.privateRun(TestRunner.java:744)
	at org.testng.TestRunner.run(TestRunner.java:602)
	at org.testng.SuiteRunner.runTest(SuiteRunner.java:380)
	at org.testng.SuiteRunner.runSequentially(SuiteRunner.java:375)
	at org.testng.SuiteRunner.privateRun(SuiteRunner.java:340)
	at org.testng.SuiteRunner.run(SuiteRunner.java:289)
	at org.testng.SuiteRunnerWorker.runSuite(SuiteRunnerWorker.java:52)
	at org.testng.SuiteRunnerWorker.run(SuiteRunnerWorker.java:86)
	at org.testng.TestNG.runSuitesSequentially(TestNG.java:1301)
	at org.testng.TestNG.runSuitesLocally(TestNG.java:1226)
	at org.testng.TestNG.runSuites(TestNG.java:1144)
	at org.testng.TestNG.run(TestNG.java:1115)
	at org.testng.remote.AbstractRemoteTestNG.run(AbstractRemoteTestNG.java:115)
	at org.testng.remote.RemoteTestNG.initAndRun(RemoteTestNG.java:251)
	at org.testng.remote.RemoteTestNG.main(RemoteTestNG.java:77)
ERROR main com.framework.asserts.AssertionHandler - False returned
java.lang.AssertionError: expected [true] but found [false]
	at org.testng.Assert.fail(Assert.java:93)
	at org.testng.Assert.failNotEquals(Assert.java:512)
	at org.testng.Assert.assertTrue(Assert.java:41)
	at org.testng.Assert.assertTrue(Assert.java:51)
	at com.framework.asserts.AssertionHandler.verifyTrue(AssertionHandler.java:48)
	at com.sc.pages.ReportsPage.validateGSASaleReportable(ReportsPage.java:82)
	at com.sc.stepdefination.ReportsStepDefination.validateGSASaleReportable(ReportsStepDefination.java:58)
	at sun.reflect.NativeMethodAccessorImpl.invoke0(Native Method)
	at sun.reflect.NativeMethodAccessorImpl.invoke(NativeMethodAccessorImpl.java:62)
	at sun.reflect.DelegatingMethodAccessorImpl.invoke(DelegatingMethodAccessorImpl.java:43)
	at java.lang.reflect.Method.invoke(Method.java:498)
	at cucumber.runtime.Utils$1.call(Utils.java:40)
	at cucumber.runtime.Timeout.timeout(Timeout.java:16)
	at cucumber.runtime.Utils.invoke(Utils.java:34)
	at cucumber.runtime.java.JavaStepDefinition.execute(JavaStepDefinition.java:38)
	at cucumber.runtime.StepDefinitionMatch.runStep(StepDefinitionMatch.java:37)
	at cucumber.runtime.Runtime.runStep(Runtime.java:300)
	at cucumber.runtime.model.StepContainer.runStep(StepContainer.java:44)
	at cucumber.runtime.model.StepContainer.runSteps(StepContainer.java:39)
	at cucumber.runtime.model.CucumberScenario.run(CucumberScenario.java:44)
	at cucumber.runtime.model.CucumberFeature.run(CucumberFeature.java:165)
	at cucumber.runtime.Runtime.run(Runtime.java:122)
	at com.framework.cucumber.helper.TestNGRunnerHelper.runTestNG(TestNGRunnerHelper.java:49)
	at com.sc.testrunner.TestNGTestRunner.runFeatures(TestNGTestRunner.java:43)
	at sun.reflect.NativeMethodAccessorImpl.invoke0(Native Method)
	at sun.reflect.NativeMethodAccessorImpl.invoke(NativeMethodAccessorImpl.java:62)
	at sun.reflect.DelegatingMethodAccessorImpl.invoke(DelegatingMethodAccessorImpl.java:43)
	at java.lang.reflect.Method.invoke(Method.java:498)
	at org.testng.internal.MethodInvocationHelper.invokeMethod(MethodInvocationHelper.java:108)
	at org.testng.internal.Invoker.invokeMethod(Invoker.java:661)
	at org.testng.internal.Invoker.invokeTestMethod(Invoker.java:869)
	at org.testng.internal.Invoker.invokeTestMethods(Invoker.java:1193)
	at org.testng.internal.TestMethodWorker.invokeTestMethods(TestMethodWorker.java:126)
	at org.testng.internal.TestMethodWorker.run(TestMethodWorker.java:109)
	at org.testng.TestRunner.privateRun(TestRunner.java:744)
	at org.testng.TestRunner.run(TestRunner.java:602)
	at org.testng.SuiteRunner.runTest(SuiteRunner.java:380)
	at org.testng.SuiteRunner.runSequentially(SuiteRunner.java:375)
	at org.testng.SuiteRunner.privateRun(SuiteRunner.java:340)
	at org.testng.SuiteRunner.run(SuiteRunner.java:289)
	at org.testng.SuiteRunnerWorker.runSuite(SuiteRunnerWorker.java:52)
	at org.testng.SuiteRunnerWorker.run(SuiteRunnerWorker.java:86)
	at org.testng.TestNG.runSuitesSequentially(TestNG.java:1301)
	at org.testng.TestNG.runSuitesLocally(TestNG.java:1226)
	at org.testng.TestNG.runSuites(TestNG.java:1144)
	at org.testng.TestNG.run(TestNG.java:1115)
	at org.testng.remote.AbstractRemoteTestNG.run(AbstractRemoteTestNG.java:115)
	at org.testng.remote.RemoteTestNG.initAndRun(RemoteTestNG.java:251)
	at org.testng.remote.RemoteTestNG.main(RemoteTestNG.java:77)
ERROR main com.framework.handlers.ElementHandler - Unable to click on the element: Proxy element for: DefaultElementLocator 'By.xpath: //input[@value=' New ' and @name='new']'
 Expected condition failed: waiting for element to be clickable: Proxy element for: DefaultElementLocator 'By.xpath: //input[@value=' New ' and @name='new']' (tried for 15 second(s) with 500 milliseconds interval)
ERROR main com.framework.handlers.ElementHandler - Unable to click on the element: Proxy element for: DefaultElementLocator 'By.xpath: //input[@value=' New ' and @name='new']'
 Expected condition failed: waiting for element to be clickable: Proxy element for: DefaultElementLocator 'By.xpath: //input[@value=' New ' and @name='new']' (tried for 15 second(s) with 500 milliseconds interval)
ERROR main com.framework.handlers.ElementHandler - Unable to select value from the dropdown:[[ChromeDriver: chrome on XP (43ffcbc9df51831b9e5f17fa71c71d8e)] -> xpath: //td[text()='Organisation Type']//..//select]
 element not interactable: Element is not currently visible and may not be manipulated
  (Session info: chrome=76.0.3809.100)
  (Driver info: chromedriver=72.0.3626.69 (3c16f8a135abc0d4da2dff33804db79b849a7c38),platform=Windows NT 10.0.15063 x86_64) (WARNING: The server did not provide any stacktrace information)
Command duration or timeout: 0 milliseconds
Build info: version: '3.141.59', revision: 'e82be7d358', time: '2018-11-14T08:17:03'
System info: host: 'TP3VDIW10DEV205', ip: '10.25.6.248', os.name: 'Windows 10', os.arch: 'amd64', os.version: '10.0', java.version: '1.8.0_201'
Driver info: org.openqa.selenium.chrome.ChromeDriver
Capabilities {acceptInsecureCerts: false, acceptSslCerts: false, applicationCacheEnabled: false, browserConnectionEnabled: false, browserName: chrome, chrome: {chromedriverVersion: 72.0.3626.69 (3c16f8a135abc..., userDataDir: C:\Users\UX014784\AppData\L...}, cssSelectorsEnabled: true, databaseEnabled: false, goog:chromeOptions: {debuggerAddress: localhost:55096}, handlesAlerts: true, hasTouchScreen: false, javascriptEnabled: true, locationContextEnabled: true, mobileEmulationEnabled: false, nativeEvents: true, networkConnectionEnabled: false, pageLoadStrategy: normal, platform: XP, platformName: XP, proxy: Proxy(), rotatable: false, setWindowRect: true, takesHeapSnapshot: true, takesScreenshot: true, timeouts: {implicit: 0, pageLoad: 300000, script: 30000}, unexpectedAlertBehaviour: ignore, unhandledPromptBehavior: ignore, version: 76.0.3809.100, webStorageEnabled: true}
Session ID: 43ffcbc9df51831b9e5f17fa71c71d8e
ERROR main com.framework.handlers.ElementHandler - Unable to click on the element: Proxy element for: DefaultElementLocator 'By.xpath: //a[text()='Edit']'
 Expected condition failed: waiting for element to be clickable: Proxy element for: DefaultElementLocator 'By.xpath: //a[text()='Edit']' (tried for 15 second(s) with 500 milliseconds interval)
ERROR main com.framework.handlers.ElementHandler - Unable to click on the element: Proxy element for: DefaultElementLocator 'By.xpath: //a[text()='Edit']'
 Expected condition failed: waiting for element to be clickable: Proxy element for: DefaultElementLocator 'By.xpath: //a[text()='Edit']' (tried for 15 second(s) with 500 milliseconds interval)
INFO main com.framework.handlers.PopUpHandler - Switching to alert
ERROR main com.framework.handlers.ElementHandler - Unable to click on the element: Proxy element for: DefaultElementLocator 'By.xpath: //a[text()='Edit']'
 Expected condition failed: waiting for element to be clickable: Proxy element for: DefaultElementLocator 'By.xpath: //a[text()='Edit']' (tried for 15 second(s) with 500 milliseconds interval)
INFO main com.framework.handlers.PopUpHandler - Switching to alert
INFO main com.framework.handlers.PopUpHandler - Switching to alert
INFO main com.framework.handlers.PopUpHandler - Switching to alert
INFO main com.framework.handlers.PopUpHandler - Switching to alert
INFO main com.framework.handlers.PopUpHandler - Switching to alert
INFO main com.framework.config.PropertiesRepository - List of files to load : global-override.properties,testdata.properties
INFO main com.framework.config.PropertiesRepository - Loading property file : global-override.properties
INFO main com.framework.config.PropertiesRepository - Loading property file : testdata.properties
INFO main com.framework.config.PropertiesRepository - Loading property file : global.properties
INFO main com.framework.config.PropertiesRepository - Loading property file : log4j.properties
INFO main com.framework.config.PropertiesRepository - Loading property file : log4j-h.properties
INFO main com.framework.handlers.PopUpHandler - Switching to alert
INFO main com.framework.handlers.PopUpHandler - Switching to alert
INFO main com.framework.handlers.PopUpHandler - Switching to alert
INFO main com.framework.handlers.PopUpHandler - Switching to alert
INFO main com.framework.handlers.PopUpHandler - Switching to alert
INFO main com.framework.handlers.PopUpHandler - Switching to alert
ERROR main com.framework.handlers.ElementHandler - Unable to click on the element: Proxy element for: DefaultElementLocator 'By.xpath: //input[@value=' New ' and @name='new']'
 Expected condition failed: waiting for element to be clickable: Proxy element for: DefaultElementLocator 'By.xpath: //input[@value=' New ' and @name='new']' (tried for 15 second(s) with 500 milliseconds interval)
ERROR main com.framework.handlers.ElementHandler - Unable to click on the element: Proxy element for: DefaultElementLocator 'By.xpath: //input[@value=' New ' and @name='new']'
 Expected condition failed: waiting for element to be clickable: Proxy element for: DefaultElementLocator 'By.xpath: //input[@value=' New ' and @name='new']' (tried for 15 second(s) with 500 milliseconds interval)
ERROR main com.framework.handlers.ElementHandler - Unable to select value from the dropdown:[[ChromeDriver: chrome on XP (d1a0b0275eabe6480ac36db280b5ba6c)] -> xpath: //td[text()='Organisation Type']//..//select]
 element not interactable: Element is not currently visible and may not be manipulated
  (Session info: chrome=76.0.3809.100)
  (Driver info: chromedriver=72.0.3626.69 (3c16f8a135abc0d4da2dff33804db79b849a7c38),platform=Windows NT 10.0.15063 x86_64) (WARNING: The server did not provide any stacktrace information)
Command duration or timeout: 0 milliseconds
Build info: version: '3.141.59', revision: 'e82be7d358', time: '2018-11-14T08:17:03'
System info: host: 'TP3VDIW10DEV205', ip: '10.25.6.248', os.name: 'Windows 10', os.arch: 'amd64', os.version: '10.0', java.version: '1.8.0_201'
Driver info: org.openqa.selenium.chrome.ChromeDriver
Capabilities {acceptInsecureCerts: false, acceptSslCerts: false, applicationCacheEnabled: false, browserConnectionEnabled: false, browserName: chrome, chrome: {chromedriverVersion: 72.0.3626.69 (3c16f8a135abc..., userDataDir: C:\Users\UX014784\AppData\L...}, cssSelectorsEnabled: true, databaseEnabled: false, goog:chromeOptions: {debuggerAddress: localhost:63877}, handlesAlerts: true, hasTouchScreen: false, javascriptEnabled: true, locationContextEnabled: true, mobileEmulationEnabled: false, nativeEvents: true, networkConnectionEnabled: false, pageLoadStrategy: normal, platform: XP, platformName: XP, proxy: Proxy(), rotatable: false, setWindowRect: true, takesHeapSnapshot: true, takesScreenshot: true, timeouts: {implicit: 0, pageLoad: 300000, script: 30000}, unexpectedAlertBehaviour: ignore, unhandledPromptBehavior: ignore, version: 76.0.3809.100, webStorageEnabled: true}
Session ID: d1a0b0275eabe6480ac36db280b5ba6c
ERROR main com.framework.handlers.ElementHandler - Unable to click on the element: Proxy element for: DefaultElementLocator 'By.xpath: //a[text()='Edit']'
 Expected condition failed: waiting for element to be clickable: Proxy element for: DefaultElementLocator 'By.xpath: //a[text()='Edit']' (tried for 15 second(s) with 500 milliseconds interval)
ERROR main com.framework.handlers.ElementHandler - Unable to click on the element: Proxy element for: DefaultElementLocator 'By.xpath: //a[text()='Edit']'
 Expected condition failed: waiting for element to be clickable: Proxy element for: DefaultElementLocator 'By.xpath: //a[text()='Edit']' (tried for 15 second(s) with 500 milliseconds interval)
INFO main com.framework.handlers.PopUpHandler - Switching to alert
INFO main com.framework.handlers.PopUpHandler - Switching to alert
INFO main com.framework.handlers.PopUpHandler - Switching to alert
